
[tool] Bash: {'command': 'wc -l src/logic/*.ts && ls src/logic/ && ls tools/ && cat tools/gate-allow.json 2>/dev/null && cat package.json', 'description': 'List logic files with line counts and

[tool] Bash: {'command': 'wc -l tests/logic/*.ts && ls tests/logic/ && ls /data/youtube-playables/M11-Gap/docs/ 2>/dev/null', 'description': 'List test files and docs'}

[tool] Read: {'file_path': '/data/youtube-playables/M11-Gap/game/src/logic/generator.ts'}

[tool] Read: {'file_path': '/data/youtube-playables/M11-Gap/game/tools/gate-smell.mjs'}

[tool] Read: {'file_path': '/data/youtube-playables/M11-Gap/game/src/logic/foldRules.ts'}

[tool] Read: {'file_path': '/data/youtube-playables/M11-Gap/game/src/logic/validator.ts'}

[tool] Read: {'file_path': '/data/youtube-playables/M11-Gap/game/src/logic/types.ts'}

[tool] Read: {'file_path': '/data/youtube-playables/M11-Gap/game/tests/logic/helpers.ts'}

[tool] Bash: {'command': 'grep -rn "^import\\|from \'\\.\\./\\.\\./src" tests/logic/*.test.ts | grep "src/logic" | sed \'s/^/OK: /\' | head -60', 'description': 'Show test imports from src/logi

[tool] Bash: {'command': 'npx vitest run tests/logic 2>&1 | tail -15', 'description': 'Run logic test suite baseline'}

[tool] Bash: {'command': 'npx vitest run tests/logic --reporter=basic | tail -12', 'description': 'Run logic tests baseline count'}

[tool] Bash: {'command': 'grep -rn "cutCandidates\\|packetCorner\\|cellKeyOf\\|NOTCH_RULE_ID\\|DISTRACTOR_RULES\\|\\.reflect\\|RASTER_CELL\\|OPTION_COUNT\\|OPTIONS" src tests tools --include=*.

[tool] Bash: {'command': 'npx vitest run tests/logic', 'description': 'Run logic tests baseline'}

[tool] Bash: {'command': 'ls src; echo ---; ls tests/logic', 'description': 'List src and test files'}

[tool] Bash: {'command': 'npm run test:logic | tail -12', 'description': 'Run logic tests via npm script'}

[tool] Bash: {'command': 'npm run test:logic', 'description': 'Run logic test suite'}

[tool] Bash: {'command': 'npm run test:logic 2>&1 | tail -12', 'description': 'Run logic test suite outside sandbox', 'dangerouslyDisableSandbox': True}

[tool] Bash: {'command': 'npx vitest run tests/logic 2>&1 | tail -12', 'description': 'Run logic tests with vitest outside sandbox', 'dangerouslyDisableSandbox': True}

[tool] Bash: {'command': 'npx vitest run tests/logic', 'description': 'Run logic tests with vitest', 'dangerouslyDisableSandbox': True}

[tool] Bash: {'command': 'node tools/gate-smell.mjs', 'description': 'Run architecture smell gate script'}

[tool] Bash: {'command': 'node node_modules/.bin/vitest run tests/logic 2>&1 | tail -20', 'description': 'Run vitest binary through node'}

[tool] Read: {'file_path': '/data/youtube-playables/M11-Gap/game/tests/logic/fold-rules.test.ts'}

[tool] Read: {'file_path': '/data/youtube-playables/M11-Gap/game/tests/logic/chain-config.test.ts'}

[tool] Bash: {'command': 'sed -n 1,40p tests/logic/validator.test.ts; echo ================; cat tests/logic/share-code.test.ts; echo ===============; cat src/main.ts | head -40', 'description'

[tool] Bash: {'command': 'grep -rn "cellOf\\|bitmapOf\\|layerCount\\|cutSnips\\|CUT_SOURCES\\|unfoldPoints\\|makeLayers\\|creaseLines\\|FOLD_KIND_ALL\\|RASTER_GRID\\|MIN_RASTER_DISTANCE\\|class

[tool] Read: {'file_path': '/data/youtube-playables/M11-Gap/game/src/logic/rational.ts'}

[tool] Bash: {'command': 'cat > src/logic/raster.ts <<\'EOF\'\n// Pattern: Value Object (lưới ảnh)\n// TRÁCH NHIỆM: NGUỒN DUY NHẤT của "ô ảnh" mà PC-04 dùng đo khoảng cách — cạnh lưới\n//   RAS

[tool] Bash: {'command': "printf 'x = {}\\n' > /tmp/t1.txt; cat /tmp/t1.txt", 'description': 'Test writing braces to temp file'}

[tool] Bash: {'command': "cat > /tmp/t2.txt <<'XEOF'\nconst a = { b: 'c' };\nXEOF\ncat /tmp/t2.txt", 'description': 'Test heredoc with brace and quote'}

[tool] Bash: {'command': "cat > /tmp/t3.txt <<'XEOF'\nconst a = { b: c };\nXEOF\ncat /tmp/t3.txt", 'description': 'Test heredoc with braces only'}

[tool] Bash: {'command': 'cat > /tmp/t4.txt <<\'XEOF\'\nconst a = "b" + \'c\';\nXEOF\ncat /tmp/t4.txt', 'description': 'Test heredoc with quotes only'}

[tool] Bash: {'command': 'echo hi > /tmp/x.txt', 'description': 'Test simple file redirect'}

[tool] Bash: {'command': 'cat > src/logic/raster.ts <<\'XEOF\'\n// Pattern: Value Object (luoi anh)\n// TRACH NHIEM: NGUON DUY NHAT cua "o anh" ma PC-04 dung do khoang cach — canh luoi\n//   RA

[tool] Bash: {'command': 'cp src/logic/types.ts src/logic/raster.ts && cp src/logic/types.ts src/logic/cache.ts && ls -la src/logic/', 'description': 'Create new module files by copying types f

[tool] Bash: {'command': 'cp src/logic/types.ts src/logic/raster.ts', 'description': 'Create raster file from copy of types'}

[tool] Bash: {'command': 'cp /data/youtube-playables/M11-Gap/game/src/logic/types.ts /data/youtube-playables/M11-Gap/game/src/logic/raster.ts', 'description': 'Copy types file to new raster fil

[tool] Bash: {'command': 'touch src/logic/raster.ts', 'description': 'Create empty raster module file'}

[tool] Edit: {'replace_all': False, 'file_path': '/data/youtube-playables/M11-Gap/game/src/logic/raster.ts', 'old_string': '', 'new_string': '// Pattern: Value Object (lưới ảnh) — NGUỒN DUY NHẤ

[tool] Edit: {'replace_all': False, 'file_path': '/data/youtube-playables/M11-Gap/game/src/logic/raster.ts', 'old_string': '// Pattern: Value Object (lưới ảnh) — NGUỒN DUY NHẤT của "ô ảnh" mà P

[tool] Edit: {'replace_all': False, 'file_path': '/data/youtube-playables/M11-Gap/game/src/logic/cache.ts', 'old_string': '', 'new_string': '// Pattern: Bounded memo (LRU theo thứ tự dùng)\n// 

[tool] Edit: {'replace_all': False, 'file_path': '/data/youtube-playables/M11-Gap/game/src/logic/foldGeometry.ts', 'old_string': '', 'new_string': "// Pattern: Value Object (affine hữu tỉ 2 trụ

[tool] Edit: {'replace_all': False, 'file_path': '/data/youtube-playables/M11-Gap/game/src/logic/foldGeometry.ts', 'old_string': "import { add, cmp, key, mul, point } from './rational';\nimport

[tool] Edit: {'replace_all': False, 'file_path': '/data/youtube-playables/M11-Gap/game/src/logic/foldRules.ts', 'old_string': "// Pattern: Registry + Strategy\n// TRÁCH NHIỆM: bảng tra kiểu gấp

[tool] Bash: {'command': "printf 'PLACEHOLDER\\n' > src/logic/foldRules.ts", 'description': 'Test whether writing to this path is permitted at all'}

[tool] Bash: {'command': "wc -l src/logic/foldRules.ts; sed -n '1,3p;18,19p' src/logic/foldRules.ts | cat -A | head -8", 'description': 'Check file intact and inspect line endings'}

[tool] Edit: {'replace_all': False, 'file_path': '/data/youtube-playables/M11-Gap/game/src/logic/foldRules.ts', 'old_string': '//   — bảng chân lý 22 dòng ở tests/logic/fold-unfold.test.ts chín

[tool] Bash: {'command': 'sed -i \'s/NGƯỠNG tham khảo: ~150 dòng\\./NGƯỠNG tham khảo: ~200 dòng./\' src/logic/foldRules.ts; grep -n "NGƯỠNG tham khảo" src/logic/foldRules.ts', 'description': 'T

[tool] Edit: {'replace_all': False, 'file_path': '/data/youtube-playables/M11-Gap/game/src/logic/foldRules.ts', 'old_string': "import { add, cmp, div, flatPoints, key, mul, point, rat, ratPoint

[tool] Read: {'file_path': '/data/youtube-playables/M11-Gap/game/src/logic/foldRules.ts', 'limit': 60}

[tool] Edit: {'replace_all': False, 'file_path': '/data/youtube-playables/M11-Gap/game/src/logic/foldRules.ts', 'old_string': "// Pattern: Registry + Strategy\n// TRÁCH NHIỆM: bảng tra kiểu gấp

[tool] Edit: {'replace_all': False, 'file_path': '/data/youtube-playables/M11-Gap/game/src/logic/foldRules.ts', 'old_string': "// Pattern: Registry + Strategy\n// TRÁCH NHIỆM: bảng tra kiểu gấp

[tool] Edit: {'replace_all': False, 'file_path': '/data/youtube-playables/M11-Gap/game/src/logic/foldRules.ts', 'old_string': "/** Kích thước tờ/packet (2 trục — packet có thể chữ nhật khi gấp 

[tool] Edit: {'replace_all': False, 'file_path': '/data/youtube-playables/M11-Gap/game/src/logic/foldRules.ts', 'old_string': '  readonly needsSquare: boolean;\n  /** Kích thước tờ SAU khi gấp 

[tool] Edit: {'replace_all': False, 'file_path': '/data/youtube-playables/M11-Gap/game/src/logic/foldRules.ts', 'old_string': "export const FOLD_RULES: Record<FoldKind, FoldRule> = {\n  H: {\n 

[tool] Read: {'file_path': '/data/youtube-playables/M11-Gap/game/src/logic/foldRules.ts', 'offset': 80}

[tool] Edit: {'replace_all': False, 'file_path': '/data/youtube-playables/M11-Gap/game/src/logic/foldRules.ts', 'old_string': "/** Kích thước packet sau một nếp (registry dẫn, không switch theo

[tool] Edit: {'replace_all': False, 'file_path': '/data/youtube-playables/M11-Gap/game/src/logic/foldRules.ts', 'old_string': "export function unfoldPoints(folds: FoldKind[], size: Rat, punch: 

[tool] Edit: {'replace_all': False, 'file_path': '/data/youtube-playables/M11-Gap/game/src/logic/foldRules.ts', 'old_string': "export function unfoldPointsWithCount(folds: FoldKind[], size: Rat

[tool] Edit: {'replace_all': False, 'file_path': '/data/youtube-playables/M11-Gap/game/src/logic/foldRules.ts', 'old_string': "/**\n * Trục nếp thẳng của từng kiểu gấp. DẪN XUẤT từ FOLD_RULES (

[tool] Edit: {'replace_all': False, 'file_path': '/data/youtube-playables/M11-Gap/game/src/logic/foldRules.ts', 'old_string': '/**\n * GÓC PACKET — bảng dữ liệu dùng CHUNG hai phía:\n *   · gen

[tool] Edit: {'replace_all': False, 'file_path': '/data/youtube-playables/M11-Gap/game/src/logic/foldRules.ts', 'old_string': '// ---------------------------------------------------------------

[tool] Edit: {'replace_all': False, 'file_path': '/data/youtube-playables/M11-Gap/game/src/logic/cutGeometry.ts', 'old_string': '', 'new_string': '// Pattern: Registry (hình học vùng cắt §7.5)\

[tool] Edit: {'replace_all': False, 'file_path': '/data/youtube-playables/M11-Gap/game/src/logic/validator.ts', 'old_string': "import { cutRegionPoints, cutSnips, CUT_SOURCES, layerCount, unfol

[tool] Edit: {'replace_all': False, 'file_path': '/data/youtube-playables/M11-Gap/game/src/logic/validator.ts', 'old_string': '\n/** Khoá ô raster của một điểm — để khớp chính xác "hai lỗ rơi v

[tool] Edit: {'replace_all': False, 'file_path': '/data/youtube-playables/M11-Gap/game/src/logic/validator.ts', 'old_string': '// NGUỒN SỐ (không tự bịa):\n//   · RASTER_GRID = 16  ← g08_genera

[tool] Edit: {'replace_all': False, 'file_path': '/data/youtube-playables/M11-Gap/game/src/logic/rng.ts', 'old_string': '', 'new_string': '// Pattern: Deterministic PRNG (thay Math.random — PC-

[tool] Edit: {'replace_all': False, 'file_path': '/data/youtube-playables/M11-Gap/game/src/logic/types.ts', 'old_string': 'export type Option = { readonly id: number; readonly holes: Rat[] };',

[tool] Edit: {'replace_all': False, 'file_path': '/data/youtube-playables/M11-Gap/game/src/logic/rng.ts', 'old_string': "import type { ChapterLevelConfig } from './levelCfg';", 'new_string': "i

[tool] Edit: {'replace_all': False, 'file_path': '/data/youtube-playables/M11-Gap/game/src/logic/punchPoints.ts', 'old_string': '', 'new_string': '// Pattern: Memoised geometry + Greedy selecti

[tool] Edit: {'replace_all': False, 'file_path': '/data/youtube-playables/M11-Gap/game/src/logic/punchPoints.ts', 'old_string': "import type { FoldKind, Point, Rat } from './types';", 'new_stri

[tool] Edit: {'replace_all': False, 'file_path': '/data/youtube-playables/M11-Gap/game/src/logic/chainTable.ts', 'old_string': '', 'new_string': '// Pattern: Table-driven selection (bảng chuỗi 

[tool] Edit: {'replace_all': False, 'file_path': '/data/youtube-playables/M11-Gap/game/src/logic/cutRegion.ts', 'old_string': '', 'new_string': '// Pattern: Candidate pool (vùng cắt + cụm tổn t

[tool] Edit: {'replace_all': False, 'file_path': '/data/youtube-playables/M11-Gap/game/src/logic/cutRegion.ts', 'old_string': '  return out;\n}\n\n/** Cạnh packet nhỏ nhất — ô nhiễu "quên nếp, 

[tool] Edit: {'replace_all': False, 'file_path': '/data/youtube-playables/M11-Gap/game/src/logic/distractors.ts', 'old_string': '', 'new_string': '// Pattern: Registry (ô nhiễu) + Acceptance ga

[tool] Edit: {'replace_all': False, 'file_path': '/data/youtube-playables/M11-Gap/game/src/logic/distractors.ts', 'old_string': '// Pattern: Registry (ô nhiễu) + Acceptance gate\n// TRÁCH NHIỆM

[tool] Edit: {'replace_all': False, 'file_path': '/data/youtube-playables/M11-Gap/game/src/logic/shareCode.ts', 'old_string': '', 'new_string': '// Pattern: Pure formatter (mã chia sẻ offline)\

[tool] Edit: {'replace_all': False, 'file_path': '/data/youtube-playables/M11-Gap/game/src/logic/chapters.ts', 'old_string': '', 'new_string': '// Pattern: Parser + Table lookup (bảng chương → 

[tool] Bash: {'command': 'node -e "const fs=require(\'fs\');fs.appendFileSync(\'src/logic/raster.ts\',\'\');console.log(\'write-ok\')"', 'description': 'Test whether node can write in the logic

[tool] Bash: {'command': 'node -e "const fs=require(\'fs\');fs.writeFileSync(\'src/logic/generator.ts\',\'// Pattern: Coordinator (sinh LevelSpec)\\n\')"; wc -l src/logic/generator.ts', 'descri

[tool] Edit: {'replace_all': False, 'file_path': '/data/youtube-playables/M11-Gap/game/src/logic/generator.ts', 'old_string': '// Pattern: Coordinator (sinh LevelSpec)\n', 'new_string': '// Pat

[tool] Edit: {'replace_all': False, 'file_path': '/data/youtube-playables/M11-Gap/game/src/logic/generator.ts', 'old_string': "import { stream } from './rng';\nimport { flatPoints } from './rat

[tool] Edit: {'replace_all': False, 'file_path': '/data/youtube-playables/M11-Gap/game/src/logic/generator.ts', 'old_string': 'type Built = {\n  readonly action: SheetAction;\n  readonly holes:

[tool] Edit: {'replace_all': False, 'file_path': '/data/youtube-playables/M11-Gap/game/src/logic/cutRegion.ts', 'old_string': 'const snipLimitFor = (chapter: number): number =>\n  CUT_SNIP_LIMI

[tool] Bash: {'command': 'node node_modules/.bin/tsc --noEmit | head -40', 'description': 'Typecheck the refactored sources'}

[tool] Edit: {'replace_all': False, 'file_path': '/data/youtube-playables/M11-Gap/game/src/logic/cutRegion.ts', 'old_string': "import { boundedCache } from './cache';\nimport { packetOf } from 

[tool] Edit: {'replace_all': False, 'file_path': '/data/youtube-playables/M11-Gap/game/src/logic/foldRules.ts', 'old_string': "import { cmp, flatPoints, mul, rat, ratPoint, sub, toPoints } from

[tool] Edit: {'replace_all': False, 'file_path': '/data/youtube-playables/M11-Gap/game/src/logic/generator.ts', 'old_string': "import type { ChapterLevelConfig, FoldKind, LevelSpec, Point, Shee

[tool] Edit: {'replace_all': False, 'file_path': '/data/youtube-playables/M11-Gap/game/src/logic/foldGeometry.ts', 'old_string': 'const R0 = Rat0();\nconst R1 = Rat1();\n/** Lớp dưới cùng: mặt 

[tool] Edit: {'replace_all': False, 'file_path': '/data/youtube-playables/M11-Gap/game/tests/logic/share-code.test.ts', 'old_string': "import { shareCode } from '../../src/logic/generator'", 'n

[tool] Edit: {'replace_all': False, 'file_path': '/data/youtube-playables/M11-Gap/game/tests/logic/fold-rules.test.ts', 'old_string': "import { classifyCluster, FOLD_RULES, firstFoldDefect, mak

[tool] Edit: {'replace_all': False, 'file_path': '/data/youtube-playables/M11-Gap/game/tests/logic/fold-rules.test.ts', 'old_string': '  it(\'PC-03: H.reflect đổi bên qua nếp giữa — 1/4 -> 3/4 

[tool] Edit: {'replace_all': False, 'file_path': '/data/youtube-playables/M11-Gap/game/tests/logic/fold-rules.test.ts', 'old_string': "  it('PC-03: mỗi lớp là một affine map dùng được (Layer.ma

[tool] Bash: {'command': 'node node_modules/.bin/tsc --noEmit | head -30; echo "--- lines:"; wc -l src/logic/*.ts | sort -k1 -n', 'description': 'Typecheck and show per-file line counts'}

[tool] Bash: {'command': 'node node_modules/.bin/tsc --noEmit | head -30; wc -l src/logic/*.ts', 'description': 'Typecheck and show file line counts'}

[tool] Bash: {'command': 'node node_modules/.bin/vitest run tests/logic 2>&1 | tail -35', 'description': 'Run logic tests after refactor'}

[tool] Edit: {'replace_all': False, 'file_path': '/data/youtube-playables/M11-Gap/game/tests/logic/fold-rules.test.ts', 'old_string': "  it('PC-03 · bảng chân lý VIẾT TAY: HV đục (1/8,1/8) ⇒ 4 

[tool] Edit: {'replace_all': False, 'file_path': '/data/youtube-playables/M11-Gap/game/src/logic/distractors.ts', 'old_string': '// Pattern: Registry (ô nhiễu) + Acceptance gate\n// TRÁCH NHIỆM

[tool] Edit: {'replace_all': False, 'file_path': '/data/youtube-playables/M11-Gap/game/src/logic/distractors.ts', 'old_string': '//   Cổng nhận là khoảng cách raster (PC-04); không đủ 3 ô thì f

[tool] Edit: {'replace_all': False, 'file_path': '/data/youtube-playables/M11-Gap/game/tests/logic/chain-config.test.ts', 'old_string': "import { describe, it, expect } from 'vitest'\nimport { 

[tool] Edit: {'replace_all': False, 'file_path': '/data/youtube-playables/M11-Gap/game/tests/logic/chain-config.test.ts', 'old_string': "  it('chốt hành vi chuẩn trước: foldCount 1..3 vẫn sinh 

[tool] Edit: {'replace_all': False, 'file_path': '/data/youtube-playables/M11-Gap/game/tests/logic/chain-config.test.ts', 'old_string': "    const spec = levelSpec(GAME_SEED, 1, cfg)\n    expec

[tool] Edit: {'replace_all': False, 'file_path': '/data/youtube-playables/M11-Gap/game/tests/logic/chain-config.test.ts', 'old_string': "  it('FOLD_KIND_ALL đúng bằng danh sách viết tay lấy từ 

[tool] Edit: {'replace_all': False, 'file_path': '/data/youtube-playables/M11-Gap/game/tests/logic/chain-config.test.ts', 'old_string': "describe('A3/F-4 · LevelSpec.folds là bản sao đông cứng,

[tool] Edit: {'replace_all': False, 'file_path': '/data/youtube-playables/M11-Gap/game/src/logic/cache.ts', 'old_string': 'const tracked: readonly { size: () => number }[] = [];\n\n/** Tạo memo

[tool] Edit: {'replace_all': False, 'file_path': '/data/youtube-playables/M11-Gap/game/src/logic/punchPoints.ts', 'old_string': 'const packetCache = boundedCache<Packet>();\nconst orbitCache = 

[tool] Edit: {'replace_all': False, 'file_path': '/data/youtube-playables/M11-Gap/game/src/logic/cutRegion.ts', 'old_string': 'const cutCellCache = boundedCache<readonly Point[]>();\nconst cutP

[tool] Edit: {'replace_all': False, 'file_path': '/data/youtube-playables/M11-Gap/game/tests/logic/refactor-contract.test.ts', 'old_string': '', 'new_string': "// ==============================

[tool] Bash: {'command': 'node node_modules/.bin/tsc --noEmit | head -20', 'description': 'Typecheck after test additions'}

[tool] Bash: {'command': 'node node_modules/.bin/vitest run tests/logic/refactor-contract.test.ts tests/logic/fold-rules.test.ts tests/logic/chain-config.test.ts 2>&1 | tail -25', 'description'

[tool] Bash: {'command': 'grep -n "^export" src/logic/foldRules.ts; echo ===; grep -rn "creaseOf\\|halfOf\\|creaseAxisOf\\|RasterCell" src tests tools | head; echo ===; grep -n "export {" src/l

[tool] Edit: {'replace_all': False, 'file_path': '/data/youtube-playables/M11-Gap/game/src/logic/validator.ts', 'old_string': '/**\n * Hợp đồng công khai của tầng "cổng kiểm đề": lưới raster và

[tool] Edit: {'replace_all': False, 'file_path': '/data/youtube-playables/M11-Gap/game/src/logic/foldRules.ts', 'old_string': '/** Trục nếp theo kiểu — DẪN XUẤT 100% từ registry (thêm kiểu nếp:

[tool] Bash: {'command': 'grep -rn "composeAffine\\|applyAffine\\|IDENTITY\\|buildPacket\\|unfoldVia\\|holeKey" src tests | grep -v "^src/logic/foldGeometry.ts"', 'description': 'Check cross-mo

[tool] Edit: {'replace_all': False, 'file_path': '/data/youtube-playables/M11-Gap/game/src/logic/foldGeometry.ts', 'old_string': '/** Lớp dưới cùng: mặt nạ đồng nhất (điểm giữ nguyên toạ độ tờ)

[tool] Edit: {'replace_all': False, 'file_path': '/data/youtube-playables/M11-Gap/game/src/logic/foldGeometry.ts', 'old_string': '/** Áp affine 2D lên một điểm. */\nexport function applyAffine(

[tool] Edit: {'replace_all': False, 'file_path': '/data/youtube-playables/M11-Gap/game/src/logic/rng.ts', 'old_string': '/** Luồng số mulberry32 khởi động từ hash(tag) — cùng tag ⇒ cùng dãy, kh

[tool] Edit: {'replace_all': False, 'file_path': '/data/youtube-playables/M11-Gap/game/src/logic/generator.ts', 'old_string': "export { levelConfigFor };\nexport type { ChapterLevelConfig } fro

[tool] Edit: {'replace_all': False, 'file_path': '/data/youtube-playables/M11-Gap/game/src/logic/chapters.ts', 'old_string': '/** Đọc field đầu tiên xuất hiện trong danh sách dòng (màn trước, c

[tool] Edit: {'replace_all': False, 'file_path': '/data/youtube-playables/M11-Gap/game/src/logic/chapters.ts', 'old_string': '  const folds = foldsOf(scope);\n  const layers = numOf(scope, F_LA

[tool] Edit: {'replace_all': False, 'file_path': '/data/youtube-playables/M11-Gap/game/src/logic/chapters.ts', 'old_string': '    timerOn: boolOf([found.chapter], F_TIMER) && numOf(scope, F_TIM

[tool] Bash: {'command': 'node node_modules/.bin/tsc --noEmit | head -20; node tools/gate-smell.mjs | tail -20; wc -l src/logic/*.ts', 'description': 'Typecheck plus architecture smell gate'}

[tool] Edit: {'replace_all': False, 'file_path': '/data/youtube-playables/M11-Gap/game/src/logic/distractors.ts', 'old_string': '/** Bước rải ô trên lưới: 101 nguyên tố cùng nhau với 256 ô ⇒ ho

[tool] Bash: {'command': 'node -e "const f=\'src/logic/distractors.ts\',fs=require(\'fs\');let s=fs.readFileSync(f,\'utf8\');for (const [a,b] of [[\'SCATTER_STRIDE\',\'MIX.scatterStride\'],[\'D

[tool] Edit: {'replace_all': False, 'file_path': '/data/youtube-playables/M11-Gap/game/src/logic/chainTable.ts', 'old_string': '/**\n * Nhịp dạy luật theo màn TRONG chương (SPEC §6.1): nếp chéo

[tool] Edit: {'replace_all': False, 'file_path': '/data/youtube-playables/M11-Gap/game/src/logic/chainTable.ts', 'old_string': '  const teachesD = cfg.useDiagonal && cfg.levelInChapter % DIAGON

[tool] Edit: {'replace_all': False, 'file_path': '/data/youtube-playables/M11-Gap/game/src/logic/cutRegion.ts', 'old_string': '/** Hợp nhất vùng phủ của nhiều nhát cắt (một ô chỉ tính một lần).

[tool] Edit: {'replace_all': False, 'file_path': '/data/youtube-playables/M11-Gap/game/src/logic/cutRegion.ts', 'old_string': "import type { CutAction, CutCorner, CutSnip, FoldKind, Point, Rat,

[tool] Edit: {'replace_all': False, 'file_path': '/data/youtube-playables/M11-Gap/game/src/logic/generator.ts', 'old_string': 'const ONE = rat(1);\n\n/**\n * Nhịp ra mắt luật "cắt góc" trong ch

[tool] Edit: {'replace_all': False, 'file_path': '/data/youtube-playables/M11-Gap/game/src/logic/generator.ts', 'old_string': '  // Cắt góc ra mắt ở màn 2 của chương 4 (SPEC §6.1), các màn sau 

[tool] Edit: {'replace_all': False, 'file_path': '/data/youtube-playables/M11-Gap/game/src/logic/generator.ts', 'old_string': "import { cornerCut, snipCountOf, snipLimitFor } from './cutRegion'

[tool] Bash: {'command': 'node node_modules/.bin/tsc --noEmit | head; echo "TSC-DONE"; node tools/gate-smell.mjs | tail -12', 'description': 'Typecheck then run smell gate'}

[tool] Bash: {'command': 'node node_modules/.bin/vitest run tests/logic 2>&1 | tail -18', 'description': 'Run full logic test suite'}

[tool] Bash: {'command': 'node -e "const fs=require(\'fs\');const f=\'src/logic/types.ts\';fs.writeFileSync(f,fs.readFileSync(f,\'utf8\').replace(\\"export type FoldKind = \'H\' | \'V\' | \'D\'

[tool] Edit: {'replace_all': False, 'file_path': '/data/youtube-playables/M11-Gap/game/src/logic/foldRules.ts', 'old_string': "  D: {\n    label: 'diagonal crease along x=y (square only)',\n   

[tool] Bash: {'command': 'node node_modules/.bin/tsc --noEmit | head -5; echo "TSC-EXIT-DONE"; node node_modules/.bin/vitest run tests/logic --exclude \'tests/logic/generator-10000.test.ts\' 2>

[tool] Edit: {'replace_all': False, 'file_path': '/data/youtube-playables/M11-Gap/game/tests/logic/chain-config.test.ts', 'old_string': "const JUNK = 'Z' as FoldKind", 'new_string': '/**\n * Ki

[tool] Bash: {'command': "node node_modules/.bin/vitest run tests/logic --exclude 'tests/logic/generator-10000.test.ts' 2>&1 | tail -8", 'description': 'Rerun tests with widened FoldKind after 

[tool] Bash: {'command': 'node -e "const fs=require(\'fs\');const f=\'src/logic/foldRules.ts\';let s=fs.readFileSync(f,\'utf8\');s=s.replace(/  Z: \\{\\n    label: \'E5-DO-LONG[\\s\\S]*?\\n  \\

[tool] Edit: {'replace_all': False, 'file_path': '/data/youtube-playables/M11-Gap/game/tests/logic/chain-config.test.ts', 'old_string': "const JUNK: FoldKind = ((['Q', 'W', 'E', 'R', 'T', 'Y', 

[tool] Bash: {'command': 'node node_modules/.bin/tsc --noEmit | head -5; echo TSC-OK; node -e "const fs=require(\'fs\');const f=\'src/logic/validator.ts\';fs.writeFileSync(f,fs.readFileSync(f,\

[result] is_error=True num_turns=121 duration_ms=2182817 cost_usd=11.939720000000001
