
> paper-crease@0.1.0 gate
> npm run typecheck && npm run test:logic && node tools/gate-smell.mjs


> paper-crease@0.1.0 typecheck
> tsc --noEmit


> paper-crease@0.1.0 test:logic
> vitest run tests/logic


 RUN  v2.1.9 /data/youtube-playables/M11-Gap/game

stdout | tests/logic/generator.test.ts > B1/F-1 · cfg.punchCount được tôn trọng tuyệt đối trên bảng chương thật 8×15 > (a) 120 màn: không màn nào sinh ÍT điểm đục hơn config, không màn nào ném oan
[B1] bảng holes_max=3: punch đủ=65 cắt=50 ném đúng lý do hình học=5 :: màn 94 DHV xin 3 > trần 2 | màn 96 DHV xin 3 > trần 2 | màn 100 DHV xin 3 > trần 2

 ✓ tests/logic/generator.test.ts (29 tests) 4536ms
   ✓ generator.levelSpec — PC-02 deterministic từ seed (TC-GEN-01, TC-GEN-02) > TC-GEN-01 · PC-02: determinism giữ nguyên khi sinh hàng loạt màn khác xen giữa (không trạng thái ẩn) 333ms
   ✓ generator.levelSpec — PC-01 tham số chương là DỮ LIỆU, không hardcode > TC-GEN-11 · PC-03 + PC-01: dải chương 4..8 CÓ xuất hiện "cắt 1 góc chéo" hợp lệ; chương 1..3 chỉ đục lỗ 518ms
   ✓ B1/F-1 · cfg.punchCount được tôn trọng tuyệt đối trên bảng chương thật 8×15 > (b) 200 seed × HV/HVH/HHV × punchCount 3..4 ⇒ hoặc đủ, hoặc NÉM nêu chain + punchCount 631ms
 ✓ tests/logic/chain-config.test.ts (27 tests) 1572ms
   ✓ A1/F-1 · chainFor cấm nuốt foldCount ngoài bảng > 200 seed liên tiếp: mọi chuỗi tuân luật, tất định, và bảng không bị hẹp đến mức chỉ ra 1 chuỗi 1153ms
 ✓ tests/logic/fold-rules.test.ts (27 tests) 185ms
 ✓ tests/logic/validator.test.ts (32 tests) 92ms
stdout | tests/logic/generator-10000.test.ts
[B1a][TC-GEN-05] generated=10000/10000 distinctSpecs=10000 punchCountBad=0 rasterBad=0 elapsedMs=27248

 ✓ tests/logic/generator-10000.test.ts (11 tests) 27271ms
 ✓ tests/logic/level-state.test.ts (17 tests) 55ms
 ✓ tests/logic/fold-unfold.test.ts (30 tests) 63ms
 ✓ tests/logic/rational.test.ts (26 tests) 28ms
 ✓ tests/logic/progression.test.ts (13 tests) 41ms
 ✓ tests/logic/hint-undo.test.ts (11 tests) 29ms
 ✓ tests/logic/level-config.test.ts (6 tests) 61ms
 ✓ tests/logic/stars.test.ts (13 tests) 22ms
 ✓ tests/logic/refactor-contract.test.ts (9 tests) 388ms
 ✓ tests/logic/validator-action.test.ts (9 tests) 98ms
 ✓ tests/logic/share-code.test.ts (7 tests) 18ms

 Test Files  15 passed (15)
      Tests  267 passed (267)
   Start at  21:35:41
   Duration  42.95s (transform 1.08s, setup 0ms, collect 1.81s, tests 34.46s, environment 5ms, prepare 2.09s)

GATE V2 — 19 file trong src/logic · max-lines=250 · dup-lines=6
KẾT QUẢ: PASS (0 vi phạm thật)
