
[tool] Bash: {'command': 'ls src/logic/ && ls tests/logic/ && ls ../harness/packs/ 2>/dev/null', 'description': 'List logic, tests and packs files'}

[tool] Bash: {'command': 'npm run typecheck 2>&1 | tail -15', 'description': 'Run typecheck gate'}

[tool] Bash: {'command': 'npm run test:logic 2>&1 | tail -25', 'description': 'Run logic test suite'}

[tool] Read: {'file_path': '/data/youtube-playables/M11-Gap/game/../harness/packs/b1b.md'}

[tool] Read: {'file_path': '/data/youtube-playables/M11-Gap/game/src/logic/levelState.ts'}

[tool] Read: {'file_path': '/data/youtube-playables/M11-Gap/game/src/logic/progression.ts'}

[tool] Bash: {'command': 'grep -nE "^import" src/logic/levelState.ts src/logic/progression.ts src/logic/stars.ts; echo ---; grep -nE "^export (function|const|type)" src/logic/stars.ts; echo ---

[tool] Bash: {'command': 'grep -rn "from \'../../src/logic/progression" tests/logic/*.ts | head; echo ---; grep -rn "startLevel\\|isChapterUnlocked(\\|win(" tests/logic/stars.test.ts tests/logi

[tool] Read: {'file_path': '/data/youtube-playables/M11-Gap/game/src/logic/stars.ts'}

[tool] Bash: {'command': 'wc -l tests/logic/level-state.test.ts tests/logic/hint-undo.test.ts tests/logic/stars.test.ts tests/logic/progression.test.ts', 'description': 'Line counts for four B1

[tool] Read: {'file_path': '/data/youtube-playables/M11-Gap/game/tests/logic/progression.test.ts'}

[tool] Bash: {'command': 'grep -nE "CAMPAIGN|revealLevel|layers|vocab|theme|timer" tests/logic/level-config.test.ts tests/logic/chain-config.test.ts 2>/dev/null | head -40', 'description': 'Gre

[tool] Bash: {'command': "sed -n '1,80p' src/logic/types.ts", 'description': 'Read types.ts head'}

[tool] Bash: {'command': 'grep -nE "^it\\(|^const |^function |from \'\\.\\./\\.\\./src" tests/logic/level-state.test.ts tests/logic/hint-undo.test.ts', 'description': 'Outline the two levelStat

[tool] Bash: {'command': "cat > /tmp/smoke.ts <<'EOF'\nimport * as LS from '/data/youtube-playables/M11-Gap/game/src/logic/levelState.ts';\nimport * as PG from '/data/youtube-playables/M11-Gap/

[tool] Bash: {'command': "node -v; cat > /tmp/hooks.mjs <<'EOF'\nimport { registerHooks } from 'node:module';\nimport { existsSync } from 'node:fs';\nimport { fileURLToPath, pathToFileURL } fro

[tool] Bash: {'command': 'cat > /tmp/b1b-fuzz.ts <<\'EOF\'\nimport {\n  LEVEL_PHASES, TRANSITIONS, initialLevelState, markReady, tap, resolve, retry,\n  nextLevel, useHint, peekFold, useUndo, a

[tool] Bash: {'command': "cat > /tmp/b1b-fuzz2.ts <<'EOF'\nimport { TRANSITIONS, initialLevelState, markReady, tap, resolve, retry, nextLevel,\n  useHint, peekFold, useUndo, advanceClock, resul

[tool] Bash: {'command': 'cat > /tmp/b1b-fuzz3.ts <<\'EOF\'\nimport * as PG from \'/data/youtube-playables/M11-Gap/game/src/logic/progression.ts\';\nimport * as ST from \'/data/youtube-playable

[tool] Bash: {'command': 'cat > /tmp/b1b-fuzz4.ts <<\'EOF\'\nimport * as PG from \'/data/youtube-playables/M11-Gap/game/src/logic/progression.ts\';\nimport * as ST from \'/data/youtube-playable

[tool] Bash: {'command': 'grep -n "face-hole\\|crease-hole\\|eight-layers\\|multi-hole\\|combo-folds\\|paper.theme\\|layers" src/logic/chapters.ts | head -25; echo ---HELPERS; grep -n "CHAPTERS

[tool] Bash: {'command': 'grep -nE "expect\\([^)]*\\)\\.(toBe|toEqual|toStrictEqual)\\((.*(PG\\.|ST\\.|LS\\.|chapterOf|revealLevel|timerEnabled|newFoldVocab|paperThemeOf|bestLevel|archetypeOf|s

[tool] Bash: {'command': 'grep -cE "expect\\(" tests/logic/level-state.test.ts tests/logic/hint-undo.test.ts tests/logic/stars.test.ts tests/logic/progression.test.ts; echo ---; grep -n "toBeDe

[tool] Read: {'file_path': '/data/youtube-playables/M11-Gap/game/tests/logic/level-state.test.ts', 'limit': 150, 'offset': 118}

[tool] Bash: {'command': 'sed -n \'1,70p\' tests/logic/stars.test.ts; echo "=== hint-undo 118-210 ==="; sed -n \'118,210p\' tests/logic/hint-undo.test.ts', 'description': 'Read stars test heade

[tool] Bash: {'command': 'cat > /tmp/b1b-fuzz5.ts <<\'EOF\'\nimport { initialLevelState, markReady, tap, resolve, nextLevel, resultOf, useUndo, retry, useHint }\n  from \'/data/youtube-playable

[tool] Bash: {'command': 'grep -n "import\\|CHAPTERS\\|levelConfigFor\\|levelSpec(" tests/logic/generator-10000.test.ts | head -12', 'description': 'Find real chapter table used by generator te

[tool] Bash: {'command': 'grep -nE "^export" src/logic/chapters.ts | head', 'description': 'List chapters.ts exports'}

[tool] Bash: {'command': "cat > /tmp/b1b-fuzz6.ts <<'EOF'\nimport * as LS from '/data/youtube-playables/M11-Gap/game/src/logic/levelState.ts';\nimport { levelSpec, levelConfigFor } from '/data/

[tool] Bash: {'command': 'cd /tmp && sed -i \'s|const real = (n: number) => levelSpec(.GAME., n, levelConfigFor(\\[TBL\\], n));|const real = (n: number) => levelSpec("GAME", n, TBL);|\' b1b-fuz
## Kết quả tấn công (script nháp `/tmp/b1b-fuzz*.ts`, import code THẬT qua loader `/tmp/hooks.mjs`, không sửa file repo)

Lệnh cổng kiểm (chỉ 2 lệnh được phép):

```
> paper-crease@0.1.0 typecheck   > tsc --noEmit          (0 lỗi)
 Test Files  15 passed (15)
      Tests  267 passed (267)
```

`grep -nE "^import" src/logic/levelState.ts src/logic/progression.ts`:
```
src/logic/levelState.ts:7:import type { FoldKind, LevelSpec, Rat } from './types';
src/logic/levelState.ts:8:import { pointKey, toPoints } from './rational';
src/logic/progression.ts: (0 import)   src/logic/stars.ts:6:import { CAMPAIGN, CAMPAIGN_LEVELS } from './progression';
```
`grep` cấm trong `src/logic/*.ts` (Math.random/Date.now/performance.now/DOM/fetch/any/@ts-ignore/console.log/NOT_IMPLEMENTED): 0 dòng thật (chỉ comment giải thích lệnh cấm).

```
KẾT LUẬN: FAIL
| mục | phán quyết | bằng chứng (file:dòng hoặc số đo) |
|---|---|---|
| F1 | **FAIL** | 12.000 chuỗi × 24 bước (seed `1000+i*7919` và `5+i*104729`, 2 vòng) + 10.000×3 vòng = **>1,4 triệu action**. Máy ném ở mọi phase ngoài phase nguồn thay vì no-op: `Z-NOOP-CONTRACT-BREAK` = nextLevel 64.925 + useUndo 64.057 + retry 63.821 + resolve 54.190 + useHint 41.896 = **288.889 lần phá hợp đồng** pack §2 dòng 32–37 ("Phase khác ⇒ nguyên trạng / no-op"). Repro: `nextLevel(markReady(initialLevelState(spec)))` → `Error: nextLevel: không chạy được ở phase ready — cần correct` (levelState.ts:187→guard 101–105). Bất biến khác ĐỀU ĐẠT: phase∈6 (I1=0), taps/misses/elapsedMs ≥0 & hữu hạn (I2=0), spec không mutate (Object.freeze sâu + so JSON mỗi bước, I3=0), mọi cạnh đổi phase ∈ TRANSITIONS (I5=0), 0 TypeError trần, 0 NaN/undefined lọt vào state. |
| F1b (boundary) | **FAIL** | `levelState.ts:176` gọi `makeNext(state.spec.levelIndex + 1)` **không chặn <120** (pack dòng 29 buộc chặn). Repro code thật: `resolve` ở màn 120 với `makeNext = n => levelSpec("GAME", n, cfg)` trả `nextSpec.levelIndex = 121` — đề ngoài chiến dịch; `progression.chapterOf(121)` ném (`levelOf` 89–94) ⇒ UI sụp/kẹt ngay màn cuối PC-01. |
| F1c | **FAIL (nhẹ)** | Validation `optionIndex` đặt SAU buffer: `tap(state_wrong, 99)` và `tap(state_wrong, NaN)` → KHÔNG NÉM, state nguyên trạng (pack dòng 31 yêu cầu ném rõ). Bỏ sót lỗi chính tả của tầng UI ở phase khoá. |
| F2 | **FAIL (2 điểm)** | 93 probe input bẩn, **0 TypeError, 0 `undefined`/`null` lọt**: 80 ném rõ (`chapterOf(0|121|1.5|NaN|±Infinity|-1|1e6|null|undefined|'7')` → `level ... ngoai 1..120`; `sumStars`/`bestLevel` chuỗi 0/119/121/'…4'/'a…' → ném; `newFoldVocab|revealLevel|timerEnabled|paperThemeOf|isChapterUnlocked(0|9|1.5|NaN|-3)` → ném). (1) `freeHintAvailable(60, NaN)` → **false im lặng** (stars.ts:118–121 không kiểm `Number.isInteger(lastFree)`). (2) `applyResult('3'+'0'×119, 1, 0)` → NÉM `chỉ markSkip ghi được '0'` (stars.ts:82–84) trong khi pack §3 dòng 59 buộc GHI ĐÈ mọi gained∈0..3. Ngoài ra `markSkip(1)` trả chuỗi 1 ký tự `'0'`, `markSkip(stars,1)` trả chuỗi 120 ký tự — cùng tên, 2 kiểu trả về (overload 61–69). |
| F3 | **PASS** | 1 chuỗi 60 bước seed 424242 chạy 100 lần ⇒ serialize (JSON cả bigint) giống hệt từng byte, hash 672 ký tự. 2 máy chạy xen kẽ 40 vòng: A=`1/0/120` B=`3/2/200`, chạy riêng lẻ ra đúng same giá trị ⇒ không có biến module-level (levelState chỉ có bảng const). |
| F4 | **PASS** | Toàn bộ fuzz chạy trong node trần, 0 DOM/Phaser/fetch. `levelState.ts:7-8` chỉ import `./types` + `./rational`; `progression.ts` 0 import; không file nào import `./generator`/`./foldRules`/`./validator`. |
| F5 | **PASS** | Stub `Math.random`/`Date.now`/`performance.now`/`new Date` = `throw FORBIDDEN`, chạy lại 3.000 vòng máy trạng thái (10 lệnh/vòng) + 5 vòng progression/stars = **33.000 lệnh ⇒ 0 lời gọi bị cấm**. 7.500 exception còn lại là lỗi hợp-pháp-của-máy (nextLevel/useUndo sai phase). |
| F6 | **FAIL NẶNG** | Bảng §6.1 chép TAY từ pack mục 4 so với `CAMPAIGN` (progression.ts:44–61) + `newFoldVocab` + `timerEnabled` + `revealLevel` + `archetypeOf`: **8/8 chương SAI**. vocab: `fold-h,fold-v,punch-one,fold-d,cut-corner,snip-pair,stack-fold,mirror-cut` ≠ `face-hole,crease-hole,edge-hole,corner-cut,eight-layers,diagonal-fold,multi-hole,combo-folds` (union `FoldVocabId` progression.ts:9–10 đổi toàn bộ). revealLevel = 7/20/35/50/65/80/95/110 ⇒ vị trí trong chương = 7,5,5,5,5,5,5,5 ≠ 2-2-2-2-2-3-3-3. layers = 2,3,3,4,4,4,5,6 ≠ 4,4,4,4,8,8,8,8 (kiểu pack `layers: 4\|8` bị nới thành `number`, dòng 27). theme = `kraft,washi,...,gold-leaf` ≠ khuôn `paper.theme.ch<N>` (0/8 khớp; pack dòng 84 cấm bịa tên 3 theme cuối). ĐÚNG: cột timer (ch7-8) + `archetypeOf(14)=checkpoint`, `(15)=breather` 8/8. |
| F6b (PC-07) | **FAIL** | Gate sao bị thay bằng gate tiến độ. Repro: `stars='3333'+0×116` ⇒ `sumStars(stars,1)=12` (≥GATE_STARS) nhưng `isChapterUnlocked(2, stars)=false` (`unlockedBy` 169–171 so `unlockNeed=12` với `bestLevel=4`). `GATE_STARS=12` (dòng 39) tồn tại nhưng được dùng với nghĩa "12 màn đã chạm", không phải 12 sao. |
| F7 | **PASS** | 800.000 transition levelState = **152 ms**; 100.000 lệnh progression = **39 ms**; 10.000 chuỗi×24 bước = 2.505 ms (trong đó chủ yếu `deepFreeze` + dựng fixture của harness, không phải máy). Dưới ngưỡng 2 s cho phần máy; không báo động. |
| F8 | **FAIL** | Test giả-xanh/tự-sao-chép-impl: (1) `tests/logic/progression.test.ts:18` tuyên bố "chép TAY từ pack" nhưng `T_VOCAB/T_RULE/T_REVEAL/T_LAYERS/T_THEME/T_NEED` (dòng 46–54) trùng 100% CAMPAIGN trong src và MÂU THUẪN §6.1 ⇒ TC-PRG-01 (94–110) chỉ đo tính tự-consistency. (2) `progression.test.ts:225` `expect(chapterOf(mid)).toBe(chapterOf(mid))` — hằng đúng, 0 thông tin. (3) `hint-undo.test.ts:35` `EXPLAIN_KEYS` = 4 khoá của impl, không phải `feedback.*` của pack dòng 42. (4) `level-state.test.ts:168-180`, `hint-undo.test.ts` ("useHint ngoài ready ⇒ NÉM", "useUndo ngoài wrong ⇒ NÉM", "undo lần 2 bị từ chối") **đóng đinh hành vi ngược pack §2** — lưới an toàn bảo vệ lỗi. (5) `snap()` (`level-state.test.ts:63-75`, `hint-undo.test.ts:58-70`) loại `wrongInfo/explainKey/picked` ⇒ `missingHoles/extraHoles` + dedupe `pointKey` (levelState.ts:107–139) KHÔNG có một assert nào (grep = 0 hit trong 2 file). Đạt (hardcode cụ thể): level-state.test.ts:151-156, 182-196, 211-226, 228-246, 248-257; stars.test.ts:31–36 (bảng §3.3 riêng) + chuỗi dirty-input. |
| Hợp đồng tên/chữ ký | **FAIL** | pack §2 chốt `startLevel(spec, makeNext?)` + `resolve(state)` + `peekFold(): {foldIndex}|null` + `lastWrong: WrongInfo\|null`; thực tế: `startLevel` KHÔNG tồn tại (`'startLevel' in LS === false`, keys chỉ có `initialLevelState/markReady`), `resolve(state, makeNext?)` (167), `peekFold` trả `number\|null` (200–202), `lastWrong` là `number\|null` + field riêng `wrongInfo`/`explainKey`/`picked` (78–83) ⇒ 4 field ngoài hợp đồng. pack §3 chốt `win/sumStars/applyResult/markSkip/freeHintAvailable` nằm trong `progression.ts`; chúng nằm ở file thứ 3 `stars.ts` (pack line 3: phạm vi B1b = 2 file) và tất cả đều bị biến thành overload 2-3 arity (`isChapterUnlocked` 159–167 nhận CẢ `(chapter,stars)` lẫn `(stars,best,chapter)`) — API hedge, che lỗi truyền sai thứ tự thay vì ném. |

ĐIỂM NGHI NGỜ:
- Không chạy được `npm run gate` (gate-smell) vì phiên này chỉ cho phép 2 lệnh cổng; đã bù bằng `grep` thủ công các chuỗi cấm ⇒ 0 hit, nhưng chưa xác nhận `tools/gate-allow.json` không bị thêm nợ mới.
- Không kiểm được "đề có đúng 1 đáp án / 4 ô phân biệt" (C12) trên spec do levelState dựng — levelState không sinh đề; fuzz chỉ dùng spec tự dựng (và phát hiện thêm: spec có `Rat[]` độ dài lẻ làm `resolve` ném `rational.toPoints: mảng toạ độ dài lẻ`, 2.650 hit — đúng tầng validator nhưng levelState không hề kiểm `options.length === 4`/`correctIndex ∈ 0..3` trước khi tin).
- `resultOf.firstTry = misses===0 && !undoUsed` (233) lệch chữ pack dòng 39 nhưng khớp ý pack dòng 43 ⇒ coi là chấp nhận được, không tính FAIL.
- Không đối chiếu `SPEC §6.1` gốc (file specs) vì nội quy phiên cấm đọc `specs/`; lấy pack mục 4 làm chân lý — nếu pack sai thì F6 cần đo lại.

3 RỦI RO LỚN NHẤT:
1) **Máy trạng thái không thể dùng từ tầng UI/B2 như đã chốt**: ~289k/1,4M action hợp lệ theo pack (spam nút lúc `ready`/`wrong`/`loading`) biến thành exception; caller phải tự nhớ phase ⇒ crash thật trên thiết bị chạm. Hợp đồng "buffer" đã bị thay bằng "throw" và 4 file test B1b còn yêu cầu ném, nên lưới an toàn đang khoá chặt lỗi.
2) **Registry chiến dịch là dữ liệu bịa, không phải §6.1**: 8/8 chương sai vocab/revealLevel/layers/theme, gate mở khoá tính bằng "màn đã chạm" thay vì tổng sao (repro 12 sao ⇒ ch2 vẫn khoá) ⇒ toàn bộ nhịp dạy học PC-01/02/03/07/08 của 120 màn hỏng từ gốc, và `revealLevel` ở màn 5–7 của chương nghĩa là luật ra mắt MUỘN, vi phạm "ra mắt màn 2-3". Test TC-PRG-01 copy nguyên bảng của impl nên suite vẫn xanh.
3) **Chặn mềm ở ranh giới**: màn 120 sinh `nextSpec.levelIndex=121` (không guard <120) trong khi mọi hàm progression/stars ném cho 121 ⇒ cầu nối `next` của màn cuối + mọi save `stars` thao tác qua overload arity sai thứ tự (`markSkip` 1-ký-tự vs 120-ký-tự, `freeHintAvailable(·,NaN)` im lặng) là đường dễ làm hỏng save của B1c nhất.

[result] is_error=False num_turns=31 duration_ms=671447 cost_usd=1.6831347499999998
