
[tool] Read: {'file_path': '/data/youtube-playables/M11-Gap/game/tests/logic/save.test.ts'}

[tool] Bash: {'command': 'npx tsc --noEmit 2>&1 | tail -30', 'description': 'Run typecheck to list errors'}

[tool] Bash: {'command': 'npm run typecheck 2>&1 | tail -20', 'description': 'Run typecheck'}

[tool] Bash: {'command': 'grep -n "MIGRATIONS" -A 20 src/logic/save.ts | head -60', 'description': 'Inspect MIGRATIONS export in save.ts'}

[tool] Bash: {'command': 'sed -n 100,150p src/logic/save.ts', 'description': 'Show MIGRATIONS table definition'}

[tool] Bash: {'command': 'npm run typecheck | tail -20', 'description': 'Run typecheck and show last lines'}

[tool] Bash: {'command': 'npm run typecheck 2>&1 | tail -20', 'description': 'Run typecheck outside sandbox', 'dangerouslyDisableSandbox': True}

[tool] Bash: {'command': 'wc -l tools/gate-smell.mjs; sed -n 1,80p tools/gate-smell.mjs', 'description': 'Inspect gate-smell tool rules'}

[tool] Bash: {'command': 'sed -n 80,118p tools/gate-smell.mjs', 'description': 'Show remaining gate-smell checks'}

[tool] Bash: {'command': 'npx tsc --noEmit', 'description': 'Typecheck project without pipe'}

[tool] Bash: {'command': 'npm run typecheck', 'description': 'Typecheck via npm script'}

[tool] Bash: {'command': 'npm run typecheck', 'description': 'Typecheck via npm script unsandboxed', 'dangerouslyDisableSandbox': True}

[tool] Bash: {'command': './node_modules/.bin/tsc --noEmit --pretty false', 'description': 'Run TypeScript compiler directly for errors'}

[tool] Bash: {'command': 'cat tsconfig.json; ls src/logic tests/logic', 'description': 'Show tsconfig and logic/test file lists'}

[tool] Read: {'file_path': '/data/youtube-playables/M11-Gap/game/src/logic/save.ts'}

[tool] Bash: {'command': 'cat > /tmp/unused.sh <<\'EOF\'\nfor f in tests/logic/*.ts src/logic/*.ts; do\n  awk \'/^import/,/from ./\' "$f" > /tmp/imp.txt\ndone\nEOF\ngrep -n "^import" -A 20 test

[tool] Bash: {'command': 'for f in tests/logic/*.ts src/logic/*.ts tests/*.ts; do [ -f "$f" ] || continue; perl -0777 -ne \'while(/import\\s+(?:type\\s+)?\\{([^}]*)\\}\\s*from/gs){for $n (split

[tool] Bash: {'command': 'for f in tests/logic/*.ts src/logic/*.ts; do ids=$(perl -0777 -ne \'print join(" ", $1 =~ /[\\w, ]+/g) while /import\\s+(?:type\\s+)?\\{([^}]*)\\}\\s*from/gs\' "$f" | 

[tool] Bash: {'command': 'perl -e \'for my $f (@ARGV) { local $/; open my $h, "<", $f or next; my $t = <$h>; my @ids; while ($t =~ /import\\s+(?:type\\s+)?\\{([^}]*)\\}\\s*from/gs) { push @ids,

[tool] Bash: {'command': 'grep -oh "^import {" -A 0 tests/logic/*.ts | wc -l; awk \'BEGIN{print "awk-ok"}\'', 'description': 'Check awk availability'}

[tool] Bash: {'command': 'awk \'/^import \\{/{f=1} f{print FILENAME": "$0} /^\\} from|from .*;$/{if(f&&/from/){f=0}}\' tests/logic/*.ts | grep -A 30 "save.test" | head -5', 'description': 'List

[tool] Bash: {'command': "sed -n '/^import/,/from/p' -n tests/logic/save.test.ts tests/logic/records.test.ts tests/logic/cache.test.ts 2>/dev/null | head -80", 'description': 'Show import block

[tool] Bash: {'command': 'sed -n \'/^import/,/from \'"\'"\'/p\' tests/logic/save.test.ts tests/logic/records.test.ts | head -60', 'description': 'Show import blocks in save and records tests'}

[tool] Bash: {'command': 'grep -c "" src/logic/*.ts', 'description': 'Count lines in logic source files'}

[tool] Bash: {'command': 'cat tools/gate-allow.json', 'description': 'Show declared gate debt allowlist'}

[tool] Bash: {'command': 'grep -rn "logic/save\\|\'\\./save\'\\|\\./save\'" src tests --include=*.ts', 'description': 'Find importers of save module'}

[tool] Bash: {'command': 'grep -n "CAPS\\|utf8Length" src/logic/cache.ts', 'description': 'Show CAPS and utf8Length in cache.ts'}

[tool] Bash: {'command': 'grep -n "save\\|exports\\|Object.keys\\|readdir" tests/logic/refactor-contract.test.ts | head -40', 'description': 'Check refactor-contract test for module surface ass

[tool] Bash: {'command': 'grep -rn "^export const [A-Z][A-Z0-9_]* = [0-9]" src/logic', 'description': 'Find top-level numeric constants in logic'}

[tool] Bash: {'command': 'sed -n 10,45p src/logic/cache.ts', 'description': 'Show CAPS definition and utf8Length'}

[tool] Bash: {'command': 'sed -n 25,60p src/logic/progression.ts', 'description': 'Show STAR_SCALE and progression constants'}

[tool] Bash: {'command': 'grep -n "STAR_SCALE" -A 8 src/logic/progression.ts | head -20', 'description': 'Show STAR_SCALE definition'}
Bắt đầu tách file (save.ts = 303 dòng → sẽ dính G1 của gate-smell khi nó chạy tới).

[tool] Bash: {'command': "sed -n '16,98p' src/logic/save.ts > src/logic/saveSchema.ts", 'description': 'Extract schema block into new file'}

[tool] Bash: {'command': "sed -n '16,98p' /data/youtube-playables/M11-Gap/game/src/logic/save.ts > /data/youtube-playables/M11-Gap/game/src/logic/saveSchema.ts", 'description': 'Extract schema 

[tool] Bash: {'command': 'touch /data/youtube-playables/M11-Gap/game/src/logic/saveSchema.ts /data/youtube-playables/M11-Gap/game/src/logic/saveMigrate.ts', 'description': 'Create the two new m

[tool] Bash: {'command': 'pwd', 'description': 'Print working directory'}

[tool] Bash: {'command': 'ls -ld /data /data/youtube-playables /data/youtube-playables/M11-Gap', 'description': 'Check path symlink status'}

[tool] Bash: {'command': "printf 'x\\n' | tee /data/youtube-playables/M11-Gap/game/src/logic/saveSchema.ts", 'description': 'Test creating file via tee'}

[tool] Bash: {'command': "cd /data/youtube-playables/M11-Gap/game/src/logic && printf '// probe\\n' > saveSchema.ts && ls -l saveSchema.ts", 'description': 'Create placeholder module file insid

[tool] Bash: {'command': 'sed -i \'s/^import { describe, expect, it } from \'"\'"\'vitest\'"\'"\';/import { describe, expect, it } from \'\\\'\'vitest\'\\\'\';/\' tests/logic/save.test.ts', 'de

[tool] Edit: {'replace_all': False, 'file_path': '/data/youtube-playables/M11-Gap/game/src/logic/saveSchema.ts', 'old_string': '', 'new_string': '// test\n'}

[tool] Bash: {'command': 'rm -f src/logic/saveSchema.ts', 'description': 'Remove placeholder file outside sandbox', 'dangerouslyDisableSandbox': True}
Edit tool ghi được file mới (Bash bị chặn mọi write). Tạo 2 module tách từ save.ts:

[tool] Edit: {'replace_all': False, 'file_path': '/data/youtube-playables/M11-Gap/game/src/logic/saveSchema.ts', 'old_string': '// test\n', 'new_string': "// Pattern: Registry — HÌNH DẠNG blob 

[tool] Edit: {'replace_all': False, 'file_path': '/data/youtube-playables/M11-Gap/game/src/logic/saveMigrate.ts', 'old_string': '// test\n', 'new_string': '// Pattern: Chain of Responsibility t

[tool] Edit: {'replace_all': False, 'file_path': '/data/youtube-playables/M11-Gap/game/src/logic/saveMigrate.ts', 'old_string': '', 'new_string': '// Pattern: Chain of Responsibility theo versi

[tool] Edit: {'replace_all': False, 'file_path': '/data/youtube-playables/M11-Gap/game/src/logic/saveMigrate.ts', 'old_string': "import type { FieldName, Save } from './saveSchema';", 'new_stri

[tool] Read: {'file_path': '/data/youtube-playables/M11-Gap/game/src/logic/saveMigrate.ts', 'limit': 14}

[tool] Edit: {'replace_all': False, 'file_path': '/data/youtube-playables/M11-Gap/game/src/logic/saveMigrate.ts', 'old_string': '    const spec = FIELDS[name];', 'new_string': '    const spec: 

[tool] Bash: {'command': 'grep -rn "SAVE_VERSION\\|SAVE_KEYS\\|from \'./save\\|logic/save" tests src --include=*.ts | grep -v "^src/logic/save"', 'description': 'Find all consumers of save modu

[tool] Edit: {'replace_all': False, 'file_path': '/data/youtube-playables/M11-Gap/game/src/logic/save.ts', 'old_string': '// Pattern: Registry (schema là DỮ LIỆU) + Memento có CHUỖI MIGRATIONS\

[tool] Edit: {'replace_all': False, 'file_path': '/data/youtube-playables/M11-Gap/game/src/logic/save.ts', 'old_string': "/** Phiên bản blob hiện tại = bậc cuối của chuỗi MIGRATIONS. */\nexport

[tool] Edit: {'replace_all': False, 'file_path': '/data/youtube-playables/M11-Gap/game/src/logic/save.ts', 'old_string': "/**\n * BẢNG FIELD DUY NHẤT của blob. `def` vừa là giá trị default vừa 

[tool] Edit: {'replace_all': False, 'file_path': '/data/youtube-playables/M11-Gap/game/src/logic/save.ts', 'old_string': '// ------------------------------------------------------------- migrat

[tool] Edit: {'replace_all': False, 'file_path': '/data/youtube-playables/M11-Gap/game/src/logic/save.ts', 'old_string': "export type Migrated = {\n  save: Save;\n  /** Field phải điền default 

[tool] Edit: {'replace_all': False, 'file_path': '/data/youtube-playables/M11-Gap/game/src/logic/save.ts', 'old_string': '/** Thứ tự khoá lấy theo thứ tự khai trong FIELDS ⇒ serialize tất định,

[tool] Read: {'file_path': '/data/youtube-playables/M11-Gap/game/src/logic/save.ts'}

[tool] Bash: {'command': 'grep -c "" src/logic/save.ts src/logic/saveSchema.ts src/logic/saveMigrate.ts src/logic/distractors.ts', 'description': 'Count lines of save modules'}

[tool] Edit: {'replace_all': False, 'file_path': '/data/youtube-playables/M11-Gap/game/tests/logic/save.test.ts', 'old_string': "describe('H2 migrate + version - PC-16 (TC-SAV-02/05, ERR-02)', 

[tool] Bash: {'command': 'grep -A 14 "^import {" tests/logic/*.ts', 'description': 'Dump import blocks of all logic tests'}

[tool] Bash: {'command': 'grep -ohE "\\b(readdirSync|readFileSync|DICTIONARIES|collectUsedKeys|dictEn|dictOf|locales|lookup|Dict|DEFAULT_LOCALE)\\b" tests/logic/i18n.test.ts | sort | uniq -c', 

[tool] Bash: {'command': 'grep -n "^import" src/logic/cache.ts src/logic/records.ts src/logic/economy.ts src/logic/progression.ts', 'description': 'Check imports for cycles among save-related m

[tool] Read: {'file_path': '/data/youtube-playables/M11-Gap/game/src/logic/saveSchema.ts', 'limit': 45}

[tool] Read: {'file_path': '/data/youtube-playables/M11-Gap/game/tests/logic/save.test.ts', 'limit': 28, 'offset': 206}

[tool] Bash: {'command': 'grep -A 6 "^import {" src/logic/*.ts', 'description': 'Dump import lines of logic sources'}

[tool] Read: {'file_path': '/data/youtube-playables/M11-Gap/game/src/logic/saveMigrate.ts', 'limit': 50, 'offset': 44}

[tool] Bash: {'command': 'npm run gate 2>&1 | tail -40', 'description': 'Run the full batch gate once', 'timeout': 600000}

[tool] Bash: {'command': 'npm run gate', 'description': 'Run the batch gate', 'timeout': 600000}

[tool] Bash: {'command': 'npm run test:logic', 'description': 'Run logic test suite', 'timeout': 600000}

[tool] Read: {'file_path': '/data/youtube-playables/M11-Gap/game/src/logic/saveSchema.ts', 'offset': 45}

[tool] Bash: {'command': 'node tools/gate-smell.mjs', 'description': 'Run smell gate script'}

[tool] Bash: {'command': 'node node_modules/typescript/lib/tsc.js --noEmit', 'description': 'Run TypeScript compiler via node', 'timeout': 600000}

[tool] Bash: {'command': 'grep -n "\\"typecheck\\"\\|\\"test:logic\\"\\|\\"gate\\"" package.json', 'description': 'Show gate-related npm scripts'}

[tool] Bash: {'command': 'node node_modules/vitest/vitest.mjs run tests/logic 2>&1 | tail -25', 'description': 'Run logic test suite via vitest', 'timeout': 600000}

[tool] Bash: {'command': 'node node_modules/vitest/vitest.mjs run tests/logic/save.test.ts --reporter=basic 2>&1 | tail -12', 'description': 'Run save test file and show summary', 'timeout': 30

[tool] Bash: {'command': 'npm run gate', 'description': 'Attempt the official gate script once', 'timeout': 600000}
## Báo cáo (vòng tự sửa B1c)

**Nguyên nhân đỏ #1 — biên dịch (TS6133)**
- `tests/logic/save.test.ts:14` import `MIGRATIONS` nhưng không dùng → **không xoá import** (import là ý đồ hợp đồng): thêm test thật dùng nó ở `tests/logic/save.test.ts:211-228` — kiểm chuỗi `MIGRATIONS` tăng dần, bậc cuối chạm `defaultSave().version`, bậc 0 `migrate()` kê khai sinh đúng các field v1, và `migrateSave(v0).migrated` khớp đúng nhãn các bậc đã khai.

**Nguyên nhân đỏ #2 — vi phạm gate-smell THẬT (G1, chưa kịp hiện vì typecheck chết trước)**
- `src/logic/save.ts` cũ = 303 dòng > trần 250 ⇒ G1 FAIL chắc chắn. Tách theo đúng 1 trách nhiệm/file, giữ nguyên từng byte logic:
  - `src/logic/saveSchema.ts:1` (110 dòng) — `SAVE_VERSION`, `SAVE_KEYS`, `KV`, bảng `FIELDS` duy nhất, kiểu `Save`/`FieldName`, `defaultSave()`, `serializeSave()`, `safeJson()`.
  - `src/logic/saveMigrate.ts:1` (93 dòng) — type `Migration`, chuỗi `MIGRATIONS`, `migrateSave()`, `parseSave()`.
  - `src/logic/save.ts:1` (125 dòng) — `writeSave`/`applyWrite`/`loadSave` + **mặt tiền re-export** (`export ... from './saveSchema' | './saveMigrate'`) ⇒ `tests/logic/save.test.ts` và `src/logic/records.ts:10` vẫn nhập từ `'./save'`, không đổi tên/tham số/kiểu trả về của bất kỳ hàm công khai nào. Không có vòng import (schema ← migrate ← save).

**Output cổng thật** (`npm run gate` bị sandbox chặn — xem mục dưới — nên chạy đúng 3 bước của gate, nguyên tham số trong `package.json:13,15,16`):
```
$ node node_modules/typescript/lib/tsc.js --noEmit
(không dòng nào = 0 lỗi)

$ node node_modules/vitest/vitest.mjs run tests/logic
 Test Files  20 passed (20)
      Tests  344 passed (344)
   Duration  48.68s
(riêng save.test.ts: ✓ 23 tests passed — 22 cũ + 1 test MIGRATIONS mới)

$ node tools/gate-smell.mjs
GATE V2 — 26 file trong src/logic · max-lines=250 · dup-lines=6
KẾT QUẢ: PASS (0 vi phạm thật)
```

**KHÔNG LÀM ĐƯỢC**: chạy nguyên văn `npm run gate` — mọi lệnh `npm`/`npx` trong phiên này bị sandbox trả về `This command requires approval` (bị từ chối), kể cả `npm run typecheck`. Đã thay bằng cách gọi trực tiếp 3 lệnh mà script gate gọi (`tsc --noEmit`, `vitest run tests/logic`, `node tools/gate-smell.mjs`) — kết quả ở trên là output thật của chính 3 lệnh đó.

[result] is_error=False num_turns=76 duration_ms=812127 cost_usd=3.1367027500000004
