
> paper-crease@0.1.0 gate
> npm run typecheck && npm run test:logic && node tools/gate-smell.mjs


> paper-crease@0.1.0 typecheck
> tsc --noEmit


> paper-crease@0.1.0 test:logic
> vitest run tests/logic tests/platform


 RUN  v2.1.9 /data/youtube-playables/M11-Gap/game

stdout | tests/logic/generator.test.ts > B1/F-1 · cfg.punchCount được tôn trọng tuyệt đối trên bảng chương thật 8×15 > (a) 120 màn: không màn nào sinh ÍT điểm đục hơn config, không màn nào ném oan
[B1] bảng holes_max=3: punch đủ=65 cắt=50 ném đúng lý do hình học=5 :: màn 94 DHV xin 3 > trần 2 | màn 96 DHV xin 3 > trần 2 | màn 100 DHV xin 3 > trần 2

 ✓ tests/logic/generator.test.ts (29 tests) 4401ms
   ✓ generator.levelSpec — PC-02 deterministic từ seed (TC-GEN-01, TC-GEN-02) > TC-GEN-01 · PC-02: determinism giữ nguyên khi sinh hàng loạt màn khác xen giữa (không trạng thái ẩn) 352ms
   ✓ generator.levelSpec — PC-04 bốn ô phân biệt, đạt ngưỡng khác biệt > PC-04 + ngưỡng: 120 màn — minPairDistance trên lưới 16 ≥ 6 và validateSpec ok cho mọi đề 300ms
   ✓ generator.levelSpec — PC-01 tham số chương là DỮ LIỆU, không hardcode > TC-GEN-11 · PC-03 + PC-01: dải chương 4..8 CÓ xuất hiện "cắt 1 góc chéo" hợp lệ; chương 1..3 chỉ đục lỗ 354ms
   ✓ B1/F-1 · cfg.punchCount được tôn trọng tuyệt đối trên bảng chương thật 8×15 > (b) 200 seed × HV/HVH/HHV × punchCount 3..4 ⇒ hoặc đủ, hoặc NÉM nêu chain + punchCount 587ms
 ✓ tests/logic/chain-config.test.ts (27 tests) 1900ms
   ✓ A1/F-1 · chainFor cấm nuốt foldCount ngoài bảng > 200 seed liên tiếp: mọi chuỗi tuân luật, tất định, và bảng không bị hẹp đến mức chỉ ra 1 chuỗi 1314ms
 ✓ tests/logic/fold-rules.test.ts (27 tests) 168ms
 ✓ tests/logic/save.test.ts (23 tests) 33ms
 ✓ tests/logic/validator.test.ts (32 tests) 77ms
 ✓ tests/logic/records.test.ts (19 tests) 97ms
stdout | tests/logic/generator-10000.test.ts
[B1a][TC-GEN-05] generated=10000/10000 distinctSpecs=10000 punchCountBad=0 rasterBad=0 elapsedMs=27348

 ✓ tests/logic/generator-10000.test.ts (11 tests) 27370ms
 ✓ tests/logic/level-state.test.ts (17 tests) 35ms
 ✓ tests/logic/i18n.test.ts (8 tests) 73ms
 ✓ tests/logic/economy.test.ts (18 tests) 25ms
 ✓ tests/logic/fold-unfold.test.ts (30 tests) 68ms
 ✓ tests/logic/rational.test.ts (26 tests) 30ms
 ✓ tests/logic/progression.test.ts (13 tests) 41ms
 ✓ tests/logic/hint-undo.test.ts (11 tests) 30ms
 ✓ tests/logic/records-store.test.ts (13 tests) 41ms
 ✓ tests/platform/debug.test.ts (19 tests) 61ms
 ✓ tests/platform/playgama-adapter.test.ts (11 tests) 20ms
 ✓ tests/platform/ad-mock.test.ts (8 tests) 222ms
 ✓ tests/platform/ytgame-adapter.test.ts (8 tests) 22ms
 ✓ tests/logic/telemetry.test.ts (9 tests) 251ms
 ✓ tests/platform/network-ban.test.ts (8 tests) 90ms
 ✓ tests/platform/host-shape.test.ts (10 tests) 18ms
 ✓ tests/logic/level-config.test.ts (6 tests) 55ms
 ✓ tests/logic/stars.test.ts (13 tests) 28ms
 ✓ tests/platform/null-adapter.test.ts (10 tests) 19ms
 ✓ tests/logic/refactor-contract.test.ts (9 tests) 273ms
 ✓ tests/platform/standalone-full-loop.test.ts (6 tests) 18ms
 ✓ tests/platform/registry.test.ts (8 tests) 19ms
 ✓ tests/logic/validator-action.test.ts (9 tests) 99ms
 ✓ tests/logic/config-caps.test.ts (4 tests) 9ms
 ✓ tests/logic/share-code.test.ts (7 tests) 17ms

 Test Files  31 passed (31)
      Tests  449 passed (449)
   Start at  02:26:15
   Duration  52.97s (transform 1.75s, setup 0ms, collect 3.38s, tests 35.61s, environment 10ms, prepare 4.40s)

GATE V2 — 27 file trong src/logic · max-lines=250 · dup-lines=6
KẾT QUẢ: PASS (0 vi phạm thật)
