
[tool] Bash: {'command': 'ls -la && cat package.json | head -30', 'description': 'List game dir and read package.json'}

[tool] Bash: {'command': 'find src/render src/ui -type f | sort && echo "---" && wc -l src/render/**/*.ts src/ui/*.ts tests/logic/view-b3a-*.ts 2>/dev/null', 'description': 'List render/ui file

[tool] Bash: {'command': 'cat -n src/render/anim/unfoldPlan.ts', 'description': 'Read unfoldPlan'}

[tool] Bash: {'command': 'cat -n src/render/scenes/PlayScene.ts', 'description': 'Read PlayScene'}

[tool] Bash: {'command': 'cat -n src/render/components/SheetView.ts', 'description': 'Read SheetView'}

[tool] Bash: {'command': 'cat -n src/render/components/OptionCard.ts && echo "=====TITLE=====" && cat -n src/render/scenes/TitleScene.ts && echo "=====TESTIDS=====" && cat -n src/ui/testids.ts'

[tool] Bash: {'command': 'cat -n tests/logic/view-b3a-timing.test.ts', 'description': 'Read timing test'}

[tool] Bash: {'command': 'cat -n tests/logic/view-b3a-contract.test.ts', 'description': 'Read contract test'}

[tool] Bash: {'command': 'cat -n tests/logic/view-b3a-geometry.test.ts', 'description': 'Read geometry test'}

[tool] Bash: {'command': 'cat -n src/render/layout.ts && echo "===SESSION===" && cat -n src/render/session.ts && echo "===BUTTON===" && cat -n src/ui/button.ts', 'description': 'Read layout, se

[tool] Bash: {'command': 'ls src/logic/ && echo "=== progression ===" && sed -n \'30,70p;100,130p\' src/logic/progression.ts | cat -n && echo "=== chainTable ===" && sed -n \'20,45p\' src/logic

[tool] Bash: {'command': 'sed -n \'95,135p\' src/logic/chapters.ts | cat -n && echo "=== grep foldCount ===" && grep -rn "foldCount" src/logic/*.ts | head -30', 'description': 'Read chapters fo

[tool] Bash: {'command': 'cat -n tools/gate-smell.mjs', 'description': 'Read gate-smell tool'}

[tool] Bash: {'command': 'cat -n src/main.ts | head -80 && echo "=== levelState ===" && grep -n "export function\\|export type\\|export const" src/logic/levelState.ts', 'description': 'Read mai

[tool] Bash: {'command': "sed -n '140,240p' src/logic/levelState.ts | cat -n", 'description': 'Read levelState transitions'}

[tool] Bash: {'command': "sed -n '80,175p' src/main.ts", 'description': 'Read main.ts session wiring'}

[tool] Bash: {'command': 'find tests -type f | sort && echo "=== helpers ===" && ls tests/logic/helpers* 2>/dev/null && cat vitest.config.ts tsconfig.json', 'description': 'List test files and 

[tool] Bash: {'command': "cat -n src/render/components/StarRow.ts src/render/components/InkBadge.ts src/render/sfx.ts src/render/theme/paperTheme.ts | sed -n '1,200p'", 'description': 'Read Sta

[tool] Bash: {'command': 'cat -n src/render/scenes/BootScene.ts && grep -n "lifecycle\\|ads\\|storage" src/platform/types.ts | head -30', 'description': 'Read BootScene and platform types'}

[tool] Bash: {'command': "sed -n '1,140p' src/logic/levelState.ts | cat -n", 'description': 'Read levelState head'}

[tool] Bash: {'command': 'ls config/ && head -40 config/*.json 2>/dev/null | head -60 && echo "=== helpers ===" && cat -n tests/logic/helpers.ts | head -60 && echo "=== i18n locales ===" && gre

[tool] Bash: {'command': "sed -n '1,60p' src/logic/chapters.ts | cat -n", 'description': 'Read chapters.ts head'}

[tool] Bash: {'command': 'grep -n "levelConfigFor\\|layers" tests/logic/level-config.test.ts | head -30', 'description': 'Grep level-config test usage'}

[tool] Bash: {'command': 'grep -n "export function levelSpec" -A 25 src/logic/generator.ts | head -50 && echo "=== types LevelSpec ===" && grep -n "export type LevelSpec" -A 30 src/logic/types.

[tool] Bash: {'command': 'grep -n "PlatformLifecycle" -A 18 src/platform/types.ts | head -40 && grep -rn "onPause" src/platform/*.ts | head', 'description': 'Inspect lifecycle contract'}

[tool] Bash: {'command': 'grep -n "export " src/logic/rational.ts | head -20 && echo "=== types ===" && sed -n \'1,60p\' src/logic/types.ts | cat -n && echo "=== i18n keys ===" && grep -n "hud\
Now I'll implement. Starting with the pure schedule module:

[tool] Edit: {'replace_all': False, 'file_path': '/data/youtube-playables/M11-Gap/game/src/render/anim/unfoldPlan.ts', 'old_string': "// HỢP ĐỒNG SỐ: tests/logic/view-b3a-timing.test.ts + view-

[tool] Edit: {'replace_all': False, 'file_path': '/data/youtube-playables/M11-Gap/game/src/render/anim/unfoldPlan.ts', 'old_string': '/** Dải hợp lệ của lịch — DATA: thêm layout giấy là thêm mộ

[tool] Edit: {'replace_all': False, 'file_path': '/data/youtube-playables/M11-Gap/game/src/render/anim/unfoldPlan.ts', 'old_string': "/** 4 pha VẼ (khác 6 pha của levelState): view chỉ cần biết

[tool] Edit: {'replace_all': False, 'file_path': '/data/youtube-playables/M11-Gap/game/src/ui/testids.ts', 'old_string': '/** Chữ ký đăng ký rect mà mỗi scene tự cung cấp (một cửa: Box thế giới

[tool] Edit: {'replace_all': False, 'file_path': '/data/youtube-playables/M11-Gap/game/src/render/layout.ts', 'old_string': '    play: box(cx - (h * R.playW) / 2, h * R.playTop, h * R.playW, h 

[tool] Bash: {'command': 'cat > src/render/inputBuffer.ts <<\'EOF\'\n// Pattern: Small State Holder (input gate)\n// TRÁCH NHIỆM: giữ CÚ BẤM bị khoá của PC-05 (bấm lúc đang hoạt cảnh thì không 

[tool] Bash: {'command': "cat > src/render/outcome.ts <<'EOF'\n// Pattern: Data Table (kết quả một lượt)\n// TRÁCH NHIỆM: máy 6 pha -> HÀNH ĐỘNG ở cuối một hoạt cảnh (PC-09/PC-13): tiếng nào, c

[tool] Bash: {'command': 'cat > src/render/inputBuffer.ts <<TXT\ntest\nTXT\nls -l src/render/inputBuffer.ts', 'description': 'Test heredoc write'}

[tool] Bash: {'command': "cat > /data/youtube-playables/M11-Gap/game/src/render/inputBuffer.ts <<'TXT'\nplaceholder\nTXT\nls -l /data/youtube-playables/M11-Gap/game/src/render/inputBuffer.ts", 

[tool] Bash: {'command': 'mkdir -p .wtest && echo hi > .wtest/a.txt && cat .wtest/a.txt && rm -rf .wtest', 'description': 'Test write permission in project dir'}

[tool] Edit: {'replace_all': False, 'file_path': '/data/youtube-playables/M11-Gap/game/src/render/inputBuffer.ts', 'old_string': 'placeholder\n', 'new_string': 'export {};\n'}

[tool] Read: {'file_path': '/data/youtube-playables/M11-Gap/game/src/render/anim/unfoldPlan.ts', 'limit': 20}

[tool] Edit: {'replace_all': False, 'file_path': '/data/youtube-playables/M11-Gap/game/src/render/anim/unfoldPlan.ts', 'old_string': '// Pattern: Data Table (pure planner)\n// TRÁCH NHIỆM: mọi 

[tool] Edit: {'replace_all': False, 'file_path': '/data/youtube-playables/M11-Gap/game/src/render/anim/unfoldPlan.ts', 'old_string': "const SHEET_OPEN: readonly RenderPhase[] = ['unfolding', 'c

[tool] Edit: {'replace_all': False, 'file_path': '/data/youtube-playables/M11-Gap/game/src/render/anim/unfoldPlan.ts', 'old_string': "import { MAX_CHAIN_LEN } from '../../logic/chainTable';\nim

[tool] Edit: {'replace_all': False, 'file_path': '/data/youtube-playables/M11-Gap/game/src/ui/testids.ts', 'old_string': "import type { Box } from '../render/layout';\nimport { TAP_MIN } from '

[tool] Edit: {'replace_all': False, 'file_path': '/data/youtube-playables/M11-Gap/game/src/ui/testids.ts', 'old_string': '// Pattern: Registry (QA hooks)\n// TRÁCH NHIỆM: tầng render không có D

[tool] Edit: {'replace_all': False, 'file_path': '/data/youtube-playables/M11-Gap/game/src/ui/testids.ts', 'old_string': "/** Gắn data-testid cho canvas và công bố registry cho devtools/QA. */\

[tool] Edit: {'replace_all': False, 'file_path': '/data/youtube-playables/M11-Gap/game/src/ui/button.ts', 'old_string': "import Phaser from 'phaser';\nimport { DUR, TOUCH } from '../render/anim

[tool] Edit: {'replace_all': False, 'file_path': '/data/youtube-playables/M11-Gap/game/src/ui/button.ts', 'old_string': "import type { RenderPhase } from '../render/anim/unfoldPlan';\nimport { 

[tool] Edit: {'replace_all': False, 'file_path': '/data/youtube-playables/M11-Gap/game/src/ui/button.ts', 'old_string': 'export type ButtonView = {\n  readonly obj: Phaser.GameObjects.Container

[tool] Edit: {'replace_all': False, 'file_path': '/data/youtube-playables/M11-Gap/game/src/ui/button.ts', 'old_string': 'export type ButtonView = {', 'new_string': '/**\n * Cờ trạng thái của mộ

[tool] Edit: {'replace_all': False, 'file_path': '/data/youtube-playables/M11-Gap/game/src/ui/button.ts', 'old_string': '    show: () => {\n      obj.setVisible(true);\n      shown = true;\n   

[tool] Edit: {'replace_all': False, 'file_path': '/data/youtube-playables/M11-Gap/game/src/ui/button.ts', 'old_string': '      plate.setStrokeStyle(Math.max(2, box2.h * 0.03), parseHex(primary 

[tool] Edit: {'replace_all': False, 'file_path': '/data/youtube-playables/M11-Gap/game/src/ui/button.ts', 'old_string': '// Pattern: Factory + Data Table (component tái dùng giữa các scene)\n//

[tool] Edit: {'replace_all': False, 'file_path': '/data/youtube-playables/M11-Gap/game/src/render/components/SheetView.ts', 'old_string': "import Phaser from 'phaser';\nimport { toNumber } from

[tool] Edit: {'replace_all': False, 'file_path': '/data/youtube-playables/M11-Gap/game/src/render/components/SheetView.ts', 'old_string': '  private placeHoles(points: readonly Point[], role: H

[tool] Edit: {'replace_all': False, 'file_path': '/data/youtube-playables/M11-Gap/game/src/render/components/SheetView.ts', 'old_string': '  /** Tô lại toàn bộ theo theme + Box mới (gọi khi res

[tool] Edit: {'replace_all': False, 'file_path': '/data/youtube-playables/M11-Gap/game/src/render/components/SheetView.ts', 'old_string': "  /** Trượt sang màn kế (pack §5: 400ms) — xong thì sc

[tool] Edit: {'replace_all': False, 'file_path': '/data/youtube-playables/M11-Gap/game/src/render/components/SheetView.ts', 'old_string': '  private theme: PaperTheme;\n\n  private homeX = 0;\n

[tool] Edit: {'replace_all': False, 'file_path': '/data/youtube-playables/M11-Gap/game/src/render/components/SheetView.ts', 'old_string': '  relayout(box: Box, theme: PaperTheme): void {\n    t

[tool] Edit: {'replace_all': False, 'file_path': '/data/youtube-playables/M11-Gap/game/src/render/components/OptionCard.ts', 'old_string': "import Phaser from 'phaser';\nimport { toNumber } fro

[tool] Edit: {'replace_all': False, 'file_path': '/data/youtube-playables/M11-Gap/game/src/render/scenes/PlayScene.ts', 'old_string': "// Pattern: Scene (view của máy trạng thái levelState)\n//

[tool] Edit: {'replace_all': False, 'file_path': '/data/youtube-playables/M11-Gap/game/src/render/scenes/PlayScene.ts', 'old_string': "// Pattern: Scene (view của máy trạng thái levelState)\n//

[tool] Edit: {'replace_all': False, 'file_path': '/data/youtube-playables/M11-Gap/game/src/render/scenes/PlayScene.ts', 'old_string': "import {\n  applyOutcome, breathPlan, createInputBuffer, D

[tool] Read: {'file_path': '/data/youtube-playables/M11-Gap/game/src/render/scenes/PlayScene.ts', 'limit': 115, 'offset': 50}

[tool] Edit: {'replace_all': False, 'file_path': '/data/youtube-playables/M11-Gap/game/src/render/scenes/PlayScene.ts', 'old_string': "export class PlayScene extends Phaser.Scene {\n  private s

[tool] Read: {'file_path': '/data/youtube-playables/M11-Gap/game/src/render/scenes/PlayScene.ts', 'offset': 168}

[tool] Edit: {'replace_all': False, 'file_path': '/data/youtube-playables/M11-Gap/game/src/render/scenes/PlayScene.ts', 'old_string': "    this.state = initialLevelState(spec);\n    this.phase 

[tool] Read: {'file_path': '/data/youtube-playables/M11-Gap/game/src/render/scenes/PlayScene.ts', 'limit': 40, 'offset': 155}

[tool] Edit: {'replace_all': False, 'file_path': '/data/youtube-playables/M11-Gap/game/src/render/scenes/PlayScene.ts', 'old_string': '  private openSpec(spec: LevelSpec): void {\n  /** Nạp một

[tool] Edit: {'replace_all': False, 'file_path': '/data/youtube-playables/M11-Gap/game/tests/logic/view-b3a-geometry.test.ts', 'old_string': '// ================================================

[tool] Edit: {'replace_all': False, 'file_path': '/data/youtube-playables/M11-Gap/game/tests/logic/view-b3a-geometry.test.ts', 'old_string': "import { isOpenPhase, MAX_HOLES, RENDER_PHASES } fr

[tool] Read: {'file_path': '/data/youtube-playables/M11-Gap/game/tests/logic/view-b3a-geometry.test.ts', 'limit': 75, 'offset': 38}

[tool] Read: {'file_path': '/data/youtube-playables/M11-Gap/game/tests/logic/view-b3a-geometry.test.ts', 'limit': 60, 'offset': 112}

[tool] Edit: {'replace_all': False, 'file_path': '/data/youtube-playables/M11-Gap/game/tests/logic/view-b3a-geometry.test.ts', 'old_string': '// --- hằng số TRÍCH NGUYÊN VĂN (pack §5; nguồn DS 

[tool] Read: {'file_path': '/data/youtube-playables/M11-Gap/game/tests/logic/view-b3a-geometry.test.ts', 'limit': 100, 'offset': 76}

[tool] Edit: {'replace_all': False, 'file_path': '/data/youtube-playables/M11-Gap/game/tests/logic/view-b3a-geometry.test.ts', 'old_string': 'describe(\'unfoldPlan - lịch mở bung từng lớp (DS:1

[tool] Edit: {'replace_all': False, 'file_path': '/data/youtube-playables/M11-Gap/game/tests/logic/view-b3a-geometry.test.ts', 'old_string': "  it('giam camera 2 lan => ca 15 vùng co đúng 2 lan

[tool] Edit: {'replace_all': False, 'file_path': '/data/youtube-playables/M11-Gap/game/tests/logic/view-b3a-geometry.test.ts', 'old_string': "import { creaseBand, layoutOf, TAP_MIN } from '../.

[tool] Edit: {'replace_all': False, 'file_path': '/data/youtube-playables/M11-Gap/game/tests/logic/view-b3a-timing.test.ts', 'old_string': "//   export function unfoldTimeline(opts: UnfoldOpts)

[tool] Edit: {'replace_all': False, 'file_path': '/data/youtube-playables/M11-Gap/game/tests/logic/view-b3a-timing.test.ts', 'old_string': "import type { LevelPhase, LevelState } from '../../sr

[tool] Edit: {'replace_all': False, 'file_path': '/data/youtube-playables/M11-Gap/game/tests/logic/view-b3a-timing.test.ts', 'old_string': "import { CAMPAIGN } from '../../src/logic/progression

[tool] Read: {'file_path': '/data/youtube-playables/M11-Gap/game/tests/logic/view-b3a-timing.test.ts', 'offset': 68}

[tool] Edit: {'replace_all': False, 'file_path': '/data/youtube-playables/M11-Gap/game/tests/logic/view-b3a-timing.test.ts', 'old_string': "const TIMING_CASES: readonly TimingCase[] = [\n  // 4

[tool] Edit: {'replace_all': False, 'file_path': '/data/youtube-playables/M11-Gap/game/tests/logic/view-b3a-timing.test.ts', 'old_string': "  it('PC-L-03 nhánh sai: explainMs = 500 + 200 = 700,

[tool] Edit: {'replace_all': False, 'file_path': '/data/youtube-playables/M11-Gap/game/tests/logic/view-b3a-timing.test.ts', 'old_string': "describe('B3a — bảng gate input + buffer (PC-05, SPEC

[tool] Edit: {'replace_all': False, 'file_path': '/data/youtube-playables/M11-Gap/game/tests/logic/view-b3a-timing.test.ts', 'old_string': "  it('A15: RENDER_PHASESabat từ CHÍNH bảng gate => th

[tool] Edit: {'replace_all': False, 'file_path': '/data/youtube-playables/M11-Gap/game/tests/logic/view-b3a-timing.test.ts', 'old_string': "describe('B3a — timer: PlayScene cấm đồng hồ wall-clo

[tool] Edit: {'replace_all': False, 'file_path': '/data/youtube-playables/M11-Gap/game/src/render/components/SheetView.ts', 'old_string': '  /** Mở bung từng lớp theo lịch (lớp ngoài cùng trước

[tool] Edit: {'replace_all': False, 'file_path': '/data/youtube-playables/M11-Gap/game/src/render/components/SheetView.ts', 'old_string': "import {\n  DUR, holeBudget, MAX_HOLES, MAX_LAYERS, TO

[tool] Edit: {'replace_all': False, 'file_path': '/data/youtube-playables/M11-Gap/game/src/render/scenes/PlayScene.ts', 'old_string': "  /** Cú bấm vào một ô: qua `tap`, xong `resolve` — máy tr

[tool] Edit: {'replace_all': False, 'file_path': '/data/youtube-playables/M11-Gap/game/src/render/scenes/PlayScene.ts', 'old_string': '  private paint(): void {\n    this.phase = RENDER_BY_PHAS

[tool] Edit: {'replace_all': False, 'file_path': '/data/youtube-playables/M11-Gap/game/src/render/scenes/TitleScene.ts', 'old_string': "import Phaser from 'phaser';\nimport { t } from '../../lo

[tool] Read: {'file_path': '/data/youtube-playables/M11-Gap/game/src/render/scenes/TitleScene.ts'}

[tool] Edit: {'replace_all': False, 'file_path': '/data/youtube-playables/M11-Gap/game/src/render/scenes/TitleScene.ts', 'old_string': "import Phaser from 'phaser';\nimport { t } from '../../lo

[tool] Edit: {'replace_all': False, 'file_path': '/data/youtube-playables/M11-Gap/game/src/render/scenes/TitleScene.ts', 'old_string': "/** Một hàng trên màn Title: id QA + hình + ô + cú bấm — 

[tool] Edit: {'replace_all': False, 'file_path': '/data/youtube-playables/M11-Gap/game/src/render/scenes/TitleScene.ts', 'old_string': "    this.views = ROWS.map((row) => {\n      const view = 

[tool] Bash: {'command': 'grep -n "type Vars\\|export function t" src/logic/i18n.ts && npm run typecheck 2>&1 | tail -30', 'description': 'Run typecheck'}

[tool] Bash: {'command': "sed -n '140,240p' src/ui/button.ts | cat -n", 'description': 'Inspect button.ts tail'}

[tool] Bash: {'command': "sed -n '240,275p' src/main.ts", 'description': 'Look at main.ts 240-275'}

[tool] Edit: {'replace_all': False, 'file_path': '/data/youtube-playables/M11-Gap/game/src/render/scenes/PlayScene.ts', 'old_string': '/** Event nội bộ báo "bảng lịch từ chối input" — C9: cắt/c

[tool] Edit: {'replace_all': False, 'file_path': '/data/youtube-playables/M11-Gap/game/src/render/scenes/PlayScene.ts', 'old_string': '  /** Báo bất thường của tầng vẽ cho scene cha (QA nối vào

[tool] Bash: {'command': "sed -n '255,266p' src/main.ts | cat -n && wc -l src/main.ts", 'description': 'Inspect main.ts error line'}

[tool] Bash: {'command': 'npm run typecheck 2>&1 | grep -E "error TS" | head -25', 'description': 'Re-run typecheck'}

[result] is_error=True num_turns=91 duration_ms=1675887 cost_usd=9.49017225
