[Your previous response had no visible output. Please continue and produce a user-visible response.]

[tool] Bash: {'command': 'ls -la src/render src/ui src/logic tests/logic tests/logic/helpers 2>&1 | head -80', 'description': 'List render/ui/logic/test files'}

[tool] Bash: {'command': 'npm run gate 2>&1 | tail -40', 'description': 'Run the gate (typecheck + tests + smell)', 'timeout': 600000}

[tool] Bash: {'command': 'npm run gate 2>&1 | grep -nE "gate|typecheck|smell|Test Files|Tests |error TS|FAIL|✓ |exit" | head -40', 'description': 'Extract gate stage results', 'timeout': 600000

[tool] Bash: {'command': 'cat package.json | head -40; echo ---; ls src/render/scenes src/render/anim src/render/components src/render/theme', 'description': 'Show package scripts and render su

[tool] Read: {'file_path': '/data/youtube-playables/M11-Gap/game/tests/logic/scene-boot.test.ts'}

[tool] Bash: {'command': 'grep -nE "scene\\.key|super\\(|KEY|\'Play\'|\\"Play\\"|start\\(|stop\\(" src/render/scenes/*.ts | head -40', 'description': 'Grep scene keys and start/stop calls'}

[tool] Bash: {'command': 'npx vitest run tests/logic/scene-boot.test.ts 2>&1 | grep -vE "^\\s*$" | head -60', 'description': 'Run scene-boot test alone and view output', 'timeout': 300000}

[tool] Read: {'file_path': '/data/youtube-playables/M11-Gap/game/src/main.ts'}

[tool] Read: {'file_path': '/data/youtube-playables/M11-Gap/game/src/render/scenes/PlayScene.ts'}

[tool] Read: {'file_path': '/data/youtube-playables/M11-Gap/game/src/ui/testids.ts'}

[tool] Bash: {'command': 'ls /data/shared-board-agent-waves/game-gap-giay/code/ 2>/dev/null | head; ls ../harness/packs/ 2>/dev/null | head -30', 'description': 'Locate geometry truth script an

[tool] Bash: {'command': 'grep -nE "testid-" src/ui/button.ts src/render/scenes/TitleScene.ts src/render/scenes/BootScene.ts | head -40; echo "=== OPTION/SLOT ids ==="; grep -nE "id: \'" src/ui

[tool] Bash: {'command': 'grep -nA40 -iE "^## *§?6|^##.*testid|danh sách testid" ../harness/packs/b3a.md | sed -n \'1,80p\'', 'description': 'Extract pack section 6 testid list'}

[tool] Bash: {'command': 'grep -nB3 -A45 -iE "§5|animation|thông số" ../harness/packs/b3a.md | sed -n \'1,90p\'', 'description': 'Extract pack section 5 animation params'}

[tool] Bash: {'command': 'cd /data/youtube-playables/M11-Gap/game; echo "=== C-R1 ==="; grep -rnE "correctIndex|=== *answer|holes\\.length" src/render src/ui; echo "=== C-R2 setText ==="; grep 

[tool] Bash: {'command': 'cd /data/youtube-playables/M11-Gap/game; echo "=== imports render/ui ==="; grep -rn "^import" src/render src/ui | sed \'s/:import type.*/: (type)/\' ; echo "=== line c

[tool] Bash: {'command': 'cd /data/youtube-playables/M11-Gap/game; echo "=== DUR/breath/timing in unfoldPlan ==="; grep -nE "head|tail|DUR|pop|stagger|layerDelay|layerDur|holeStagger|totalMs|id

[tool] Bash: {'command': 'cd /data/youtube-playables/M11-Gap/game; ls tests/logic/helpers/; echo "=== who boots a Phaser game in tests ==="; grep -rln "new Phaser.Game" tests/ ; echo "=== dom-s

[tool] Bash: {'command': 'mkdir -p /tmp/rev && cat > /tmp/rev/probe.test.ts <<\'EOF\'\nimport \'/data/youtube-playables/M11-Gap/game/tests/logic/helpers/dom-shim\'\nimport { expect, it } from \

[tool] Bash: {'command': 'mkdir -p /tmp/revB3a && cp /tmp/rev/probe.test.ts /tmp/revB3a/ && npx vitest run --root /tmp/revB3a 2>&1 | grep -E "isBooted|ERRORS|Test Files|Tests |Error|✓|×" | head

[tool] Bash: {'command': 'ls /data/youtube-playables/M11-Gap/game/node_modules/phaser/dist/ | head; grep -n \'"main"\\|"module"\\|"exports"\' -A6 /data/youtube-playables/M11-Gap/game/node_modul

[tool] Bash: {'command': 'cd /tmp/revB3a && sed -i "s#\'/data/youtube-playables/M11-Gap/game/node_modules/phaser/dist/phaser.cjs\'#\'/data/youtube-playables/M11-Gap/game/node_modules/phaser/dis

[tool] Bash: {'command': 'cd /tmp/revB3a && npx vitest run --root /tmp/revB3a 2>&1 | grep -A6 "stdout" | head -40', 'description': 'Show probe console output', 'timeout': 300000}

[tool] Bash: {'command': 'cd /tmp/revB3a && npx vitest run --root /tmp/revB3a --reporter=basic 2>&1 | tail -30', 'description': 'Run probe with basic reporter', 'timeout': 300000}

[tool] Bash: {'command': 'cd /tmp/revB3a && python3 - <<\'PY\'\nimport re\np=\'/tmp/revB3a/probe.test.ts\'\ns=open(p).read()\ns=s.replace("""  console.log(\'isBooted=\', (game as any).isBooted,

[tool] Bash: {'command': 'ln -sfn /data/youtube-playables/M11-Gap/game/node_modules /tmp/revB3a/node_modules; cat > /tmp/revB3a/probe2.test.ts <<\'EOF\'\nimport \'/data/youtube-playables/M11-Ga

[tool] Bash: {'command': 'cd /tmp/revB3a && npx vitest run --root /tmp/revB3a probe2 2>&1 | tail -25', 'description': 'Show full probe2 output', 'timeout': 300000}

[tool] Bash: {'command': 'npx vitest run --root /tmp/revB3a probe2 2>&1 | tail -25', 'description': 'Run probe2 from repo with tmp root', 'timeout': 300000}

[tool] Bash: {'command': 'cd /tmp/revB3a && sed -i "s#^import Phaser from \'phaser\'#import Phaser from \'/data/youtube-playables/M11-Gap/game/node_modules/phaser/dist/phaser.esm.js\'#" probe2.

[tool] Bash: {'command': 'npx vitest run --root /tmp/revB3a probe2 2>&1 | tail -30', 'description': 'Show probe2 full result', 'timeout': 300000}

[tool] Bash: {'command': 'cd /data/youtube-playables/M11-Gap/game/node_modules/phaser/dist && grep -n "add: function" -A 45 phaser.esm.js | grep -nE "add: function|position|insertOp|createScene

[tool] Bash: {'command': "sed -n '216526,216610p' phaser.esm.js", 'description': 'Read SceneManager.add body'}

[tool] Bash: {'command': 'cat > /tmp/revB3a/probe3.test.ts <<\'EOF\'\nimport \'/data/youtube-playables/M11-Gap/game/tests/logic/helpers/dom-shim\'\nimport { it } from \'vitest\'\nimport Phaser 

[tool] Bash: {'command': 'cd /data/youtube-playables/M11-Gap/game; sed -n \'28,40p;160,200p\' src/render/anim/unfoldPlan.ts; echo "=== button show/hide/register ==="; grep -nE "registerTestid|h

[tool] Bash: {'command': 'cd /data/youtube-playables/M11-Gap/game; python3 /data/shared-board-agent-waves/game-gap-giay/code/g01_fold_sim.py 2>&1 | tail -12; echo "=== weak asserts in b3a tests

[tool] Bash: {'command': 'cd /data/youtube-playables/M11-Gap/game; sed -n \'268,294p\' src/render/components/SheetView.ts; grep -n "TAP_MIN *=" src/render/layout.ts; echo "=== text/labels in re
## Bằng chứng chính (output THẬT của `npm run gate`)

```
> paper-crease@0.1.0 gate
> npm run typecheck && npm run test:logic && node tools/gate-smell.mjs
...
 ✓ tests/logic/generator-10000.test.ts (11 tests) 24576ms
 ✓ tests/logic/view-b3a-timing.test.ts (62 tests) 107ms
 ❯ tests/logic/scene-boot.test.ts (4 tests | 2 failed)
 FAIL  tests/logic/scene-boot.test.ts > PlayScene khi boot > boot headless => đăng đủ rect HUD + 4 ô
AssertionError: scene chơi phải là scene đang chạy: expected [] to include 'Play'   (scene-boot.test.ts:62)
 FAIL  tests/logic/scene-boot.test.ts > PlayScene khi boot > shutdown thì rect của màn chơi bị xoá
AssertionError: scene phải đã dừng hẳn trước khi đo rect: expected null to be false (scene-boot.test.ts:99)
 Test Files  1 failed | 35 passed (36)
      Tests  2 failed | 555 passed (557)
```

Probe chẩn đoán (script nháp `/tmp/revB3a/probe3.test.ts`, KHÔNG sửa repo) — game HEADLESS thật, cùng module Phaser (`samePhaser:true`), `isBooted:true`:

```
DIAG3 cfg={"booted":false,"all":0,"active":[],"tids":0} add={"booted":false,"pending":1,"all":0}
```

⇒ `scene.isBooted` của SceneManager **mãi là false** dưới `tests/logic/helpers/dom-shim.ts`, kể cả khi nhét scene qua `scene: [PlayScene]` (đúng hình dạng `main.ts:195`). Scene chơi **không bao giờ chạy** ở node ⇒ 2 assertion "boot/rect" không có cửa xanh, và it#4 (`scene-boot.test.ts:96`) thấy `Object.keys(TESTIDS).length>0` trong khi `isActive('Play')` trả `undefined` ⇒ rect đến từ instance game trước (TESTIDS là module-singleton ở `src/ui/testids.ts:25`, không được dọn) — xanh do rò rỉ state.

C-R1: `grep -rnE "correctIndex|=== *answer|holes\.length" src/render src/ui` → chỉ 1 dòng **comment** (`PlayScene.ts:4`).
C-R2: `grep -rn "setText(" src/render src/ui` → 5 chỗ, đều là số/rỗng/`t()` (`InkBadge.ts:24`, `PlayScene.ts:178/179/204`, `button.ts:202`).
C-R3: bảng có đủ 20/20 tên pack §6 (`testids.ts:98-108` = 12, `button.ts:117-146` = 7, `TitleScene.ts:43-51` = title-play/title-shop).
C-R4: `unfoldPlan.ts:33` head140/layerStep110/pop250/stagger60/sweep500/blend200; `layerWait(4)=470`, `layerWait(8)=910`; breath `:67` yoyo1200·repeat2·idle5000; `SheetView.ts:294` SLIDE_MS=400; `SheetView.ts:179-181` shake `duration: DUR.fast/4` (30ms)·repeat 3 ≈ 240ms, **không phải `dur.slow` 400ms**, không có ghi chú duyệt; `DUR` không có token `slow`.
C-R5: `unfoldPlan.ts:167` `next: 'correct'`, `button.ts:136` btn-unfold chỉ hiện ở `correct`, `PlayScene.ts:347` `sheet.slideOut(() => this.openSpec(next))` — không có scene thắng.

## KẾT LUẬN: FAIL

| mục | phán quyết | bằng chứng (file:dòng hoặc số đo) |
|---|---|---|
| C1 | FAIL | `npm run gate` đỏ: 2 failed / 557 (`scene-boot.test.ts:62`, `:99`); probe DIAG3 `scene.isBooted:false` |
| C2 | FAIL | `scene-boot.test.ts:79-91` xanh rỗng (rect `undefined` → `forEach` `return`, `overlaps=[]`); `:47-56` chỉ `typeof ... 'function'`; `:96` xanh nhờ TESTIDS rò rỉ từ it trước |
| C3 | PASS | `tests/logic/generator-10000.test.ts` 11 tests / 24576ms xanh (đủ vòng 10.000 đề) |
| C4 | PASS | `generator.test.ts` TC-GEN-01/02 determinism xanh (351ms) |
| C5 | KHÔNG KIỂM CHỨNG ĐƯỢC | B3a không sửa `src/logic/**` (đồ thị import bên dưới: render chỉ `levelState/rational/progression/chainTable/cutRegion`); `g01_fold_sim.py` chạy ra 24/13/18/18/42/26/36/18/12 cụm, chưa đối chiếu lại tay trong phiên này |
| C6 | PASS | PC-05 gate+buffer `unfoldPlan.ts:171-181` (GATE_ROWS); PC-05 flush `PlayScene.ts:273-277`; PC-13 `button.ts:124/128`; PC-16 `PlayScene.ts:186-189`; PC-17 `PlayScene.ts:116-127`; PC-18 `PlayScene.ts:101-105` |
| C7 | PASS | render/ui import đúng `{phaser, logic/*, ui/*, render/*}`; 0 `fetch/XMLHttpRequest/localStorage` (`grep` rỗng); `document/window` chỉ ở `testids.ts:72` (QA registry) |
| C8 | PASS | typecheck sạch (gate chạy tới vitest); `grep ": any|as any|@ts-ignore"` trong src/render+src/ui → 0; chỉ 1 `as unknown` có chú thích `PlayScene.ts:255` |
| C9 | PASS | `view-b3a-timing.test.ts` 62 tests; `holeBudget` cắt+rỗng báo `holes-clipped`/`no-timeline` `PlayScene.ts:243-244` |
| C10 | PASS | 0 `console.log`/`NOT_IMPLEMENTED` trong src (grep rỗng); `grep` chỉ ra `Math.random/Date.now/performance.now` = 0 |
| C11 | PASS | `share-code.test.ts` 7 tests xanh; B3a không đụng `logic/shareCode.ts` |
| C12 | PASS | `OPTION_IDS` 4 id tĩnh `testids.ts:76-78`; 10.000 đề phân biệt ở generator-10000 |
| C-R1 | PASS | grep chỉ gặp `correctIndex` trong comment `PlayScene.ts:4`; phán quyết lấy từ `tap/resolve/RENDER_BY_PHASE`; ô đã chọn đọc `st.picked` (`:449-452`) |
| C-R2 | PASS | mọi `setText` qua `t()` hoặc số; nhãn nút từ `labelKey` (`button.ts:119-143`), `title` qua `t('app.title')` (`BootScene.ts:34`, `TitleScene.ts:81`) |
| C-R3 | KHÔNG KIỂM CHỨNG ĐƯỢC (đủ tên ở bảng; rect runtime không đo được) | đủ 20/20 ở `testids.ts:98-108`+`button.ts:117-146`+`TitleScene.ts:43-51`; scene không boot trong node (DIAG3 `tids:0`) ⇒ chưa chứng minh được rect thật ≥44px; `registerTestid` `testids.ts:29-30` **kẹp** `Math.max(TAP_MIN,…)` giữ nguyên góc trên-trái ⇒ rect nở ra ngoài hit area thật |
| C-R4 | FAIL | khớp 140/110→470/910, 250/60, 500+200=700, 1200·repeat2·5000, slide 400 (`SheetView.ts:294`); NHƯNG shake `SheetView.ts:179-181` = 30ms×4 (yoyo, repeat 3) ≈240ms ≠ `dur.slow` 400ms, và `DUR` (`unfoldPlan.ts:33`) không có `slow` — không có ghi chú duyệt |
| C-R5 | PASS | không có scene/modal thắng: sau `correct` chỉ `btn-unfold` (`button.ts:136`) → `toNext` `PlayScene.ts:338-348` dựng tờ màn kế bằng `slideOut+openSpec` trong cùng scene |

**ĐIỂM NGHI NGỜ**
- `PlayScene.ts` 476 dòng, `SheetView.ts` 294 dòng — vượt trần mềm ≤250 của pack §8 ("scene phình = FAIL A2").
- `PlayScene.ts:240` `2 ** st.spec.folds.length` — view tự suy số lớp từ `folds` (luật hình học nằm ở logic); `:451` `st.picked ?? st.lastWrong ?? -1` cũng là fallback do view đoán.
- Chiều import chéo: `src/ui/testids.ts:11-13` import `render/anim/unfoldPlan` + `render/layout` trong khi `render/*` import `ui/*` ⇒ ui không còn là lá.
- `TESTIDS` singleton module không reset giữa các instance game → mọi đo đạc render-boot dễ cho kết quả phụ thuộc thứ tự.
- C5 không đối chiếu lại Python trong phiên này (B3a không đụng `src/logic`).

**3 RỦI RO LỚN NHẤT**
1) Gate đỏ ⇒ batch chưa thể nhận M1; tác giả nộp ở trạng thái "test tự dựng không chạy được scene", và 2 test còn lại của cùng file **xanh giả** (rect rỗng / state rò rỉ) nên lần sửa sau rất có thể chỉ "làm vừa test" thay vì sửa harness `dom-shim` cho GAME_READY của Phaser boot được.
2) Toàn bộ hành vi QA-runtime của B3a (rect 20 testid, ≥44px, không đè nhau, dọn rect khi ẩn nút) **chưa từng được thực thi một lần** trong node; nếu chỉ dựa vào bảng, lỗi thật (kẹp 44px lệch tâm, rect nút `hide` còn sót, `packetBox` lúc `unfolding`) sẽ chỉ lộ ra khi Hermes bấm browser ở mốc M1.
3) `registerTestid` bẻ宽高 lên 44px mà không giữ tâm (`testids.ts:29-30`) + `shake` sai lịch (`SheetView.ts:179`) là hai chỗ "số trong code tự ý khác pack" — nếu giữ nguyên thì Playwright bấm lệch ô và lịch hoạt cảnh bị ngắn hơn chuẩn thiết kế.

[result] is_error=False num_turns=38 duration_ms=690171 cost_usd=1.3828787499999997
