
> paper-crease@0.1.0 gate
> npm run typecheck && npm run test:logic && node tools/gate-smell.mjs


> paper-crease@0.1.0 typecheck
> tsc --noEmit


> paper-crease@0.1.0 test:logic
> vitest run tests/logic tests/platform


 RUN  v2.1.9 /data/youtube-playables/M11-Gap/game

 ✓ tests/logic/view-b3a-timing.test.ts (62 tests) 256ms
 ✓ tests/logic/generator.test.ts (29 tests) 4579ms
   ✓ generator.levelSpec — PC-02 deterministic từ seed (TC-GEN-01, TC-GEN-02) > TC-GEN-01 · PC-02: determinism giữ nguyên khi sinh hàng loạt màn khác xen giữa (không trạng thái ẩn) 342ms
   ✓ generator.levelSpec — PC-01 tham số chương là DỮ LIỆU, không hardcode > TC-GEN-11 · PC-03 + PC-01: dải chương 4..8 CÓ xuất hiện "cắt 1 góc chéo" hợp lệ; chương 1..3 chỉ đục lỗ 330ms
   ✓ B1/F-1 · cfg.punchCount được tôn trọng tuyệt đối trên bảng chương thật 8×15 > (b) 200 seed × HV/HVH/HHV × punchCount 3..4 ⇒ hoặc đủ, hoặc NÉM nêu chain + punchCount 763ms
 ✓ tests/logic/chain-config.test.ts (27 tests) 1416ms
   ✓ A1/F-1 · chainFor cấm nuốt foldCount ngoài bảng > 200 seed liên tiếp: mọi chuỗi tuân luật, tất định, và bảng không bị hẹp đến mức chỉ ra 1 chuỗi 1033ms
 ✓ tests/logic/view-b3a-contract.test.ts (16 tests) 29ms
 ✓ tests/logic/fold-rules.test.ts (27 tests) 164ms
 ✓ tests/logic/save.test.ts (23 tests) 33ms
 ✓ tests/logic/view-b3a-geometry.test.ts (19 tests) 44ms
 ✓ tests/logic/validator.test.ts (32 tests) 75ms
 ✓ tests/logic/records.test.ts (19 tests) 63ms
 ✓ tests/logic/generator-10000.test.ts (11 tests) 35054ms
 ✓ tests/logic/level-state.test.ts (17 tests) 81ms
 ✓ tests/logic/i18n.test.ts (8 tests) 107ms
 ✓ tests/logic/economy.test.ts (18 tests) 45ms
 ✓ tests/logic/fold-unfold.test.ts (30 tests) 68ms
 ✓ tests/logic/rational.test.ts (26 tests) 44ms
 ✓ tests/logic/progression.test.ts (13 tests) 41ms
 ✓ tests/logic/hint-undo.test.ts (11 tests) 37ms
 ✓ tests/logic/records-store.test.ts (13 tests) 50ms
 ✓ tests/platform/debug.test.ts (19 tests) 105ms
 ✓ tests/platform/playgama-adapter.test.ts (11 tests) 41ms
 ✓ tests/platform/ad-mock.test.ts (8 tests) 222ms
 ✓ tests/platform/ytgame-adapter.test.ts (8 tests) 19ms
 ✓ tests/logic/telemetry.test.ts (9 tests) 269ms
 ✓ tests/platform/network-ban.test.ts (8 tests) 140ms
 ✓ tests/platform/host-shape.test.ts (10 tests) 16ms
stdout | tests/logic/scene-boot.test.ts > PlayScene khi boot (F2: hết test dò đường) > boot headless => đăng đủ rect HUD + 4 ô, số hữu hạn và không nhỏ hơn trần chạm
Phaser v4.2.1 (Headless | No Audio) https://phaser.io/v4021

stdout | tests/logic/scene-boot.test.ts > PlayScene khi boot (F2: hết test dò đường) > bốn ô đáp án không đè nhau trên màn hình (PC-03: bốn câu hỏi riêng)
Phaser v4.2.1 (Headless | No Audio) https://phaser.io/v4021

stdout | tests/logic/scene-boot.test.ts > PlayScene khi boot (F2: hết test dò đường) > shutdown thì rect của màn chơi bị xoá khỏi registry (không còn vùng bấm vô hình)
Phaser v4.2.1 (Headless | No Audio) https://phaser.io/v4021

 ✓ tests/logic/scene-boot.test.ts (4 tests) 375ms
 ✓ tests/logic/level-config.test.ts (6 tests) 69ms
 ✓ tests/logic/view-b3a-holes.test.ts (7 tests) 129ms
 ✓ tests/logic/stars.test.ts (13 tests) 28ms
 ✓ tests/platform/null-adapter.test.ts (10 tests) 33ms
 ✓ tests/logic/refactor-contract.test.ts (9 tests) 418ms
 ✓ tests/platform/standalone-full-loop.test.ts (6 tests) 28ms
 ✓ tests/platform/registry.test.ts (8 tests) 41ms
 ✓ tests/logic/validator-action.test.ts (9 tests) 89ms
 ✓ tests/logic/config-caps.test.ts (4 tests) 16ms
 ✓ tests/logic/share-code.test.ts (7 tests) 34ms

 Test Files  36 passed (36)
      Tests  557 passed (557)
   Start at  07:22:39
   Duration  77.22s (transform 8.68s, setup 0ms, collect 12.65s, tests 44.26s, environment 12ms, prepare 6.32s)

GATE V2 — 49 file trong src/logic, src/render, src/platform · trần: {"src/logic":250,"src/render":350,"src/platform":250} · dup-lines=6
KẾT QUẢ: FAIL (2 vi phạm thật)
  ✗ G1 src/render/scenes/PlayScene.ts = 477 dòng > 350 (tách trách nhiệm hoặc khai báo là file dữ liệu)
  ✗ G1 src/platform/sdkAdapter.ts = 251 dòng > 250 (tách trách nhiệm hoặc khai báo là file dữ liệu)
