
[tool] Read: {'file_path': '/data/youtube-playables/M11-Gap/game/tests/logic/scene-boot.test.ts'}

[tool] Bash: {'command': 'ls src/render src/ui tests/logic tests/logic/helpers 2>&1 | head -60', 'description': 'List render, ui, tests directories'}

[tool] Bash: {'command': 'npx vitest run tests/logic/scene-boot.test.ts 2>&1 | tail -60', 'description': 'Run failing scene-boot test'}

[tool] Bash: {'command': 'npx vitest run tests/logic/scene-boot.test.ts 2>&1 | tail -70', 'description': 'Run scene-boot test file', 'timeout': 300000}

[tool] Bash: {'command': 'npx vitest run tests/logic/scene-boot.test.ts', 'description': 'Run scene-boot test file', 'timeout': 300000}

[tool] Bash: {'command': './node_modules/.bin/vitest run tests/logic/scene-boot.test.ts 2>&1 | tail -70', 'description': 'Run scene-boot test with local vitest', 'timeout': 300000}

[tool] Bash: {'command': 'cat package.json', 'description': 'Show package.json scripts'}

[tool] Bash: {'command': 'npx vitest run "tests/logic/scene-boot.test.ts" 2>&1 | tail -70', 'description': 'Run single test file via vitest', 'timeout': 300000}

[tool] Bash: {'command': 'wc -l src/main.ts src/ui/testids.ts src/render/session.ts src/render/layout.ts src/render/scenes/*.ts tests/logic/helpers/dom-shim.ts', 'description': 'Count lines of 

[tool] Read: {'file_path': '/data/youtube-playables/M11-Gap/game/src/ui/testids.ts'}

[tool] Read: {'file_path': '/data/youtube-playables/M11-Gap/game/src/render/scenes/PlayScene.ts'}

[tool] Bash: {'command': 'npm run test:logic 2>&1 | tail -40', 'description': 'Run logic test suite', 'timeout': 600000}

[tool] Bash: {'command': 'npm run typecheck', 'description': 'Typecheck project', 'timeout': 300000}

[tool] Bash: {'command': 'npm run typecheck 2>&1 | tail -20', 'description': 'Typecheck with sandbox disabled', 'timeout': 300000, 'dangerouslyDisableSandbox': True}

[tool] Bash: {'command': 'node --version; echo "cwd=$(pwd)"', 'description': 'Check node version and cwd'}

[tool] Bash: {'command': 'node node_modules/vitest/vitest.mjs run tests/logic/scene-boot.test.ts', 'description': 'Run scene-boot test via node', 'timeout': 300000}

[tool] Read: {'file_path': '/data/youtube-playables/M11-Gap/game/src/main.ts'}

[tool] Bash: {'command': 'sed -n 1,80p tests/logic/view-b3a-contract.test.ts', 'description': 'Read head of view-b3a-contract test'}

[tool] Bash: {'command': 'grep -rn "new Phaser.Game\\|loop.step\\|getScenes\\|isActive" tests src --include=*.ts | head -30', 'description': 'Find Phaser game boot usages in tests and src'}

[tool] Write: {'contents': "import './helpers/dom-shim'\nimport { describe, expect, it } from 'vitest'\nimport Phaser from 'phaser'\nimport { bootGame, makeSession } from '../../src/main'\nimpor

[tool] Bash: {'command': "cat > tests/logic/zz-debug.test.ts <<'EOF'\nimport './helpers/dom-shim'\nimport { describe, expect, it } from 'vitest'\nimport Phaser from 'phaser'\nimport { bootGame,

[tool] Bash: {'command': "cat > tests/logic/zz-debug.test.ts <<'EOF'\n// dbg\nimport './helpers/dom-shim'\nimport { describe, expect, it } from 'vitest'\nimport Phaser from 'phaser'\nimport { b

[tool] Bash: {'command': 'cp tests/logic/scene-boot.test.ts tests/logic/zz-debug.test.ts', 'description': 'Copy test file for temporary debugging'}

[tool] Read: {'file_path': '/data/youtube-playables/M11-Gap/game/tests/logic/helpers/dom-shim.ts'}

[tool] Bash: {'command': 'ls node_modules/phaser/dist/ | head; grep -n "isBooting" node_modules/phaser/dist/phaser.cjs | head -30', 'description': 'Inspect phaser dist build files'}

[tool] Edit: {'replace_all': False, 'file_path': '/data/youtube-playables/M11-Gap/game/tests/logic/scene-boot.test.ts', 'old_string': "function bootPlay(): Phaser.Game {\n  const { adapter, fla

[tool] Bash: {'command': "node node_modules/vitest/vitest.mjs run tests/logic/scene-boot.test.ts 2>&1 | grep -E 'DBG|failed|passed|expected' | head -30", 'description': 'Run test file and show 

[tool] Edit: {'replace_all': False, 'file_path': '/data/youtube-playables/M11-Gap/game/tests/logic/scene-boot.test.ts', 'old_string': "function bootPlay(): Phaser.Game {\n  const { adapter, fla

[tool] Edit: {'replace_all': False, 'file_path': '/data/youtube-playables/M11-Gap/game/tests/logic/scene-boot.test.ts', 'old_string': "  it('boot headless => đăng đủ rect HUD + 4 ô, số hữu hạn 

[tool] Bash: {'command': "node node_modules/vitest/vitest.mjs run tests/logic/scene-boot.test.ts 2>&1 | grep -E 'DBG|failed|passed|expected' | head -20", 'description': 'Run test with async boo

[tool] Bash: {'command': 'sed -n 1,60p tools/gate-smell.mjs', 'description': 'Read gate-smell rules'}

[tool] Read: {'file_path': '/data/youtube-playables/M11-Gap/game/tests/logic/scene-boot.test.ts', 'limit': 60, 'offset': 24}

[tool] Edit: {'replace_all': False, 'file_path': '/data/youtube-playables/M11-Gap/game/tests/logic/scene-boot.test.ts', 'old_string': "/** Đủ số khung hình để DUR.head (140ms) qua đi và arrange

[tool] Bash: {'command': 'cat tools/gate-allow.json; sed -n 190,197p src/main.ts | cat -A | sed -n 1,8p | cut -c1-120', 'description': 'Show gate allowlist and main.ts lines'}

[tool] Edit: {'replace_all': False, 'file_path': '/data/youtube-playables/M11-Gap/game/tests/logic/scene-boot.test.ts', 'old_string': "  it('boot headless => đăng đủ rect HUD + 4 ô, số hữu hạn 

[tool] Edit: {'replace_all': False, 'file_path': '/data/youtube-playables/M11-Gap/game/tests/logic/scene-boot.test.ts', 'old_string': "  it('bốn ô đáp án không đè nhau trên màn hình (PC-03: bốn

[tool] Edit: {'replace_all': False, 'file_path': '/data/youtube-playables/M11-Gap/game/tests/logic/scene-boot.test.ts', 'old_string': "  it('shutdown thì rect của màn chơi bị xoá khỏi registry 

[tool] Bash: {'command': "node node_modules/vitest/vitest.mjs run tests/logic/scene-boot.test.ts 2>&1 | grep -vE '^Phaser|^$' | tail -25", 'description': 'Run scene-boot tests after fix', 'time

[tool] Bash: {'command': 'node node_modules/vitest/vitest.mjs run tests/logic/scene-boot.test.ts 2>&1 | tail -25', 'description': 'Run scene-boot tests after fix', 'timeout': 300000}

[tool] Bash: {'command': 'ls tests/logic/ tests/logic/helpers/ | grep -iE \'zz|probe|tmp|dbg\' || echo "KHONG_CO_FILE_TAM"', 'description': 'Check for leftover temporary test files'}

[tool] Edit: {'replace_all': False, 'file_path': '/data/youtube-playables/M11-Gap/game/tests/logic/scene-boot.test.ts', 'old_string': '//   · boot PlayScene headless rồi ĐỌC registry QA: đủ rec

[result] is_error=True num_turns=41 duration_ms=547917 cost_usd=1.3112632499999997
