
[tool] Bash: {'command': 'ls && echo "--- src ---" && find src -name \'*.ts\' | sort && echo "--- tests ---" && find tests -name \'*.ts\' | sort && echo "--- pkg ---" && cat package.json', 'des

[tool] Bash: {'command': 'wc -l src/render/**/*.ts src/render/*.ts src/platform/*.ts 2>/dev/null | sort -n | tail -40', 'description': 'Count lines in render and platform files'}

[tool] Read: {'file_path': '/data/youtube-playables/M11-Gap/game/src/render/components/OptionCard.ts'}

[tool] Read: {'file_path': '/data/youtube-playables/M11-Gap/game/src/render/components/SheetView.ts'}

[tool] Read: {'file_path': '/data/youtube-playables/M11-Gap/game/src/render/anim/unfoldPlan.ts'}

[tool] Read: {'file_path': '/data/youtube-playables/M11-Gap/game/src/render/scenes/PlayScene.ts'}

[tool] Bash: {'command': 'sed -n 1,80p src/logic/types.ts && echo "=== chainTable ===" && cat src/logic/chainTable.ts | head -60', 'description': 'Read types and chainTable'}

[tool] Bash: {'command': 'cat tests/logic/scene-boot.test.ts && echo "=== timing ===" && cat tests/logic/view-b3a-timing.test.ts', 'description': 'Read boot + timing tests'}

[tool] Bash: {'command': 'sed -n 60,140p src/logic/chainTable.ts; echo "=== progression ==="; sed -n 1,140p src/logic/progression.ts', 'description': 'Read chainTable bounds and progression'}

[tool] Bash: {'command': 'cat src/logic/chapters.ts | sed -n 90,160p; echo "=== generator head ==="; sed -n 1,60p src/logic/generator.ts; echo "=== MAX_HOLES refs ==="; grep -rn "MAX_HOLES\\|ho

[tool] Bash: {'command': 'cat src/logic/raster.ts; echo "=== validator ==="; sed -n 1,120p src/logic/validator.ts', 'description': 'Read raster and validator'}

[tool] Bash: {'command': 'sed -n 1,60p src/logic/punchPoints.ts; echo "=== rational api ==="; grep -n "^export" src/logic/rational.ts; echo "=== levelState answerHoles/layers ==="; grep -n "lay

[tool] Bash: {'command': 'cat tools/gate-smell.mjs; echo "=== allow ==="; cat tools/gate-allow.json 2>/dev/null | head -40; ls tools', 'description': 'Read gate-smell tool and allowlist'}

[tool] Bash: {'command': 'grep -n "^export\\|^const" src/logic/foldRules.ts | head -30; echo "=== chainTable exports ==="; grep -n "^export" src/logic/chainTable.ts; echo "=== punchPoints expor

[tool] Bash: {'command': 'grep -n "^export" src/logic/chainTable.ts src/logic/punchPoints.ts src/logic/foldRules.ts', 'description': 'List exports of chain logic files'}

[tool] Bash: {'command': 'sed -n \'/layerCount/,/^}/p\' src/logic/foldRules.ts | head -30; echo "---- capacity ----"; sed -n \'/punchCapacity/,/^}/p\' src/logic/punchPoints.ts | head -30', 'des

[tool] Bash: {'command': "sed -n '110,150p' src/logic/foldRules.ts", 'description': 'Read layerCount implementation'}

[tool] Bash: {'command': "sed -n '120,170p' src/logic/punchPoints.ts", 'description': 'Read punchPoints selection and capacity'}

[tool] Bash: {'command': 'grep -n "CUT_SOURCES\\|SNIP_LIMIT\\|snipLimitFor\\|export const\\|export function" src/logic/cutGeometry.ts src/logic/cutRegion.ts | head -40', 'description': 'Inspect

[tool] Bash: {'command': 'sed -n \'1,60p\' tests/logic/view-b3a-geometry.test.ts; echo "...."; grep -n "radius\\|r =\\|holeBox\\|22\\|side \\* 0.0\\|shapeKey\\|MAX_HOLES" tests/logic/view-b3a-g

[tool] Bash: {'command': 'sed -n \'1,70p\' tests/logic/view-b3a-contract.test.ts; echo "=== grep ==="; grep -n "makeSpec\\|levelSpec\\|CAMPAIGN\\|for (let i" tests/logic/view-b3a-contract.test.

[tool] Bash: {'command': 'grep -n "PlayScene\\|unfoldPlan\\|SheetView\\|OptionCard\\|readFile\\|src/render" tests/logic/view-b3a-contract.test.ts | sed -n \'1,80p\'', 'description': 'Find file-

[tool] Bash: {'command': 'grep -rn "levelSpec(" tests/logic/generator.test.ts | head -5; echo "=== gen exports ==="; grep -n "^export" src/logic/generator.ts; echo "=== session ==="; cat src/re

[tool] Bash: {'command': "sed -n '100,215p' tests/logic/view-b3a-contract.test.ts", 'description': 'Read contract test scanning rules part 1'}

[tool] Bash: {'command': "sed -n '215,350p' tests/logic/view-b3a-contract.test.ts", 'description': 'Read contract test scanning rules part 2'}

[tool] Bash: {'command': 'cat src/platform/index.ts', 'description': 'Read platform index'}

[tool] Bash: {'command': 'cat src/platform/playgamaAdapter.ts', 'description': 'Read playgama adapter'}

[tool] Bash: {'command': 'cat src/platform/ytgameAdapter.ts', 'description': 'Read ytgame adapter'}

[tool] Bash: {'command': "sed -n '1,120p' src/platform/sdkAdapter.ts", 'description': 'Read sdkAdapter first half'}

[tool] Bash: {'command': 'cp tools/gate-smell.mjs /tmp/gate-copy.mjs && node /tmp/gate-copy.mjs 2>&1 | tail -40', 'description': 'Run a copy of the smell gate to list violations'}

[tool] Bash: {'command': 'cp /data/youtube-playables/M11-Gap/game/tools/gate-smell.mjs /tmp/gate-copy.mjs; ls -l /tmp/gate-copy.mjs', 'description': 'Copy gate script to tmp'}

[tool] Bash: {'command': 'echo hi > /tmp/probe-x.txt; cat /tmp/probe-x.txt', 'description': 'Test write access to tmp'}

[tool] Bash: {'command': 'cp tools/gate-smell.mjs /tmp/gate-copy.mjs', 'description': 'Copy gate script to tmp directory'}

[tool] Bash: {'command': 'node tools/gate-smell.mjs 2>&1 | grep -E "^  ✗|KẾT QUẢ" | head -30', 'description': 'List current gate violations'}

[tool] Bash: {'command': "grep -n '/\\*' src/render/components/OptionCard.ts src/render/components/SheetView.ts | head", 'description': 'Search for block comment openers in components'}

[tool] Bash: {'command': 'node -e "const fs=require(\'fs\');const s=fs.readFileSync(\'src/render/components/OptionCard.ts\',\'utf8\');const s2=fs.readFileSync(\'src/render/components/SheetView.

[tool] Bash: {'command': 'cat tsconfig.json; echo "=== vitest cfg ==="; cat vitest.config.ts; echo "=== StarRow ==="; cat src/render/components/StarRow.ts', 'description': 'Read tsconfig, vites

[tool] Bash: {'command': 'cat src/render/layout.ts', 'description': 'Read layout module'}

[tool] Bash: {'command': 'cat src/ui/testids.ts', 'description': 'Read testids registry'}

[tool] Bash: {'command': 'grep -n "holeBox\\|TAP_MIN\\|packetBox" tests/logic/*.ts src/ui/*.ts | head -20; echo "=== button.ts ==="; sed -n 1,60p src/ui/button.ts', 'description': 'Find holeBox
Bắt đầu sửa. F1 trước: thêm nguồn trần trong `src/logic` để tầng vẽ suy ra (không hardcode 8).

[tool] Edit: {'replace_all': False, 'file_path': '/data/youtube-playables/M11-Gap/game/src/logic/chainTable.ts', 'old_string': 'export function requireBound(name: GuardName, v: number): void {'

[tool] Bash: {'command': "sed -n '30,50p' src/logic/cutRegion.ts; wc -l src/logic/cutRegion.ts src/logic/chainTable.ts src/logic/cutGeometry.ts", 'description': 'Inspect cutRegion constants and

[tool] Bash: {'command': 'grep -n "chainRejection" src/logic/chainTable.ts', 'description': 'Check chainRejection usage for broken literal'}

[tool] Edit: {'replace_all': False, 'file_path': '/data/youtube-playables/M11-Gap/game/src/logic/cutRegion.ts', 'old_string': '/** Trần nhát cắt của bảng = số nhát lớn nhất (dẫn xuất, không kha

[tool] Edit: {'file_path': '/data/youtube-playables/M11-Gap/game/src/render/holeView.ts', 'new_string': '// Pattern: View Model (THUẦN — không Phaser, không DOM, không đồng hồ)\n// TRÁCH NHIỆM:

[tool] Bash: {'command': 'cat > src/render/holeView.ts <<\'TS\'\n// Pattern: View Model (THUẦN — không Phaser, không DOM, không đồng hồ)\n// TRÁCH NHIỆM: trả lời ba câu của TẦNG VẼ về cái lỗ, ở

[tool] Bash: {'command': 'printf \'%s\\n\' "export type HoleShape = \'sheet\' | \'card\';" "export const T = { a: 1 };" > src/render/_tmp_probe.ts', 'description': 'Test writing braces plus quo

[tool] Bash: {'command': 'pwd; pwd -P; ls -d /data/youtube-playables/M11-Gap/game', 'description': 'Check real working directory path'}

[tool] Bash: {'command': 'pwd -P', 'description': 'Print real working directory path'}

[tool] Bash: {'command': 'echo test-write > notes-tmp.md', 'description': 'Test redirect write into project root'}
