
[tool] Bash: {'command': 'ls -la && echo "--- src ---" && ls -R src | head -60 && echo "--- tests ---" && ls -R tests | head -40', 'description': 'List game directory structure'}

[tool] Bash: {'command': 'cat package.json', 'description': 'Read package.json'}

[tool] Bash: {'command': 'ls -R src/render src/ui && echo "--- wc ---" && wc -l src/main.ts src/render/**/*.ts src/render/*.ts src/ui/*.ts 2>/dev/null', 'description': 'List render and ui files

[tool] Bash: {'command': 'cat tools/gate-smell.mjs', 'description': 'Read gate smell checker'}

[tool] Read: {'file_path': '/data/youtube-playables/M11-Gap/game/src/main.ts'}

[tool] Read: {'file_path': '/data/youtube-playables/M11-Gap/game/src/render/anim/unfoldPlan.ts'}

[tool] Read: {'file_path': '/data/youtube-playables/M11-Gap/game/src/render/components/SheetView.ts'}

[tool] Read: {'file_path': '/data/youtube-playables/M11-Gap/game/src/ui/testids.ts'}

[tool] Read: {'file_path': '/data/youtube-playables/M11-Gap/game/src/render/scenes/PlayScene.ts'}

[tool] Read: {'file_path': '/data/youtube-playables/M11-Gap/game/src/render/layout.ts'}

[tool] Read: {'file_path': '/data/youtube-playables/M11-Gap/game/tests/logic/view-b3a-contract.test.ts'}

[tool] Bash: {'command': 'wc -l tests/logic/view-b3a-timing.test.ts tests/logic/view-b3a-geometry.test.ts', 'description': 'Count lines in view tests'}

[tool] Read: {'file_path': '/data/youtube-playables/M11-Gap/game/src/logic/chapters.ts'}

[tool] Read: {'file_path': '/data/youtube-playables/M11-Gap/game/src/render/scenes/TitleScene.ts'}

[tool] Read: {'file_path': '/data/youtube-playables/M11-Gap/game/src/render/session.ts'}

[tool] Bash: {'command': 'ls config/ && node -e "const c=require(\'./config/chapters.json\'); const arr=c.chapters||c; console.log(JSON.stringify(arr.map(x=>({ch:x.chapter,levels:(x.levels||[])

[tool] Read: {'file_path': '/data/youtube-playables/M11-Gap/game/src/logic/progression.ts'}

[tool] Bash: {'command': 'grep -rn "levelConfigFor" --include=*.ts src tests | head -20; echo "=== cfgCampaign ==="; grep -rn "cfgCampaign" -n tests/logic/generator.test.ts | head; echo; sed -n

[tool] Bash: {'command': 'grep -n "cfgCampaign" -A 25 tests/logic/helpers.ts | head -60', 'description': 'Read cfgCampaign helper'}

[tool] Read: {'file_path': '/data/youtube-playables/M11-Gap/game/tests/logic/view-b3a-timing.test.ts', 'limit': 120}

[tool] Read: {'file_path': '/data/youtube-playables/M11-Gap/game/tests/logic/view-b3a-timing.test.ts', 'limit': 240, 'offset': 120}

[tool] Read: {'file_path': '/data/youtube-playables/M11-Gap/game/tests/logic/view-b3a-timing.test.ts', 'offset': 360}

[tool] Read: {'file_path': '/data/youtube-playables/M11-Gap/game/tests/logic/view-b3a-geometry.test.ts'}

[tool] Bash: {'command': 'cat vitest.config.ts tsconfig.json vite.config.ts', 'description': 'Read vitest/ts configs'}

[tool] Bash: {'command': 'sed -n \'1,60p\' src/logic/validator.ts; echo "=== exports ==="; grep -n "^export" src/logic/validator.ts', 'description': 'Read validator head and exports'}

[tool] Bash: {'command': 'grep -rn "main.ts\\|CHAPTER_SHAPES\\|makeSpec" tests/ --include=*.ts | head -30', 'description': 'Find tests referencing main.ts'}

[tool] Bash: {'command': 'grep -rn "src/main\\|readSrc(" tests/logic/*.test.ts | grep -v records-store | head -30; echo "=== helpers readSrc ==="; grep -n "readSrc\\|usersOf" -A 12 tests/logic/

[tool] Bash: {'command': 'sed -n \'1,50p\' tests/logic/refactor-contract.test.ts; echo "=== its ==="; grep -n "it(\\|describe(" tests/logic/refactor-contract.test.ts | head -40', 'description':

[tool] Bash: {'command': 'grep -n "ChapterLevelConfig" -A 20 src/logic/types.ts | head -40; echo "=== levelSpec ==="; sed -n \'1,80p\' src/logic/generator.ts', 'description': 'Read ChapterLevel

[tool] Bash: {'command': "cat > tests/logic/scene-boot.test.ts <<'EOF'\nimport { describe, expect, it } from 'vitest'\nimport { PlayScene } from '../../src/render/scenes/PlayScene'\nimport { Ti

[tool] Bash: {'command': "printf 'test\\n' > /tmp/a.txt && cat /tmp/a.txt", 'description': 'Test simple file write'}

[tool] Bash: {'command': "cat > tests/logic/scene-boot.test.ts <<'EOF'\nimport { describe, expect, it } from 'vitest'\nimport { PlayScene } from '../../src/render/scenes/PlayScene'\nimport { Ti

[tool] Bash: {'command': "cat > tests/logic/scene-boot.test.ts <<EOF\nimport { describe, expect, it } from 'vitest'\nimport { PlayScene } from '../../src/render/scenes/PlayScene'\nimport { Titl

[tool] Bash: {'command': "cat > tests/logic/scene-boot.test.ts <<'EOF'\nimport { describe, expect, it } from 'vitest'\nimport { PlayScene } from '../../src/render/scenes/PlayScene'\nEOF\nwc -l 

[tool] Bash: {'command': 'pwd; echo hello > newfile-check.txt; ls -la newfile-check.txt; rm -f newfile-check.txt', 'description': 'Test file creation in cwd'}

[tool] Bash: {'command': 'cp tests/logic/view-b3a-geometry.test.ts /tmp/geo.bak && echo "x" >> tests/logic/scene-boot-check.ts; ls tests/logic/ | head', 'description': 'Test write to new file b

[tool] Bash: {'command': 'touch tests/logic/scene-boot.test.ts', 'description': 'Create empty spike test file'}

[tool] Bash: {'command': 'touch index.html', 'description': 'Test touch on existing file'}

[tool] Edit: {'replace_all': False, 'file_path': '/data/youtube-playables/M11-Gap/game/tests/logic/scene-boot.test.ts', 'old_string': '', 'new_string': '// spike placeholder\nexport {}\n'}

[tool] Edit: {'replace_all': False, 'file_path': '/data/youtube-playables/M11-Gap/game/tests/logic/scene-boot.test.ts', 'old_string': '// spike placeholder\nexport {}\n', 'new_string': "import 

[tool] Edit: {'replace_all': False, 'file_path': '/data/youtube-playables/M11-Gap/game/tests/logic/scene-boot.test.ts', 'old_string': "    expect(typeof s.answer).toBe('function')\n", 'new_stri

[tool] Bash: {'command': 'npx vitest run tests/logic/scene-boot.test.ts 2>&1 | tail -25', 'description': 'Run spike test'}

[tool] Bash: {'command': 'npx vitest run tests/logic/scene-boot.test.ts | tail -25', 'description': 'Run spike test'}

[tool] Bash: {'command': './node_modules/.bin/vitest run tests/logic/scene-boot.test.ts | tail -25', 'description': 'Run spike test with local vitest binary'}

[tool] Bash: {'command': 'npm run typecheck | tail -15', 'description': 'Run typecheck'}

[tool] Bash: {'command': 'npm run typecheck 2>&1 | tail -15', 'description': 'Run typecheck outside sandbox', 'dangerouslyDisableSandbox': True}

[tool] Bash: {'command': 'npm run typecheck', 'description': 'Run typecheck without pipe', 'dangerouslyDisableSandbox': True}

[tool] Bash: {'command': 'node tools/gate-smell.mjs | tail -8', 'description': 'Run mechanical smell gate'}

[tool] Bash: {'command': 'node node_modules/typescript/bin/tsc --noEmit | tail -15', 'description': 'Run TypeScript compiler directly'}

[tool] Bash: {'command': 'node node_modules/vitest/vitest.mjs run tests/logic/scene-boot.test.ts | tail -30', 'description': 'Run spike test via node vitest entry'}

[tool] Edit: {'replace_all': False, 'file_path': '/data/youtube-playables/M11-Gap/game/tests/logic/scene-boot.test.ts', 'old_string': "import { describe, expect, it } from 'vitest'\nimport { Pl

[tool] Bash: {'command': "sed -n '25150,25235p' node_modules/phaser/dist/phaser.esm.js", 'description': 'Inspect phaser init function requirements'}

[tool] Edit: {'replace_all': False, 'file_path': '/data/youtube-playables/M11-Gap/game/tests/logic/helpers/dom-shim.ts', 'old_string': '// placeholder\nx', 'new_string': "// ===================

[tool] Bash: {'command': 'ls -la tests/logic/scene-boot.test.ts; head -3 tests/logic/scene-boot.test.ts', 'description': 'Verify spike file exists'}

[tool] Edit: {'replace_all': False, 'file_path': '/data/youtube-playables/M11-Gap/game/tests/logic/helpers/dom-shim.ts', 'old_string': '', 'new_string': '// ====================================

[tool] Bash: {'command': 'node node_modules/vitest/vitest.mjs run tests/logic/scene-boot.test.ts | tail -30', 'description': 'Run spike with dom shim'}

[tool] Edit: {'replace_all': False, 'file_path': '/data/youtube-playables/M11-Gap/game/tests/logic/helpers/dom-shim.ts', 'old_string': "    nodeType: 1,\n    tagName: 'CANVAS',\n    width: 800,

[tool] Edit: {'replace_all': False, 'file_path': '/data/youtube-playables/M11-Gap/game/tests/logic/helpers/dom-shim.ts', 'old_string': "    dataset: {},\n    ownerDocument: doc,\n    src: '',\n

[tool] Bash: {'command': 'node node_modules/vitest/vitest.mjs run tests/logic/scene-boot.test.ts | tail -28', 'description': 'Re-run spike test'}

[tool] Edit: {'replace_all': False, 'file_path': '/data/youtube-playables/M11-Gap/game/tests/logic/scene-boot.test.ts', 'old_string': "describe('spike', () => {\n  it('imports + constructs', ()

[tool] Bash: {'command': 'node node_modules/vitest/vitest.mjs run tests/logic/scene-boot.test.ts | grep -E "keys|✓|✗|FAIL|passed|failed" | head -20', 'description': 'Run probe test'}

[tool] Bash: {'command': 'node node_modules/vitest/vitest.mjs run tests/logic/scene-boot.test.ts | grep -E "^(stdout|sys=|.*=undefined|.*=function)" | head -10', 'description': 'Show probe outp

[tool] Edit: {'replace_all': False, 'file_path': '/data/youtube-playables/M11-Gap/game/tests/logic/scene-boot.test.ts', 'old_string': "  it('probe host shape', () => {\n    const s = new PlaySc

[tool] Edit: {'replace_all': False, 'file_path': '/data/youtube-playables/M11-Gap/game/tests/logic/scene-boot.test.ts', 'old_string': "import './helpers/dom-shim'\nimport { describe, expect, it

[tool] Read: {'file_path': '/data/youtube-playables/M11-Gap/game/src/render/scenes/BootScene.ts'}

[tool] Bash: {'command': 'node node_modules/vitest/vitest.mjs run tests/logic/scene-boot.test.ts | tail -40', 'description': 'Run headless game probe'}

[tool] Edit: {'replace_all': False, 'file_path': '/data/youtube-playables/M11-Gap/game/tests/logic/helpers/dom-shim.ts', 'old_string': 'const g = globalThis as unknown as Any\nif (!g.window) g.

[tool] Edit: {'replace_all': False, 'file_path': '/data/youtube-playables/M11-Gap/game/tests/logic/helpers/dom-shim.ts', 'old_string': '  screen: { width: 1280, height: 720, availWidth: 1280, a

[tool] Bash: {'command': 'node node_modules/vitest/vitest.mjs run tests/logic/scene-boot.test.ts | tail -40', 'description': 'Re-run headless probe'}

[tool] Edit: {'replace_all': False, 'file_path': '/data/youtube-playables/M11-Gap/game/tests/logic/scene-boot.test.ts', 'old_string': "  it('probe headless game', () => {\n    const started: st

[tool] Bash: {'command': 'sed -n \'1,60p\' src/platform/nullAdapter.ts; echo "=== index ==="; sed -n \'1,60p\' src/platform/index.ts', 'description': 'Inspect null adapter and factory'}

[tool] Bash: {'command': 'node node_modules/vitest/vitest.mjs run tests/logic/scene-boot.test.ts | tail -35', 'description': 'Run probe with loop stepping'}

[tool] Bash: {'command': "sed -n '17860,17990p' node_modules/phaser/dist/phaser.esm.js", 'description': 'Inspect Game boot sequence source'}

[tool] Read: {'file_path': '/data/youtube-playables/M11-Gap/game/src/render/components/OptionCard.ts'}

[tool] Read: {'file_path': '/data/youtube-playables/M11-Gap/game/src/ui/button.ts'}

[tool] Edit: {'replace_all': False, 'file_path': '/data/youtube-playables/M11-Gap/game/tests/logic/scene-boot.test.ts', 'old_string': "import './helpers/dom-shim'\nimport { describe, expect, it

[tool] Edit: {'replace_all': False, 'file_path': '/data/youtube-playables/M11-Gap/game/tests/logic/scene-boot.test.ts', 'old_string': "  it('probe headless game', () => {\n    const started: st

[tool] Bash: {'command': 'node node_modules/vitest/vitest.mjs run tests/logic/scene-boot.test.ts | tail -35', 'description': 'Probe headless PlayScene boot'}

[tool] Read: {'file_path': '/data/youtube-playables/M11-Gap/game/index.html'}

[tool] Bash: {'command': 'grep -rn "id=\\"app\\"\\|getElementById\\|parent" index.html dist --include=*.html 2>/dev/null | head; ls dist; grep -rn "main.ts" --include=*.html . 2>/dev/null | gre

[tool] Edit: {'replace_all': False, 'file_path': '/data/youtube-playables/M11-Gap/game/src/main.ts', 'old_string': "/** Dựng Phaser.Game thật — index.html là nơi duy nhất gọi (xem cuối file). *

[tool] Edit: {'replace_all': False, 'file_path': '/data/youtube-playables/M11-Gap/game/src/main.ts', 'old_string': '// Entry point của trình duyệt. Hai điều kiện đều là sự thật của trang, không

[tool] Bash: {'command': 'node node_modules/vitest/vitest.mjs run tests/logic/scene-boot.test.ts | tail -35', 'description': 'Re-run headless PlayScene probe'}

[tool] Bash: {'command': 'grep -n "Events.READY" node_modules/phaser/dist/phaser.esm.js | head -20; echo ===; sed -n \'17990,18040p\' node_modules/phaser/dist/phaser.esm.js', 'description': 'Fi

[tool] Bash: {'command': "sed -n '234610,234665p' node_modules/phaser/dist/phaser.esm.js", 'description': 'Inspect texture manager ready gate'}

[tool] Bash: {'command': 'grep -n "function loadImage" -A 40 node_modules/phaser/dist/phaser.esm.js | head -60', 'description': 'Inspect phaser loadImage helper'}

[tool] Bash: {'command': 'grep -n "new window.Image()" -A 30 node_modules/phaser/dist/phaser.esm.js | sed -n \'1,60p\'', 'description': 'Find image loading implementation'}

[tool] Bash: {'command': 'grep -n "Image()" node_modules/phaser/dist/phaser.esm.js | head -20; echo ===; grep -n "createElement(\'img\')\\|createElement(\\"img\\")" node_modules/phaser/dist/pha

[tool] Bash: {'command': "sed -n '234760,234810p' node_modules/phaser/dist/phaser.esm.js", 'description': 'Read TextureManager pending loader'}

[tool] Bash: {'command': 'grep -n "step: function (time)" -A 60 node_modules/phaser/dist/phaser.esm.js | head -75', 'description': 'Read TimeStep.step implementation'}

[tool] Edit: {'replace_all': False, 'file_path': '/data/youtube-playables/M11-Gap/game/tests/logic/helpers/dom-shim.ts', 'old_string': 'const doc: Any = {\n', 'new_string': "/**\n * `new Image(

[tool] Edit: {'replace_all': False, 'file_path': '/data/youtube-playables/M11-Gap/game/tests/logic/helpers/dom-shim.ts', 'old_string': "  getComputedStyle: () => ({ getPropertyValue: () => '' }

[tool] Read: {'file_path': '/data/youtube-playables/M11-Gap/game/tests/logic/helpers/dom-shim.ts', 'offset': 150}

[tool] Edit: {'replace_all': False, 'file_path': '/data/youtube-playables/M11-Gap/game/tests/logic/helpers/dom-shim.ts', 'old_string': 'if (!g.HTMLElement) g.HTMLElement = function FakeHTMLElem

[tool] Edit: {'replace_all': False, 'file_path': '/data/youtube-playables/M11-Gap/game/tests/logic/scene-boot.test.ts', 'old_string': "  it('probe headless play scene', () => {\n    const { ada

[tool] Bash: {'command': 'node node_modules/vitest/vitest.mjs run tests/logic/scene-boot.test.ts | tail -30', 'description': 'Run boot probe with fake image'}

[tool] Bash: {'command': 'sed -n \'235080,235100p\' node_modules/phaser/dist/phaser.esm.js; echo "=== Text ==="; sed -n \'93515,93535p\' node_modules/phaser/dist/phaser.esm.js; echo "=== create

[tool] Bash: {'command': 'grep -n "this.canvas = " node_modules/phaser/dist/phaser.esm.js | head -20; echo "=== Canvas class ==="; grep -n "var Canvas = function\\|function Canvas(" -A 30 node_

[tool] Bash: {'command': 'grep -n "CanvasPool\\b" node_modules/phaser/dist/phaser.esm.js | head; echo ===; sed -n \'/var CanvasPool =/,/^module.exports = CanvasPool/p\' node_modules/phaser/dist

[tool] Bash: {'command': 'grep -n "createCanvas\\|function create(" node_modules/phaser/dist/phaser.esm.js | head -20', 'description': 'Find createCanvas helper'}

[result] is_error=True num_turns=91 duration_ms=1486225 cost_usd=6.299397749999998
