
[tool] Bash: {'command': 'ls -la && echo "---" && ls src/render/scenes/ && echo "---" && ls tests/logic/ | head -50', 'description': 'List working dir and scene/test files'}

[tool] Bash: {'command': 'wc -l tests/logic/view-b3b-contract.test.ts tests/logic/view-b3b-states.test.ts 2>&1', 'description': 'Check test file sizes'}

[tool] Read: {'file_path': '/data/youtube-playables/M11-Gap/game/tests/logic/view-b3b-contract.test.ts'}

[tool] Read: {'file_path': '/data/youtube-playables/M11-Gap/game/tests/logic/view-b3b-states.test.ts'}

[tool] Bash: {'command': 'find src/render src/ui -type f | sort && echo "--- wc" && wc -l src/render/*.ts src/render/**/*.ts src/ui/*.ts 2>/dev/null | tail -30', 'description': 'List render and

[tool] Bash: {'command': 'cat src/render/scenes/ShopScene.ts src/render/scenes/AlbumScene.ts; echo "---"; ls config/; echo "--- skins"; cat config/skins.json | head -40; echo "--- album"; cat c

[tool] Read: {'file_path': '/data/youtube-playables/M11-Gap/game/src/render/components/SkinCard.ts'}

[tool] Read: {'file_path': '/data/youtube-playables/M11-Gap/game/src/render/session.ts'}

[tool] Read: {'file_path': '/data/youtube-playables/M11-Gap/game/src/render/scenes/MapScene.ts'}

[tool] Read: {'file_path': '/data/youtube-playables/M11-Gap/game/src/render/layout.ts'}

[tool] Read: {'file_path': '/data/youtube-playables/M11-Gap/game/src/ui/testids.ts'}

[tool] Read: {'file_path': '/data/youtube-playables/M11-Gap/game/src/render/viewmodel/gridModel.ts'}

[tool] Read: {'file_path': '/data/youtube-playables/M11-Gap/game/src/render/components/PaperPanel.ts'}

[tool] Read: {'file_path': '/data/youtube-playables/M11-Gap/game/src/ui/button.ts'}

[tool] Read: {'file_path': '/data/youtube-playables/M11-Gap/game/src/render/viewmodel/albumModel.ts'}

[tool] Bash: {'command': 'sed -n 1,80p src/logic/i18n.ts; echo "=== grep shop/album keys ==="; grep -n "shop\\.\\|album\\.\\|badge\\." src/logic/i18n.ts', 'description': 'Read i18n head and sho

[tool] Bash: {'command': 'cat src/render/theme/progressTheme.ts && sed -n 1,99p src/render/theme/paperTheme.ts', 'description': 'Read theme files'}

[tool] Bash: {'command': 'grep -n "export type\\|export function\\|export const" src/logic/economy.ts | head -40; echo "=== SkinPrice/Inventory detail ==="; sed -n \'/export type SkinPrice/,/^}

[tool] Bash: {'command': 'grep -n "DUR\\b\\|export const DUR" -A 12 src/render/anim/unfoldPlan.ts | sed -n 1,40p; echo "=== TOUCH ==="; sed -n \'/export const TOUCH/,/} as const/p;/export type 

[tool] Bash: {'command': 'grep -n "^export \\|^  readonly\\|^type \\|^} " src/logic/economy.ts | head -60', 'description': 'List economy exports'}

[tool] Read: {'file_path': '/data/youtube-playables/M11-Gap/game/src/logic/economy.ts', 'limit': 100}

[tool] Bash: {'command': 'grep -n "DUR\\|TOUCH" -A 14 src/render/anim/unfoldPlan.ts | head -45', 'description': 'Show DUR and TOUCH constants'}

[tool] Bash: {'command': 'grep -n "TOUCH" -A 10 src/render/anim/unfoldPlan.ts | head -30', 'description': 'Show TOUCH constants'}

[tool] Bash: {'command': 'cat src/render/components/BadgeIcon.ts src/render/components/InkBadge.ts src/render/components/MapNode.ts src/render/components/StarRow.ts', 'description': 'Read small

[tool] Bash: {'command': 'npx vitest run tests/logic/view-b3b-contract.test.ts tests/logic/view-b3b-states.test.ts 2>&1 | tail -80', 'description': 'Run the two B3b view tests for baseline', 't

[tool] Bash: {'command': 'npx vitest run tests/logic/view-b3b-contract.test.ts tests/logic/view-b3b-states.test.ts 2>&1 | tail -90', 'description': 'Run B3b view tests to see baseline failures'

[tool] Bash: {'command': 'npx vitest run tests/logic/view-b3b-contract.test.ts tests/logic/view-b3b-states.test.ts | tail -90', 'description': 'Run B3b view tests to see baseline failures', 'ti

[tool] Bash: {'command': 'npx vitest run tests/logic/view-b3b-states.test.ts | tail -90', 'description': 'Run states test file', 'timeout': 180000}

[tool] Bash: {'command': 'npx vitest run tests/logic/view-b3b-states.test.ts --reporter=basic', 'description': 'Run states test file', 'timeout': 180000}

[tool] Bash: {'command': 'npm run test:logic | tail -40', 'description': 'Run logic test suite via npm script', 'timeout': 300000}

[tool] Bash: {'command': 'npm run test:logic | tail -40', 'description': 'Run logic test suite via npm script', 'timeout': 300000, 'dangerouslyDisableSandbox': True}

[tool] Bash: {'command': 'npm run test:logic', 'description': 'Run logic tests', 'timeout': 300000, 'dangerouslyDisableSandbox': True}

[tool] Bash: {'command': 'cat package.json', 'description': 'Show package.json scripts'}

[tool] Bash: {'command': 'node ./node_modules/vitest/vitest.mjs run tests/logic/view-b3b-states.test.ts | tail -60', 'description': 'Run states test via vitest entry', 'timeout': 300000}

[tool] Bash: {'command': 'node ./node_modules/vitest/vitest.mjs run tests/logic/view-b3b-states.test.ts --reporter=verbose | grep -E "✓|×" | head -40', 'description': 'List individual states te

[tool] Bash: {'command': "wc -c src/render/scenes/*.ts && stat -c '%y %n' src/render/scenes/ShopScene.ts src/render/scenes/AlbumScene.ts src/render/components/SkinCard.ts", 'description': 'Chec

[tool] Read: {'file_path': '/data/youtube-playables/M11-Gap/game/src/render/scenes/ShopScene.ts'}

[tool] Bash: {'command': 'node ./node_modules/vitest/vitest.mjs run tests/logic/view-b3b-contract.test.ts --reporter=verbose | grep -E "✓|×" | sed \'s|tests/logic/view-b3b-contract.test.ts > ||

[tool] Bash: {'command': 'node ./node_modules/vitest/vitest.mjs run tests/logic/view-b3b-contract.test.ts --reporter=verbose | grep -E "✓|×"', 'description': 'List contract test results', 'time

[tool] Bash: {'command': 'grep -rn "qaIndex\\|qaId" tests/ tools/ --include=*.ts --include=*.mjs | grep -v "^tests/logic/view-b3b" | head -20', 'description': 'Find test/gate rules about qaId h

[tool] Bash: {'command': 'grep -rn "testid-" tests/logic/view-b3a-contract.test.ts | head -40', 'description': 'Check B3a contract testid rules'}

[tool] Bash: {'command': 'grep -n "ALL_RAW\\|SCAN\\|const FILES\\|walk\\|readFileSync\\|DIR" tests/logic/view-b3a-contract.test.ts | head -30', 'description': 'Inspect B3a contract corpus defin

[tool] Bash: {'command': 'node ./node_modules/vitest/vitest.mjs run tests/logic tests/platform --reporter=verbose | grep -E "^ *[×✓] tests" | grep "×" | head -30', 'description': 'Run full logi

[tool] Bash: {'command': "stat -c '%y %n' src/render/scenes/*.ts src/render/components/*.ts | sort", 'description': 'Check mtimes of render files'}

[tool] Bash: {'command': "sleep 60; stat -c '%y %n' src/render/scenes/AlbumScene.ts src/render/scenes/ShopScene.ts src/render/scenes/EndScene.ts src/render/scenes/ScoreScene.ts src/logic/i18n.t

[tool] Read: {'file_path': '/data/youtube-playables/M11-Gap/game/src/render/scenes/AlbumScene.ts'}

[tool] Bash: {'command': 'cat src/render/sfx.ts', 'description': 'Read sfx helper'}

[tool] Bash: {'command': 'node ./node_modules/typescript/bin/tsc --noEmit | tail -20', 'description': 'Typecheck project', 'timeout': 300000}

[tool] Bash: {'command': 'grep -n "scene\\|render\\|ui/\\|FILES\\|RULES\\|max\\|dup" tools/gate-smell.mjs | head -40', 'description': 'Inspect gate-smell rules relevant to render files'}

[tool] Bash: {'command': 'sed -n 24,128p tools/gate-smell.mjs', 'description': 'Read gate-smell rule bodies'}

[tool] Edit: {'replace_all': False, 'file_path': '/data/youtube-playables/M11-Gap/game/src/render/scenes/AlbumScene.ts', 'old_string': "    const shelf = this.shelf();\n    this.plates = albumR

[tool] Bash: {'command': "stat -c '%y %n' src/render/scenes/AlbumScene.ts src/render/scenes/EndScene.ts src/render/scenes/ScoreScene.ts src/render/scenes/ShopScene.ts src/logic/i18n.ts", 'descr

[tool] Bash: {'command': 'sed -n 75,100p src/render/scenes/AlbumScene.ts', 'description': 'Show AlbumScene create block'}

[tool] Bash: {'command': 'node ./node_modules/typescript/bin/tsc --noEmit | tail -20', 'description': 'Typecheck after AlbumScene fix', 'timeout': 300000}

[tool] Bash: {'command': 'node ./node_modules/vitest/vitest.mjs run tests/logic/view-b3b-contract.test.ts tests/logic/view-b3b-states.test.ts | tail -35', 'description': 'Run the two B3b view t

[tool] Bash: {'command': 'npm run typecheck', 'description': 'Run typecheck npm script', 'timeout': 300000}

[tool] Bash: {'command': 'node ./node_modules/vitest/vitest.mjs run tests/logic tests/platform | tail -25', 'description': 'Run full logic + platform suite', 'timeout': 600000}

[tool] Bash: {'command': 'grep -n "ShopScene\\|AlbumScene\\|new Map\\|scene:" src/main.ts | head -20', 'description': 'Check main.ts scene registration for Shop/Album'}

[tool] Bash: {'command': 'grep -n "buySkin\\|inventory\\|albumItems\\|badges:" -A 6 src/main.ts | head -60', 'description': 'Check session wiring for shop/album data in main.ts'}

[tool] Bash: {'command': 'node ./node_modules/typescript/bin/tsc --noEmit; echo "TSC_EXIT=$?"', 'description': 'Final typecheck with exit code', 'timeout': 300000}

[tool] Bash: {'command': 'node ./node_modules/typescript/bin/tsc --noEmit | tail -5', 'description': 'Final typecheck', 'timeout': 300000}

[tool] Bash: {'command': 'node ./node_modules/vitest/vitest.mjs run tests/logic/view-b3b-contract.test.ts tests/logic/view-b3b-states.test.ts | tail -18', 'description': 'Final run of the two B

[tool] Bash: {'command': 'node ./node_modules/vitest/vitest.mjs run tests/logic tests/platform | tail -12', 'description': 'Final full logic+platform suite run', 'timeout': 600000}

[tool] Bash: {'command': 'wc -l src/render/scenes/ShopScene.ts src/render/scenes/AlbumScene.ts src/render/components/SkinCard.ts src/render/components/BadgeIcon.ts', 'description': 'Line counts

[tool] Bash: {'command': 'node tools/gate-smell.mjs | tail -25', 'description': 'Run architecture smell gate', 'timeout': 120000}

[tool] Bash: {'command': 'node tools/gate-smell.mjs > /tmp/gate.txt; head -12 /tmp/gate.txt', 'description': 'Save gate output and show header', 'timeout': 120000}

[tool] Bash: {'command': 'node tools/gate-smell.mjs | grep -c "G2\\|G1\\|G3\\|G4"', 'description': 'Count gate violations', 'timeout': 120000}

[tool] Bash: {'command': 'node tools/gate-smell.mjs | grep "AlbumScene"', 'description': 'Show gate violations mentioning AlbumScene', 'timeout': 120000}

[tool] Bash: {'command': 'node tools/gate-smell.mjs | grep -n "NỢ\\|CHO QUA\\|THẬT\\|=\\+\\|V]\\|X\\|✗ G1\\|✗ G3\\|✗ G4" | head -20', 'description': 'Show gate summary sections and non-G2 viola

[tool] Bash: {'command': 'grep -n "" src/render/scenes/AlbumScene.ts | sed -n \'44,56p;70,78p;92,112p;120,128p;190,200p\'', 'description': 'Show duplicated line ranges in AlbumScene'}

[tool] Bash: {'command': "stat -c '%y %n' src/render/scenes/*.ts | sort | tail -8", 'description': 'Check current scene mtimes'}

[tool] Bash: {'command': 'grep -n "copy(\\|say(\\|import { t" src/render/scenes/ShopScene.ts src/render/scenes/AlbumScene.ts', 'description': 'Find copy() usage in my two scenes'}

[tool] Bash: {'command': 'stat -c \'%y %s %n\' src/render/scenes/ShopScene.ts src/render/scenes/AlbumScene.ts; wc -l src/render/scenes/ShopScene.ts; grep -n "class ShopScene\\|^}" src/render/sc

[tool] Read: {'file_path': '/data/youtube-playables/M11-Gap/game/src/render/scenes/ShopScene.ts', 'limit': 200, 'offset': 186}

[tool] Read: {'file_path': '/data/youtube-playables/M11-Gap/game/src/render/scenes/ShopScene.ts', 'limit': 62}

[tool] Bash: {'command': "sed -i '190,$d' src/render/scenes/ShopScene.ts", 'description': 'Delete duplicated second copy of ShopScene class'}

[tool] Bash: {'command': 'node -e "const fs=require(\'fs\');const f=\'src/render/scenes/ShopScene.ts\';const l=fs.readFileSync(f,\'utf8\').split(\'\\n\');if(l.length<300){console.log(\'SKIP len

[tool] Bash: {'command': 'grep -n "class ShopScene\\|private copy\\|say(this.session\\|^const ZERO\\|as const" src/render/scenes/ShopScene.ts', 'description': 'Verify ShopScene now has one clas

[tool] Bash: {'command': 'node tools/gate-smell.mjs | grep "AlbumScene\\|ShopScene"', 'description': 'Check remaining smell violations in my two files', 'timeout': 120000}

[tool] Bash: {'command': 'grep -n "this.hook\\|this.bg\\|Backdrop\\|openFrame\\|Frame\\|copy(" src/render/scenes/AlbumScene.ts', 'description': 'Locate hook/bg/frame usages in AlbumScene'}

[tool] Edit: {'replace_all': False, 'file_path': '/data/youtube-playables/M11-Gap/game/src/render/scenes/AlbumScene.ts', 'old_string': "import { makeButton, type ButtonView } from '../../ui/but

[tool] Bash: {'command': "stat -c '%y %n' src/render/scenes/AlbumScene.ts; sed -n 14,30p src/render/scenes/AlbumScene.ts", 'description': 'Show current imports of AlbumScene'}

[tool] Edit: {'replace_all': False, 'file_path': '/data/youtube-playables/M11-Gap/game/src/render/scenes/AlbumScene.ts', 'old_string': "import Phaser from 'phaser';\nimport type { AlbumItem, Ba

[tool] Edit: {'replace_all': False, 'file_path': '/data/youtube-playables/M11-Gap/game/src/render/scenes/AlbumScene.ts', 'old_string': '  /** Cửa đăng ký rect duy nhất của màn (A9 — không tự nh

[tool] Edit: {'replace_all': False, 'file_path': '/data/youtube-playables/M11-Gap/game/src/render/scenes/AlbumScene.ts', 'old_string': '    this.session = readSession(this.game.registry);\n    

[tool] Edit: {'replace_all': True, 'file_path': '/data/youtube-playables/M11-Gap/game/src/render/scenes/AlbumScene.ts', 'old_string': 'this.hook', 'new_string': 'this.kit.hook'}

[tool] Edit: {'replace_all': True, 'file_path': '/data/youtube-playables/M11-Gap/game/src/render/scenes/AlbumScene.ts', 'old_string': 'this.bg.paint', 'new_string': 'this.kit.bg.paint'}

[tool] Bash: {'command': 'grep -n "copy(\\|private palette\\|standing\\|themeFor(chapterOf" src/render/scenes/AlbumScene.ts', 'description': 'Locate copy/palette in AlbumScene'}

[tool] Bash: {'command': 'sed -n 130,145p src/render/scenes/AlbumScene.ts', 'description': 'Show AlbumScene arrange region'}

[tool] Bash: {'command': 'sed -n 60,100p src/render/scenes/ShopScene.ts', 'description': 'Show ShopScene class head and create'}

[tool] Edit: {'replace_all': False, 'file_path': '/data/youtube-playables/M11-Gap/game/src/render/scenes/AlbumScene.ts', 'old_string': "  /** Vẽ lại: lưới mẫu theo đúng số dòng danh mục, hàng h

[tool] Edit: {'replace_all': False, 'file_path': '/data/youtube-playables/M11-Gap/game/src/render/scenes/AlbumScene.ts', 'old_string': "    this.band.setText(this.copy('album.badges'));", 'new_

[tool] Edit: {'replace_all': False, 'file_path': '/data/youtube-playables/M11-Gap/game/src/render/scenes/AlbumScene.ts', 'old_string': "    this.back.setLabel(this.copy('back.title'));", 'new_s

[tool] Bash: {'command': 'sed -n 108,130p src/render/scenes/AlbumScene.ts', 'description': 'Show AlbumScene palette/copy region'}

[tool] Edit: {'replace_all': False, 'file_path': '/data/youtube-playables/M11-Gap/game/src/render/scenes/AlbumScene.ts', 'old_string': '  private copy(key: string, vars?: Record<string, string 

[tool] Bash: {'command': 'sed -n 40,60p src/render/scenes/AlbumScene.ts', 'description': 'Show AlbumScene fields'}

[tool] Bash: {'command': 'node ./node_modules/typescript/bin/tsc --noEmit | tail -10', 'description': 'Typecheck after dedup edits', 'timeout': 300000}

[tool] Bash: {'command': 'grep -n "Hook\\|Backdrop\\|KitFrame" src/render/scenes/AlbumScene.ts', 'description': 'Check Hook/Backdrop usage in AlbumScene'}

[tool] Bash: {'command': "stat -c '%y %n' src/render/scenes/AlbumScene.ts src/render/scenes/ShopScene.ts src/render/scenes/ScoreScene.ts src/render/scenes/EndScene.ts src/render/scenes/MapScene

[tool] Bash: {'command': 'end=$((SECONDS+150)); prev=""; while [ $SECONDS -lt $end ]; do cur=$(stat -c \'%Y\' src/render/scenes/AlbumScene.ts src/render/scenes/ShopScene.ts src/render/component

[tool] Bash: {'command': 'until [ -z "$(find src/render -name \'*.ts\' -newermt \'40 seconds ago\')" ]; do sleep 10; done; echo QUIET; date', 'description': 'Wait until render files stop changi

[tool] Bash: {'command': 'node ./node_modules/vitest/vitest.mjs run tests/logic/view-b3b-contract.test.ts tests/logic/view-b3b-states.test.ts | tail -8', 'description': 'Re-run target tests (al

[tool] Bash: {'command': 'node ./node_modules/typescript/bin/tsc --noEmit | tail -8', 'description': 'Final typecheck', 'timeout': 300000}

[tool] Bash: {'command': 'node ./node_modules/vitest/vitest.mjs run tests/logic tests/platform | tail -6', 'description': 'Full logic+platform suite', 'timeout': 600000}

[tool] Bash: {'command': "stat -c '%y %n' src/render/scenes/*.ts src/render/components/PaperPanel.ts | sort | tail -6", 'description': 'Latest mtimes of render files'}

[tool] Read: {'file_path': '/data/youtube-playables/M11-Gap/game/src/render/scenes/ShopScene.ts', 'limit': 50, 'offset': 60}

[tool] Bash: {'command': 'grep -n "this.hook\\|this.bg\\|this.copy\\|private copy\\|import { t }\\|Backdrop\\|type Hook\\|say(" src/render/scenes/ShopScene.ts', 'description': 'List ShopScene u

[tool] Bash: {'command': 'sed -n 15,32p src/render/scenes/ShopScene.ts', 'description': 'Show ShopScene import block'}

[tool] Bash: {'command': 'sed -n 14,30p src/render/scenes/AlbumScene.ts; grep -n "this.hook\\|this.bg\\|this.copy\\|private copy\\|import { t }" src/render/scenes/AlbumScene.ts', 'description':

[tool] Bash: {'command': 'node tools/gate-smell.mjs | grep "AlbumScene\\|ShopScene"', 'description': 'Re-check dup hits for my two files', 'timeout': 120000}

[tool] Bash: {'command': 'sed -n 1,14p src/render/scenes/AlbumScene.ts', 'description': 'Show AlbumScene header comment'}

[tool] Edit: {'replace_all': False, 'file_path': '/data/youtube-playables/M11-Gap/game/src/render/scenes/AlbumScene.ts', 'old_string': '// RÀNG BUỘC: 0 phép .slice( trong file này; nút nền qua 

[tool] Read: {'file_path': '/data/youtube-playables/M11-Gap/game/src/render/scenes/AlbumScene.ts', 'limit': 60, 'offset': 60}

[tool] Bash: {'command': 'node ./node_modules/typescript/bin/tsc --noEmit | tail -6', 'description': 'Final typecheck', 'timeout': 300000}

[tool] Bash: {'command': 'node tools/gate-smell.mjs | tail -4', 'description': 'Final gate-smell summary', 'timeout': 120000}

[tool] Bash: {'command': 'node ./node_modules/vitest/vitest.mjs run tests/logic/view-b3b-contract.test.ts tests/logic/view-b3b-states.test.ts | tail -8', 'description': 'Final run of the two B3

[tool] Bash: {'command': 'node ./node_modules/vitest/vitest.mjs run tests/logic tests/platform | tail -5', 'description': 'Final full suite run', 'timeout': 600000}

[tool] Bash: {'command': "wc -l src/render/scenes/AlbumScene.ts src/render/scenes/ShopScene.ts; stat -c '%y %n' src/render/scenes/AlbumScene.ts src/render/scenes/ShopScene.ts", 'description': '

[tool] Bash: {'command': 'grep -n "kit!\\|const kit\\|say(this.session\\|private copy\\|this.kit" src/render/scenes/AlbumScene.ts src/render/scenes/ShopScene.ts', 'description': 'Verify final c

[tool] Bash: {'command': 'node tools/gate-smell.mjs | grep -c "G2"; node tools/gate-smell.mjs | grep "AlbumScene\\|ShopScene"', 'description': 'Count total and scope-specific G2 violations', 't

[tool] Bash: {'command': 'node ./node_modules/vitest/vitest.mjs run tests/logic/view-b3b-contract.test.ts tests/logic/view-b3b-states.test.ts | tail -7', 'description': 'Final verification run 

[tool] Edit: {'replace_all': False, 'file_path': '/data/youtube-playables/M11-Gap/game/src/render/scenes/ShopScene.ts', 'old_string': '  private session!: GameSession;\n\n  /** Cửa đăng ký rect

[result] is_error=True num_turns=111 duration_ms=1618400 cost_usd=8.21115925
