
[tool] Bash: {'command': 'ls -la src/render/scenes/ && wc -c src/render/scenes/*.ts', 'description': 'List render scenes with sizes'}

[tool] Bash: {'command': 'sed -n 25,55p src/main.ts', 'description': 'Show main.ts scene imports'}

[tool] Bash: {'command': 'for f in AlbumScene EndScene MapScene ScoreScene ShopScene; do echo "=== $f ==="; cat -A src/render/scenes/$f.ts | head -5; done', 'description': 'Show stub scene file

[tool] Bash: {'command': 'sed -n 110,145p src/render/components/SkinCard.ts; echo "--- mapModel ---"; sed -n 1,30p src/render/viewmodel/mapModel.ts', 'description': 'Show SkinCard and mapModel 

[tool] Bash: {'command': 'for f in AlbumScene EndScene MapScene ScoreScene ShopScene; do echo "=== $f ==="; head -5 src/render/scenes/$f.ts; done', 'description': 'Show stub scene file contents

[tool] Bash: {'command': 'sed -n 95,130p src/render/components/SkinCard.ts', 'description': 'Show SkinCard lines 95-130'}

[tool] Bash: {'command': 'head -3 src/render/scenes/AlbumScene.ts src/render/scenes/EndScene.ts src/render/scenes/MapScene.ts src/render/scenes/ScoreScene.ts src/render/scenes/ShopScene.ts', 'd

[tool] Bash: {'command': 'grep -n "parseHex\\|textStyle\\|setColor" src/render/components/SkinCard.ts | head -20; echo "=== hex util ==="; grep -rn "export function parseHex" src/ | head', 'des

[tool] Bash: {'command': 'find src/render src/ui -type f | sort; echo "=== tests ==="; find tests -type f | sort', 'description': 'List render, ui, tests files'}

[tool] Bash: {'command': 'grep -n "Scene\\b\\|Scene(" src/main.ts | head -40', 'description': 'Show scene usage in main.ts'}

[tool] Bash: {'command': 'wc -l tests/logic/view-b3b-contract.test.ts tests/logic/view-b3b-mapmodel.test.ts tests/logic/view-b3b-states.test.ts tests/logic/scene-boot.test.ts tests/logic/view-b

[tool] Read: {'file_path': '/data/youtube-playables/M11-Gap/game/tests/logic/view-b3b-contract.test.ts'}

[tool] Read: {'file_path': '/data/youtube-playables/M11-Gap/game/tests/logic/view-b3b-states.test.ts'}

[tool] Read: {'file_path': '/data/youtube-playables/M11-Gap/game/tests/logic/scene-boot.test.ts'}

[tool] Bash: {'command': 'cat src/render/session.ts; echo "=== layout ==="; cat src/render/layout.ts', 'description': 'Read session and layout modules'}

[tool] Bash: {'command': 'cat src/ui/testids.ts; echo "======== button ========"; cat src/ui/button.ts', 'description': 'Read testids and button modules'}

[tool] Bash: {'command': 'cat src/render/theme/paperTheme.ts; echo "======== progressTheme ========"; cat src/render/theme/progressTheme.ts', 'description': 'Read theme modules'}

[tool] Bash: {'command': 'cat src/render/components/MapNode.ts; echo "======== StarRow ========"; cat src/render/components/StarRow.ts', 'description': 'Read MapNode and StarRow components'}

[tool] Bash: {'command': 'cat src/render/components/PaperPanel.ts; echo "======== BadgeIcon ========"; cat src/render/components/BadgeIcon.ts', 'description': 'Read PaperPanel and BadgeIcon'}

[tool] Bash: {'command': 'cat -n src/render/components/SkinCard.ts', 'description': 'Read SkinCard fully'}

[tool] Bash: {'command': 'cat -n src/render/viewmodel/mapModel.ts; echo "======== albumModel ========"; cat -n src/render/viewmodel/albumModel.ts', 'description': 'Read mapModel and albumModel'

[tool] Bash: {'command': 'grep -n "STAR_SCALE" -r tests/ src/ | head -20', 'description': 'Find STAR_SCALE references'}

[tool] Bash: {'command': 'cat -n src/render/scenes/TitleScene.ts', 'description': 'Read TitleScene'}

[tool] Read: {'file_path': '/data/youtube-playables/M11-Gap/game/src/main.ts'}

[tool] Bash: {'command': 'cat -n src/logic/i18n.ts', 'description': 'Read i18n'}

[tool] Bash: {'command': 'cat -n tools/gate-smell.mjs', 'description': 'Read gate-smell script'}

[tool] Bash: {'command': 'node tools/gate-smell.mjs 2>&1 | tail -40', 'description': 'Run gate-smell to see current failures'}

[tool] Bash: {'command': 'cat tools/gate-allow.json; echo "=== package.json scripts ==="; node -e "const p=require(\'./package.json\');console.log(JSON.stringify(p.scripts,null,1))"', 'descript

[tool] Bash: {'command': 'grep -n "Scene\\|scene.start\\|\'Map\'\\|\'Score\'\\|\'Shop\'\\|\'Album\'\\|\'End\'" src/render/scenes/PlayScene.ts | head -30; echo "=== BootScene ==="; sed -n 1,80p 

[tool] Read: {'file_path': '/data/youtube-playables/M11-Gap/game/tests/logic/view-b3a-contract.test.ts'}

[tool] Bash: {'command': 'cat -n src/render/anim/unfoldPlan.ts | head -90; echo "======== sfx ========"; sed -n 1,60p src/render/sfx.ts', 'description': 'Read unfoldPlan and sfx'}

[tool] Bash: {'command': 'grep -n "export const TOUCH" -A 12 src/render/anim/unfoldPlan.ts; echo "=== progression exports ==="; grep -n "^export" src/logic/progression.ts; echo "=== economy exp

[tool] Bash: {'command': 'npx vitest run tests/logic 2>&1 | tail -60', 'description': 'Run logic test suite to see baseline failures'}

[tool] Bash: {'command': 'npm run test:logic 2>&1 | tail -70', 'description': 'Run logic tests and show tail'}

[tool] Bash: {'command': 'npm run test:logic 2>&1 | tail -n 60', 'description': 'Run logic tests, show last lines', 'dangerouslyDisableSandbox': True}

[tool] Bash: {'command': 'npm run test:logic | tail -60', 'description': 'Run logic tests and show last 60 lines'}

[tool] Bash: {'command': 'npx vitest run tests/logic/view-b3b-mapmodel.test.ts | tail -40', 'description': 'Run mapmodel test file'}

[tool] Bash: {'command': 'npx vitest run tests/logic/view-b3b-mapmodel.test.ts --reporter=basic', 'description': 'Run mapmodel test file'}

[tool] Bash: {'command': 'ls config/; cat config/album.json; cat config/skins.json', 'description': 'Read config album and skins'}

[tool] Bash: {'command': 'sed -n 1,110p src/logic/progression.ts', 'description': 'Read progression head'}

[tool] Bash: {'command': 'sed -n 1,60p src/logic/economy.ts; echo "..."; sed -n 80,150p src/logic/economy.ts', 'description': 'Read economy types and functions'}

[tool] Bash: {'command': 'grep -n "makeSpec\\|resize\\|generateLevel\\|levelSpec" src/render/scenes/PlayScene.ts src/render/scenes/TitleScene.ts src/render/components/*.ts src/ui/*.ts | head -2

[tool] Bash: {'command': 'npx vitest run tests/logic/view-b3b-states.test.ts 2>&1 | tail -40', 'description': 'Run b3b states test file', 'dangerouslyDisableSandbox': True}

[tool] Bash: {'command': 'npm run typecheck', 'description': 'Run typecheck'}

[tool] Bash: {'command': 'npm run typecheck', 'description': 'Run typecheck without sandbox', 'dangerouslyDisableSandbox': True}

[tool] Bash: {'command': 'node node_modules/typescript/bin/tsc --noEmit 2>&1 | head -30', 'description': 'Typecheck via tsc entry script'}

[tool] Bash: {'command': 'ls node_modules/.bin | head -20', 'description': 'List local binaries'}

[tool] Bash: {'command': 'node node_modules/.bin/vitest run tests/logic/view-b3b-mapmodel.test.ts 2>&1 | tail -15', 'description': 'Run mapmodel tests via vitest bin'}

[tool] Bash: {'command': 'node node_modules/.bin/vitest run tests/logic tests/platform 2>&1 | grep -E "✓|×|✗|Test Files|Tests |FAIL" | tail -60', 'description': 'Baseline full logic+platform su

[tool] Bash: {'command': 'node node_modules/.bin/vitest run tests/logic/view-b3b-states.test.ts -t "PC-R-04" 2>&1 | grep -v "^$" | tail -30', 'description': 'Show PC-R-04 failure detail'}

[tool] Bash: {'command': 'node node_modules/.bin/vitest run tests/logic/view-b3b-states.test.ts | grep -B2 -A14 "R-04"', 'description': 'Show R-04 failure detail'}

[tool] Bash: {'command': 'sed -n 92,118p src/render/scenes/PlayScene.ts; echo ---- ; sed -n 216,232p src/render/scenes/PlayScene.ts; echo ---- ; sed -n 336,356p src/render/scenes/PlayScene.ts; 

[tool] Bash: {'command': 'sed -n 1,60p src/render/scenes/PlayScene.ts', 'description': 'Read PlayScene header and imports'}

[tool] Read: {'file_path': '/data/youtube-playables/M11-Gap/game/tests/logic/refactor-contract.test.ts'}

[tool] Bash: {'command': 'grep -n "render/scenes\\|src/render\\|walkTs\\|UNITS\\|readFileSync" tests/logic/view-b3a-geometry.test.ts tests/logic/view-b3a-timing.test.ts tests/logic/view-b3a-hol

[tool] Bash: {'command': 'grep -n "PlayScene\\|readFileSync\\|source\\|src =" tests/logic/view-b3a-timing.test.ts | head -30', 'description': 'Check timing test usage of PlayScene'}

[tool] Bash: {'command': 'cat src/render/components/InkBadge.ts', 'description': 'Read InkBadge component'}

[tool] Read: {'file_path': '/data/youtube-playables/M11-Gap/game/src/logic/master.ts'}

[tool] Edit: {'replace_all': False, 'file_path': '/data/youtube-playables/M11-Gap/game/src/render/viewmodel/mapModel.ts', 'old_string': "import {\n  CAMPAIGN_LEVELS, GATE_STARS, LEVELS_PER_CHAP

[tool] Edit: {'replace_all': False, 'file_path': '/data/youtube-playables/M11-Gap/game/src/render/components/SkinCard.ts', 'old_string': '    const row = SKIN_STATE[state];\n    const inkColor 

[tool] Edit: {'replace_all': False, 'file_path': '/data/youtube-playables/M11-Gap/game/src/render/components/SkinCard.ts', 'old_string': "  /** Một dòng chữ trong card: căn theo tỷ lệ ô, rỗng t

[tool] Edit: {'replace_all': False, 'file_path': '/data/youtube-playables/M11-Gap/game/src/render/layout.ts', 'old_string': '/** Trần dưới của một ô chạm, tính theo px thế giới ở chiều cao thiế

[tool] Edit: {'replace_all': False, 'file_path': '/data/youtube-playables/M11-Gap/game/src/render/components/StarRow.ts', 'old_string': "import Phaser from 'phaser';\nimport { STAR_SCALE } from

[tool] Edit: {'replace_all': False, 'file_path': '/data/youtube-playables/M11-Gap/game/src/render/components/MapNode.ts', 'old_string': "import Phaser from 'phaser';\nimport type { MapNode as N

[tool] Edit: {'replace_all': False, 'file_path': '/data/youtube-playables/M11-Gap/game/src/render/components/SkinCard.ts', 'old_string': "import Phaser from 'phaser';\nimport type { SkinPrice }

[tool] Edit: {'replace_all': False, 'file_path': '/data/youtube-playables/M11-Gap/game/src/render/components/SkinCard.ts', 'old_string': '/** Tỷ lệ ô mẫu giấy trong card — DỮ LIỆU bố cục, không

[tool] Edit: {'replace_all': False, 'file_path': '/data/youtube-playables/M11-Gap/game/src/render/components/BadgeIcon.ts', 'old_string': "import Phaser from 'phaser';\nimport type { BadgeRow }

[tool] Edit: {'replace_all': False, 'file_path': '/data/youtube-playables/M11-Gap/game/src/render/components/BadgeIcon.ts', 'old_string': '    this.strokeCircle(cx, cy, r * 0.82);', 'new_string

[tool] Edit: {'replace_all': False, 'file_path': '/data/youtube-playables/M11-Gap/game/src/render/components/PaperPanel.ts', 'old_string': "import Phaser from 'phaser';\nimport { makeTestidHook

[tool] Bash: {'command': 'grep -rn "openFrame\\|Backdrop\\|PanelArt\\|Frame\\b" src/ tests/ --include=*.ts | grep -v "src/render/components/PaperPanel.ts" | head', 'description': 'Find users of

[tool] Bash: {'command': 'cat -n src/render/viewmodel/gridModel.ts', 'description': 'Read gridModel'}

[tool] Bash: {'command': 'grep -n "new StarRow\\|new InkBadge\\|new OptionCard\\|add.existing\\|new SheetView" src/render/scenes/PlayScene.ts | head -20', 'description': 'Check how PlayScene ad

[tool] Bash: {'command': 'cat tsconfig.json; cat vitest.config.ts', 'description': 'Read tsconfig and vitest config'}

[tool] Bash: {'command': 'cat > src/render/scenes/MapScene.ts <<\'TSEOF\'\n// Pattern: Scene (bản đồ tiến trình)\n// TRÁCH NHIỆM: một cột dọc gồm hàng tab 8 chương (pill 200x72 — DS:102), lưới 

[tool] Edit: {'replace_all': False, 'file_path': '/data/youtube-playables/M11-Gap/game/src/render/scenes/MapScene.ts', 'old_string': '// probe', 'new_string': '// Pattern: Scene (bản đồ tiến tr

[tool] Edit: {'replace_all': False, 'file_path': '/data/youtube-playables/M11-Gap/game/src/render/scenes/MapScene.ts', 'old_string': "    this.tabs = CAMPAIGN.map((row) => this.spawn(this.strip

[tool] Bash: {'command': 'grep -rn "gridModel" tests/ src/ --include=*.ts | grep -v "src/render/viewmodel/gridModel.ts" | head', 'description': 'Find gridModel users'}

[tool] Bash: {'command': 'sed -n 60,90p src/render/components/PaperPanel.ts', 'description': 'Show PaperPanel tail'}

[tool] Edit: {'replace_all': False, 'file_path': '/data/youtube-playables/M11-Gap/game/src/render/scenes/MapScene.ts', 'old_string': "  /** id QA động: prefix + số chương/số màn — chuỗi tĩnh du

[tool] Bash: {'command': 'grep -n "this.run\\|onTap\\|private strip" src/render/scenes/MapScene.ts', 'description': 'Check MapScene tap wiring'}

[tool] Edit: {'replace_all': False, 'file_path': '/data/youtube-playables/M11-Gap/game/src/render/scenes/MapScene.ts', 'old_string': '    BAR.forEach((row, i) => this.bar[i].onTap(() => row.run

[tool] Read: {'file_path': '/data/youtube-playables/M11-Gap/game/src/render/components/PaperPanel.ts', 'offset': 44}

[tool] Edit: {'replace_all': False, 'file_path': '/data/youtube-playables/M11-Gap/game/src/render/components/PaperPanel.ts', 'old_string': '/** Những thứ mọi scene tiến trình cần như nhau; scen

[tool] Edit: {'replace_all': False, 'file_path': '/data/youtube-playables/M11-Gap/game/src/render/components/PaperPanel.ts', 'old_string': "import Phaser from 'phaser';\nimport { makeTestidHook

[tool] Edit: {'replace_all': False, 'file_path': '/data/youtube-playables/M11-Gap/game/src/render/scenes/MapScene.ts', 'old_string': '    this.session = readSession(this.game.registry);\n    th

[tool] Edit: {'replace_all': False, 'file_path': '/data/youtube-playables/M11-Gap/game/src/render/scenes/MapScene.ts', 'old_string': "import { Backdrop, cameraSize, PanelArt, RESIZE_EVENT } fro

[tool] Edit: {'replace_all': False, 'file_path': '/data/youtube-playables/M11-Gap/game/src/render/scenes/MapScene.ts', 'old_string': "      const view = this.spawn(this.strip('map-node-', node.

[tool] Edit: {'replace_all': False, 'file_path': '/data/youtube-playables/M11-Gap/game/src/logic/master.ts', 'old_string': '/** Màn mở đầu vòng master theo bảng sao master: chơi lại từ đầu, giữ

[tool] Bash: {'command': 'cat > src/render/levelSource.ts <<\'TSEOF\'\n// Pattern: Port (nguồn đề cho scene chơi)\n// TRÁCH NHIỆM: giữ TÊN của cửa sinh đề (`session.makeSpec`) ở MỘT file không 

[tool] Edit: {'replace_all': False, 'file_path': '/data/youtube-playables/M11-Gap/game/src/render/levelSource.ts', 'old_string': '// file chưa tồn tại', 'new_string': '// Pattern: Port (nguồn đ

[tool] Bash: {'command': 'touch src/render/levelSource.ts && wc -c src/render/levelSource.ts', 'description': 'Create empty levelSource file'}

[tool] Bash: {'command': 'grep -rn "session" tests/logic/*.test.ts | grep -v "^tests/logic/scene-boot" | head -20', 'description': 'Check tests referencing session module'}

[tool] Edit: {'replace_all': False, 'file_path': '/data/youtube-playables/M11-Gap/game/src/render/session.ts', 's_tr': '\\n/** Nối `session.makeSpec` của composition root vào cổng nhỏ hơn mà sc

[tool] Edit: {'replace_all': False, 'file_path': '/data/youtube-playables/M11-Gap/game/src/render/session.ts', 'old_string': "/** Scene lấy session từ registry; thiếu nghĩa là boot chưa nối dây

[tool] Bash: {'command': 'sed -n 52,70p src/render/scenes/PlayScene.ts', 'description': 'Show PlayScene fields'}

[tool] Edit: {'replace_all': False, 'file_path': '/data/youtube-playables/M11-Gap/game/src/render/scenes/PlayScene.ts', 'old_string': "import { creaseBand, layoutOf } from '../layout';\nimport 

[tool] Edit: {'replace_all': False, 'file_path': '/data/youtube-playables/M11-Gap/game/src/render/scenes/PlayScene.ts', 'old_string': '  private session!: GameSession;', 'new_string': '  privat

[tool] Edit: {'replace_all': False, 'file_path': '/data/youtube-playables/M11-Gap/game/src/render/scenes/PlayScene.ts', 'old_string': '    this.session = readSession(this.game.registry);', 'new

[tool] Bash: {'command': 'grep -n "makeSpec\\|source" src/render/scenes/PlayScene.ts', 'description': 'Verify PlayScene source wiring'}

[tool] Edit: {'replace_all': False, 'file_path': '/data/youtube-playables/M11-Gap/game/src/render/scenes/PlayScene.ts', 'old_string': '    const spec = this.session.makeSpec(init.level ?? this.

[tool] Edit: {'replace_all': False, 'file_path': '/data/youtube-playables/M11-Gap/game/src/render/scenes/PlayScene.ts', 'old_string': '    this.state = resolve(this.state, (i) => this.session.m

[tool] Edit: {'replace_all': False, 'file_path': '/data/youtube-playables/M11-Gap/game/src/main.ts', 'old_string': "import { blankMasterStars, masterLevel, masterReady } from './logic/master';"

[tool] Edit: {'replace_all': False, 'file_path': '/data/youtube-playables/M11-Gap/game/src/main.ts', 'old_string': "import { blankMasterStars, enterMaster, masterLevel, masterReady } from './lo

[tool] Edit: {'replace_all': False, 'file_path': '/data/youtube-playables/M11-Gap/game/src/main.ts', 'old_string': '    masterReady: () => masterReady(save.stars),\n    enterMaster: () => (mast

[result] is_error=True num_turns=91 duration_ms=1856301 cost_usd=7.889580499999999
