
[tool] Bash: {'command': 'ls -la src/render/ src/render/scenes/ 2>&1 | head -50', 'description': 'List render scenes directory'}

[tool] Bash: {'command': "sed -n '1,60p' src/main.ts", 'description': 'Show top of main.ts'}

[tool] Bash: {'command': 'for f in AlbumScene EndScene ScoreScene ShopScene; do echo "=== $f ==="; cat -A src/render/scenes/$f.ts; done', 'description': 'Show content of 4 stub scene files'}

[tool] Bash: {'command': 'grep -n "AlbumScene\\|EndScene\\|ScoreScene\\|ShopScene" -r src tests tools --include=*.ts --include=*.mjs | grep -v "^src/render/scenes/\\(Album\\|End\\|Score\\|Shop\

[tool] Read: {'file_path': '/data/youtube-playables/M11-Gap/game/src/render/scenes/AlbumScene.ts'}

[tool] Read: {'file_path': '/data/youtube-playables/M11-Gap/game/src/render/scenes/EndScene.ts'}

[tool] Read: {'file_path': '/data/youtube-playables/M11-Gap/game/src/render/scenes/ScoreScene.ts'}

[tool] Read: {'file_path': '/data/youtube-playables/M11-Gap/game/src/render/scenes/ShopScene.ts'}

[tool] Read: {'file_path': '/data/youtube-playables/M11-Gap/game/tests/logic/view-b3b-states.test.ts'}

[tool] Bash: {'command': 'npm run test:logic 2>&1 | tail -60', 'description': 'Run logic tests to see failures', 'timeout': 600000}

[tool] Bash: {'command': 'ls -R src/render src/ui src/logic config 2>&1 | head -80', 'description': 'List source tree'}

[tool] Bash: {'command': 'npm run test:logic 2>&1 | tail -80', 'description': 'Run logic tests', 'timeout': 600000}

[tool] Bash: {'command': 'npx vitest run tests/logic/view-b3b-states.test.ts 2>&1 | tail -60', 'description': 'Run B3b states test file', 'timeout': 600000}

[tool] Bash: {'command': 'npx vitest run tests/logic/view-b3b-states.test.ts | tail -60', 'description': 'Run B3b states test file', 'timeout': 600000}

[tool] Bash: {'command': 'npx vitest run tests/logic/view-b3b-states.test.ts 2>&1 | tail -70', 'description': 'Run B3b states test file', 'timeout': 600000}

[tool] Bash: {'command': 'npx vitest run tests/logic/view-b3b-states.test.ts 2>&1 | tail -70', 'description': 'Run B3b states test file', 'timeout': 600000, 'dangerouslyDisableSandbox': True}

[tool] Bash: {'command': 'npx vitest run tests/logic/view-b3b-states.test.ts --reporter=basic', 'description': 'Run B3b states test file', 'timeout': 600000}

[tool] Bash: {'command': 'npm run typecheck 2>&1 | tail -20', 'description': 'Run typecheck', 'timeout': 600000}

[tool] Bash: {'command': 'node ./node_modules/typescript/bin/tsc --noEmit 2>&1 | tail -20', 'description': 'Typecheck via tsc binary directly', 'timeout': 600000}

[tool] Bash: {'command': 'node ./node_modules/vitest/vitest.mjs run 2>&1 | tail -45', 'description': 'Run full logic test suite', 'timeout': 600000}

[tool] Bash: {'command': 'node ./node_modules/vitest/vitest.mjs run 2>&1 | grep -E "^ (FAIL|✓|❯)" | grep FAIL | sort | uniq -c | head -40', 'description': 'List failing test names', 'timeout': 

[tool] Read: {'file_path': '/data/youtube-playables/M11-Gap/game/tests/logic/view-b3b-contract.test.ts'}

[tool] Bash: {'command': 'ls -la src/ui; node ./node_modules/vitest/vitest.mjs run tests/logic/view-b3a-contract.test.ts 2>&1 | grep -A 25 "FAIL"| head -60', 'description': 'Inspect ui dir and 

[tool] Read: {'file_path': '/data/youtube-playables/M11-Gap/game/src/render/scenes/MapScene.ts'}
