
[tool] Bash: {'command': 'ls src/logic/ && echo "---PLATFORM---" && ls src/platform/ && echo "---RENDER---" && ls -R src/render src/ui 2>/dev/null | head -60 && echo "---TESTS---" && ls tests/l

[tool] Bash: {'command': 'grep -n "export" src/logic/progression.ts src/logic/economy.ts src/logic/save.ts src/logic/records.ts src/logic/i18n.ts 2>/dev/null | head -120', 'description': 'Grep 

[tool] Bash: {'command': 'wc -l tests/logic/view-b3b-*.test.ts src/render/viewmodel/mapModel.ts src/ui/testids.ts src/render/theme/paperTheme.ts src/render/layout.ts src/main.ts && echo "=== CO

[tool] Bash: {'command': 'cat tests/logic/view-b3b-mapmodel.test.ts', 'description': 'Read B3b mapmodel test'}

[tool] Bash: {'command': 'cat tests/logic/view-b3b-states.test.ts', 'description': 'Read B3b states test'}

[tool] Read: {'file_path': '/data/youtube-playables/M11-Gap/game/tests/logic/view-b3b-states.test.ts', 'limit': 300, 'offset': 30}

[tool] Read: {'file_path': '/data/youtube-playables/M11-Gap/game/tests/logic/view-b3b-states.test.ts', 'limit': 300, 'offset': 330}

[tool] Bash: {'command': 'cat src/ui/testids.ts; echo "=====LAYOUT====="; cat src/render/layout.ts', 'description': 'Read testids and layout'}

[tool] Bash: {'command': 'cat src/render/theme/paperTheme.ts; echo "=====MAPSCENE====="; cat src/render/scenes/MapScene.ts; echo "=====MAPMODEL====="; cat src/render/viewmodel/mapModel.ts', 'de

[tool] Bash: {'command': 'grep -rn "mapModel\\|buildMapModel\\|MapModel\\|chapterFlags" --include=*.ts src tests | grep -v "^src/render/viewmodel/mapModel.ts"', 'description': 'Find users of ma

[tool] Bash: {'command': 'cat src/render/session.ts; echo "=====MAIN====="; cat src/main.ts', 'description': 'Read session and main'}

[tool] Bash: {'command': 'cat tests/logic/scene-boot.test.ts', 'description': 'Read scene-boot test'}

[tool] Bash: {'command': 'ls tests/logic/helpers/ && cat tests/logic/helpers/index.ts 2>/dev/null | head -60; echo "=====BUTTON====="; cat src/ui/button.ts', 'description': 'Read helpers and bu

[tool] Bash: {'command': 'grep -n "export" tests/logic/helpers.ts | head -40; echo "=====CONFIG====="; ls config/ 2>/dev/null && cat config/skins.json 2>/dev/null | head -40 && echo "---album--

[tool] Bash: {'command': 'cat tools/gate-smell.mjs | head -120; echo "=====ALLOW====="; head -40 tools/gate-allow.json', 'description': 'Read gate smell checker'}

[tool] Bash: {'command': 'cat src/render/scenes/TitleScene.ts; echo "=====DUR====="; grep -n "export const DUR\\|export const TOUCH\\|export type RenderPhase" -A 20 src/render/anim/unfoldPlan.t

[tool] Bash: {'command': 'cat src/logic/i18n.ts', 'description': 'Read i18n dictionary'}

[tool] Bash: {'command': 'grep -rn "collectUsedKeys\\|orphan\\|maxOrphans\\|dictEn\\|DICTIONARIES" tests/logic/*.ts | head -40', 'description': 'Find i18n coverage tests'}

[tool] Bash: {'command': 'sed -n 1,60p tests/logic/i18n.test.ts', 'description': 'Read i18n test header'}

[tool] Read: {'file_path': '/data/youtube-playables/M11-Gap/game/tests/logic/i18n.test.ts', 'limit': 120, 'offset': 60}

[tool] Bash: {'command': 'grep -rn "1F6FEB\\|1f6feb" --include=*.ts --include=*.json --include=*.html . 2>/dev/null | grep -v node_modules | head; echo "===MASTER in logic==="; grep -rni "maste

[tool] Bash: {'command': 'grep -rn "aster" src/ --include=*.ts | head -20; echo "===schema==="; cat src/logic/saveSchema.ts', 'description': 'Grep master across src and read saveSchema'}

[tool] Bash: {'command': 'sed -n 1,60p src/logic/progression.ts; echo "....."; sed -n 100,200p src/logic/progression.ts', 'description': 'Read progression.ts'}

[tool] Bash: {'command': 'grep -n "describe\\|it(" tests/logic/refactor-contract.test.ts | head -40; echo "=====STARS====="; grep -n "export" src/logic/stars.ts; echo "=====CACHE====="; grep -n

[tool] Bash: {'command': 'ls ../harness/packs/ 2>/dev/null; ls specs/ 2>/dev/null | head', 'description': 'Check for pack files'}

[tool] Bash: {'command': 'grep -rn "GameSession\\|readSession\\|SESSION_KEY\\|session\\." tests/logic/view-b3a-contract.test.ts tests/logic/view-b3a-*.test.ts | head -40', 'description': 'Check

[tool] Bash: {'command': 'grep -rln "session" tests/ | head; echo "---"; grep -rn "session" tests/logic/*.test.ts | grep -v "view-b3b-states" | head -20', 'description': 'Find tests referencing

[tool] Bash: {'command': 'grep -n "scene.start\\|scene.pause\\|scene.resume\\|this.scene\\|Score\\|Map\\|Shop\\|init(\\|data\\|commit\\|DUR\\.\\|registerTestid\\|hook(\\|makeTestidHook\\|t(" sr

[tool] Bash: {'command': 'sed -n 60,165p src/render/scenes/PlayScene.ts; echo "=====SFX====="; grep -n "export" src/render/sfx.ts', 'description': 'Read PlayScene create block and sfx exports'}

[tool] Bash: {'command': 'grep -n "export\\|constructor\\|  [a-z]*(" src/render/components/StarRow.ts src/render/components/InkBadge.ts | head -40; echo "=====BOOT====="; cat src/render/scenes/

[tool] Bash: {'command': 'timeout 600 npm run typecheck 2>&1 | tail -20', 'description': 'Run typecheck baseline'}

[tool] Bash: {'command': 'npm run typecheck 2>&1 | tail -20', 'description': 'Run typecheck baseline'}

[tool] Bash: {'command': 'npm run typecheck', 'description': 'Run typecheck'}

[tool] Bash: {'command': 'npm run typecheck 2>&1 | tail -25', 'description': 'Run typecheck with sandbox off', 'dangerouslyDisableSandbox': True}

[tool] Read: {'file_path': '/data/youtube-playables/M11-Gap/game/package.json'}

[tool] Bash: {'command': 'npx tsc --noEmit 2>&1 | tail -25', 'description': 'Typecheck via tsc'}

[tool] Bash: {'command': 'npx tsc --noEmit', 'description': 'Typecheck without pipe'}

[tool] Bash: {'command': 'npm run typecheck', 'description': 'Typecheck with sandbox disabled', 'dangerouslyDisableSandbox': True}

[tool] Bash: {'command': "sh -c 'npm run typecheck 2>&1 | tail -30'", 'description': 'Run typecheck via sh -c'}

[tool] Bash: {'command': 'node --version; ls node_modules/.bin | head -20', 'description': 'Check node runtime availability'}

[tool] Bash: {'command': './node_modules/.bin/tsc --noEmit 2>&1 | tail -30; echo "EXIT=$?"', 'description': 'Typecheck using local tsc binary'}

[tool] Bash: {'command': './node_modules/.bin/tsc --noEmit | tail -30', 'description': 'Typecheck via local tsc piped to tail'}

[tool] Bash: {'command': 'node -e "console.log(\'probe\', 1+1)"', 'description': 'Probe node script execution'}

[tool] Bash: {'command': 'node node_modules/typescript/bin/tsc --noEmit | tail -30', 'description': 'Typecheck via node running tsc entry'}

[tool] Bash: {'command': 'node node_modules/vitest/vitest.mjs run tests/logic 2>&1 | tail -35', 'description': 'Run logic tests baseline'}

[tool] Bash: {'command': 'grep -rn "makeSpec(\\|levelSpec(\\|generateLevel(\\|Math.random(" src/render src/ui | grep -v "^src/render/session.ts"; echo "=== screen ==="; grep -rn "innerWidth\\|i

[tool] Bash: {'command': "bash -c 'npm run gate' 2>&1 | tail -5", 'description': 'Attempt gate via bash -c'}

[tool] Bash: {'command': 'npm run gate | tail -30', 'description': 'Run npm gate pipeline'}

[tool] Bash: {'command': 'sed -n 1,140p src/logic/economy.ts; echo "=====CAPS====="; sed -n 10,45p src/logic/cache.ts; echo "=====STAR_SCALE====="; sed -n 60,100p src/logic/progression.ts', 'de

[tool] Bash: {'command': 'grep -rn "wardrobe" src/ config/ | head; echo "=== assets ==="; ls public/assets 2>/dev/null | head -30; ls assets 2>/dev/null | head -40; echo "=== find album png ===

[tool] Bash: {'command': 'sed -n 30,110p src/platform/types.ts; echo "=== save.ts 90-125 ==="; sed -n 88,125p src/logic/save.ts', 'description': 'Read platform types and save load tail'}

[tool] Read: {'file_path': '/data/youtube-playables/M11-Gap/game/tests/logic/i18n.test.ts', 'limit': 40, 'offset': 192}

[tool] Bash: {'command': 'cat tsconfig.json; echo "=====VITE====="; cat vite.config.ts 2>/dev/null | head -40; echo "=====INK in platform tests====="; grep -rn "ink" tests/platform/*.ts | head 

[tool] Bash: {'command': 'sed -n 85,130p src/logic/stars.ts', 'description': 'Read sumStars implementation'}

[tool] Bash: {'command': 'cat > src/render/viewmodel/mapModel.ts <<\'EOF\'\n// Pattern: View Model (đọc nghiệp vụ, KHÔNG tính nghiệp vụ)\n// TRÁCH NHIỆM: dàn chuỗi tiến trình ĐÃ LƯU thành bảng 

[tool] Bash: {'command': "printf '// placeholder\\n' > src/render/viewmodel/mapModel.ts && printf '// placeholder\\n' > src/logic/master.ts && for f in ScoreScene ShopScene AlbumScene EndScene;

[tool] Bash: {'command': "printf '// placeholder\\n' > src/render/viewmodel/mapModel.ts; printf '// placeholder\\n' > src/logic/master.ts; printf '// placeholder\\n' > src/render/scenes/ScoreSc

[tool] Bash: {'command': "cat > /tmp/probe_a.txt <<'EOF'\nconst a = f('x');\nEOF\ncat /tmp/probe_a.txt", 'description': 'Test heredoc with parens-quote content'}

[tool] Bash: {'command': 'node -e "require(\'fs\').writeFileSync(\'/tmp/probe_b.txt\', \'hello\\n\')" && cat /tmp/probe_b.txt', 'description': 'Test file write via node'}

[tool] Bash: {'command': 'touch src/logic/master.ts src/render/scenes/ScoreScene.ts src/render/scenes/ShopScene.ts src/render/scenes/AlbumScene.ts src/render/scenes/EndScene.ts src/render/compo

[tool] Bash: {'command': 'touch src/render/scenes/ScoreScene.ts; ls -la src/render/scenes/', 'description': 'Test touch single scene file'}

[tool] Bash: {'command': 'cp src/render/scenes/MapScene.ts src/render/scenes/ScoreScene.ts; ls -la src/render/scenes/', 'description': 'Test cp to create new scene file'}

[tool] Edit: {'replace_all': False, 'file_path': '/data/youtube-playables/M11-Gap/game/src/render/scenes/ScoreScene.ts', 'old_string': '', 'new_string': '// placeholder\n'}

[tool] Read: {'file_path': '/data/youtube-playables/M11-Gap/game/src/render/viewmodel/mapModel.ts', 'limit': 5}

[tool] Bash: {'command': 'node -e "require(\'fs\').writeFileSync(\'src/render/components/PaperPanel.ts\',\'// placeholder\\n\')" ; cat src/render/components/PaperPanel.ts', 'description': 'Test

[tool] Bash: {'command': 'node -e "const fs=require(\'fs\');for(const p of [\'src/render/viewmodel/mapModel.ts\',\'src/logic/master.ts\',\'src/render/scenes/ScoreScene.ts\',\'src/render/scenes/

[tool] Read: {'file_path': '/data/youtube-playables/M11-Gap/game/src/render/viewmodel/mapModel.ts'}

[tool] Edit: {'replace_all': False, 'file_path': '/data/youtube-playables/M11-Gap/game/src/render/viewmodel/mapModel.ts', 'old_string': '// placeholder\n', 'new_string': '// Pattern: View Model

[tool] Edit: {'replace_all': False, 'file_path': '/data/youtube-playables/M11-Gap/game/src/logic/master.ts', 'old_string': '// placeholder\n', 'new_string': "// Pattern: Registry (vòng Master —

[tool] Read: {'file_path': '/data/youtube-playables/M11-Gap/game/src/logic/i18n.ts', 'limit': 35, 'offset': 14}

[tool] Edit: {'replace_all': False, 'file_path': '/data/youtube-playables/M11-Gap/game/src/logic/i18n.ts', 'old_string': '/** Bảng giải thích một thao tác sai — id lấy thẳng từ union ExplainKey

[tool] Edit: {'replace_all': False, 'file_path': '/data/youtube-playables/M11-Gap/game/src/logic/i18n.ts', 'old_string': "export const DICTIONARIES: Record<Locale, Dict> = {\n  en: { ...UI_COPY

[tool] Bash: {'command': 'node node_modules/vitest/vitest.mjs run tests/logic/view-b3b-mapmodel.test.ts 2>&1 | tail -25', 'description': 'Run mapmodel test'}

[tool] Read: {'file_path': '/data/youtube-playables/M11-Gap/game/src/render/components/StarRow.ts'}

[tool] Read: {'file_path': '/data/youtube-playables/M11-Gap/game/src/render/components/InkBadge.ts'}

[tool] Read: {'file_path': '/data/youtube-playables/M11-Gap/game/src/render/theme/progressTheme.ts'}

[tool] Edit: {'replace_all': False, 'file_path': '/data/youtube-playables/M11-Gap/game/src/render/theme/progressTheme.ts', 'old_string': '// placeholder\n', 'new_string': '// Pattern: Token (bả

[tool] Edit: {'replace_all': False, 'file_path': '/data/youtube-playables/M11-Gap/game/src/render/components/PaperPanel.ts', 'old_string': '// placeholder\n', 'new_string': "// Pattern: Compone

[tool] Edit: {'replace_all': False, 'file_path': '/data/youtube-playables/M11-Gap/game/src/render/components/MapNode.ts', 'old_string': '// placeholder\n', 'new_string': "// Pattern: Component 

[tool] Edit: {'replace_all': False, 'file_path': '/data/youtube-playables/M11-Gap/game/src/render/components/BadgeIcon.ts', 'old_string': '// placeholder\n', 'new_string': "// Pattern: Componen

[tool] Edit: {'replace_all': False, 'file_path': '/data/youtube-playables/M11-Gap/game/src/render/components/BadgeIcon.ts', 'old_string': '    this.pips(cx, cy, r, theme, badge.level);\n  }\n\n

[tool] Edit: {'replace_all': False, 'file_path': '/data/youtube-playables/M11-Gap/game/src/render/viewmodel/albumModel.ts', 'old_string': '// placeholder\n', 'new_string': "// Pattern: View Mod

[tool] Edit: {'replace_all': False, 'file_path': '/data/youtube-playables/M11-Gap/game/src/render/components/SkinCard.ts', 'old_string': '// placeholder\n', 'new_string': "// Pattern: Component

[tool] Edit: {'replace_all': False, 'file_path': '/data/youtube-playables/M11-Gap/game/src/render/components/SkinCard.ts', 'old_string': "  private paint(): void {\n    const face = this.face;\

[tool] Read: {'file_path': '/data/youtube-playables/M11-Gap/game/src/render/session.ts', 'limit': 45}

[tool] Edit: {'replace_all': False, 'file_path': '/data/youtube-playables/M11-Gap/game/src/render/session.ts', 'old_string': "import type { Dict } from '../logic/i18n';\nimport type { LevelResu

[tool] Read: {'file_path': '/data/youtube-playables/M11-Gap/game/src/main.ts', 'limit': 15, 'offset': 14}

[tool] Edit: {'replace_all': False, 'file_path': '/data/youtube-playables/M11-Gap/game/src/main.ts', 'old_string': "import { DEFAULT_LOCALE, dictOf } from './logic/i18n';\nimport type { LevelRe

[tool] Edit: {'replace_all': False, 'file_path': '/data/youtube-playables/M11-Gap/game/src/main.ts', 'old_string': "import { SESSION_KEY, type GameSession } from './render/session';\nimport { B

[tool] Read: {'file_path': '/data/youtube-playables/M11-Gap/game/src/main.ts', 'limit': 60, 'offset': 116}

[tool] Read: {'file_path': '/data/youtube-playables/M11-Gap/game/src/main.ts', 'limit': 40, 'offset': 175}

[tool] Edit: {'replace_all': False, 'file_path': '/data/youtube-playables/M11-Gap/game/src/main.ts', 'old_string': '/**\n * Cửa của tầng render: scene nhìn thấy ĐÚNG 8 khả năng, không thấy gene

[tool] Edit: {'replace_all': False, 'file_path': '/data/youtube-playables/M11-Gap/game/src/main.ts', 'old_string': '    soundOn: () => save.sound_on,\n    toggleSound: () => {\n      save = { .

[tool] Edit: {'replace_all': False, 'file_path': '/data/youtube-playables/M11-Gap/game/src/main.ts', 'old_string': '    scene: [BootScene, TitleScene, PlayScene],', 'new_string': '    scene: [B

[tool] Edit: {'replace_all': False, 'file_path': '/data/youtube-playables/M11-Gap/game/src/render/components/PaperPanel.ts', 'old_string': "import Phaser from 'phaser';\nimport { makeTestidHook

[tool] Edit: {'replace_all': False, 'file_path': '/data/youtube-playables/M11-Gap/game/src/render/components/PaperPanel.ts', 'old_string': '/** Những thứ mọi scene tiến trình cần như nhau; scen

[result] is_error=True num_turns=91 duration_ms=1888663 cost_usd=7.900537000000003
