
[tool] Bash: {'command': 'ls -la && echo "--- render tree ---" && find src/render tests/logic -type f | sort', 'description': 'List project and render/test files'}

[tool] Bash: {'command': 'git diff --stat -- src/main.ts src/render index.html tests/logic | cat', 'description': 'Show diff stat for layout-related files'}

[tool] Read: {'file_path': '/data/youtube-playables/M11-Gap/game/src/render/layout.ts'}

[tool] Read: {'file_path': '/data/youtube-playables/M11-Gap/game/tests/logic/layout.test.ts'}

[tool] Bash: {'command': 'cat package.json && echo "--- index.html ---" && cat index.html', 'description': 'Read package.json and index.html'}

[tool] Bash: {'command': 'npx vitest run tests/logic/layout.test.ts 2>&1 | tail -25', 'description': 'Run layout tests'}

[tool] Bash: {'command': 'npx vitest run tests/logic/layout.test.ts 2>&1 | tail -30', 'description': 'Run layout test file'}

[tool] Bash: {'command': 'npx vitest run tests/logic/layout.test.ts', 'description': 'Run layout test file'}

[tool] Bash: {'command': 'npm run test:logic 2>&1 | tail -30', 'description': 'Run logic test suite', 'dangerouslyDisableSandbox': True}

[tool] Bash: {'command': 'npm run test:logic | tail -30', 'description': 'Run logic tests and show tail'}

[tool] Bash: {'command': 'npm run typecheck 2>&1 | tail -20', 'description': 'Run TypeScript type check'}

[tool] Bash: {'command': 'npm run typecheck', 'description': 'Run TypeScript type check'}

[tool] Bash: {'command': 'ls node_modules/.bin | head -40; echo "---"; sed -n 1,60p vitest.config.ts', 'description': 'List local binaries and read vitest config'}

[tool] Bash: {'command': './node_modules/.bin/tsc --noEmit -p . 2>&1 | tail -20', 'description': 'Type check with local tsc'}

[tool] Bash: {'command': './node_modules/.bin/tsc --noEmit -p . | tail -20', 'description': 'Type check with local tsc binary', 'dangerouslyDisableSandbox': True}

[tool] Bash: {'command': 'npm run typecheck && npm run test:logic', 'description': 'Run the session gate commands'}

[tool] Bash: {'command': 'node -v; ls node_modules/vitest | head', 'description': 'Check node version and vitest package'}

[tool] Bash: {'command': 'node node_modules/vitest/vitest.mjs run tests/logic/layout.test.ts | tail -30', 'description': 'Run layout tests via node'}

[tool] Bash: {'command': 'node node_modules/typescript/bin/tsc --noEmit -p . | tail -20; echo "TSC_EXIT=$?"', 'description': 'Type check via node tsc'}

[tool] Bash: {'command': 'node node_modules/vitest/vitest.mjs run tests/logic tests/platform | tail -40', 'description': 'Run full logic and platform test suites'}

[tool] Bash: {'command': 'node node_modules/typescript/bin/tsc --noEmit -p . 2>&1 | tail -20', 'description': 'Type check project with tsc'}

[tool] Bash: {'command': 'node tools/gate-smell.mjs 2>&1 | tail -30', 'description': 'Run gate-smell checker'}

[tool] Read: {'file_path': '/data/youtube-playables/M11-Gap/game/src/main.ts'}

[tool] Read: {'file_path': '/data/youtube-playables/M11-Gap/game/src/render/components/OptionCard.ts'}

[tool] Read: {'file_path': '/data/youtube-playables/M11-Gap/game/src/render/components/HolePool.ts'}

[tool] Read: {'file_path': '/data/youtube-playables/M11-Gap/game/src/render/holeView.ts'}

[tool] Read: {'file_path': '/data/youtube-playables/M11-Gap/game/src/render/components/PaperPanel.ts'}

[tool] Bash: {'command': 'ls src/ui && echo "=== button.ts ===" && cat -n src/ui/button.ts', 'description': 'List ui dir and read button.ts'}

[tool] Bash: {'command': 'cat -n src/render/components/StarRow.ts src/render/components/InkBadge.ts', 'description': 'Read StarRow and InkBadge components'}

[tool] Bash: {'command': 'cat -n src/render/components/SheetView.ts | head -90; echo "=== testids ==="; cat -n src/ui/testids.ts', 'description': 'Read SheetView and testids'}

[tool] Bash: {'command': "sed -n '90,230p' src/render/components/SheetView.ts | cat -n | sed 's/^/    /'", 'description': 'Read rest of SheetView'}

[tool] Bash: {'command': "sed -n '230,330p' src/render/components/SheetView.ts | cat -n | sed 's/^/    /'", 'description': 'Read remainder of SheetView'}

[tool] Bash: {'command': 'grep -rn "holeField\\|innerRect\\|creaseBand\\|RATIOS\\|layoutOf\\|CAMERA" --include=*.ts src tests tools | grep -v "^src/render/layout.ts" | sed \'s/^/  /\'', 'descri

[tool] Read: {'file_path': '/data/youtube-playables/M11-Gap/game/tests/logic/view-b3a-holes.test.ts'}

[tool] Read: {'file_path': '/data/youtube-playables/M11-Gap/game/src/render/scenes/PlayScene.ts'}

[tool] Bash: {'command': 'grep -rn "add.container(\\|super(scene\\|add.rectangle(\\|setOrigin(" --include=*.ts src/render src/ui | sed \'s/^/  /\'', 'description': 'Find container and rectangle

[tool] Bash: {'command': 'cat -n src/render/components/MapNode.ts; echo "=== SkinCard ==="; cat -n src/render/components/SkinCard.ts', 'description': 'Read MapNode and SkinCard'}

[tool] Bash: {'command': 'cat -n src/render/theme/paperTheme.ts | sed -n \'1,80p\'; echo "=== i18n hud keys ==="; grep -n "hud\\.\\|\'label\'\\|FONT" src/logic/i18n.ts | head -40', 'description

[tool] Bash: {'command': 'cat -n src/render/scenes/TitleScene.ts', 'description': 'Read TitleScene'}

[tool] Bash: {'command': 'grep -rn "button\\|OptionCard\\|makeButton" tests/logic/*.ts | grep -v "^tests/logic/layout" | sed \'s/^/  /\' | head -40', 'description': 'Grep tests referencing butt

[tool] Bash: {'command': "sed -n '30,140p' tests/logic/view-b3a-contract.test.ts | cat -n | sed 's/^/ /'", 'description': 'Read contract test expectations'}

[tool] Bash: {'command': "sed -n '140,260p' tests/logic/view-b3a-contract.test.ts | cat -n | sed 's/^/ /'", 'description': 'Read rest of contract test'}

[tool] Bash: {'command': "sed -n '69,140p' src/render/theme/paperTheme.ts | cat -n | sed 's/^/ /'", 'description': 'Read textStyle implementation'}

[tool] Bash: {'command': 'grep -rn "fontSize\\|textStyle\\|30px\\|font" tests/logic/*.ts tests/platform/*.ts 2>/dev/null | sed \'s/^/  /\' | head -30', 'description': 'Grep tests for font size 

[tool] Bash: {'command': 'grep -rn "makeButton\\|setLabel\\|paintRow" src/render/scenes/*.ts | sed \'s/^/  /\'', 'description': 'Grep makeButton usages in scenes'}

[tool] Bash: {'command': 'cat -n src/render/viewmodel/gridModel.ts', 'description': 'Read gridModel viewmodel'}

[tool] Bash: {'command': 'grep -rn "setPosition(\\|\\.x +\\|\\.y +" src/render/scenes/*.ts | sed \'s/^/  /\'', 'description': 'Grep scene position arithmetic'}

[tool] Bash: {'command': 'grep -rn "cards\\[\\|getChildren\\|\\.badge\\|\\.plate\\|holeBox\\|getContainer" tests/logic/*.ts | sed \'s/^/  /\' | head -20', 'description': 'Grep tests reaching in
Đã đọc xong trạng thái. V1–V3 của phiên trước đã xong và xanh (663 test). Việc còn lại: V6 (3 lỗi toạ độ trong component) + 2 test. Bắt đầu với `layout.ts`.

[tool] Edit: {'replace_all': False, 'file_path': '/data/youtube-playables/M11-Gap/game/src/render/layout.ts', 'old_string': '/**\n * Vùng vẽ LỖ bên trong một ô đáp án: ô giấy thu nhỏ nằm lệch v

[tool] Edit: {'replace_all': False, 'file_path': '/data/youtube-playables/M11-Gap/game/src/render/layout.ts', 'old_string': '// RÀNG BUỘC: không import phaser (test node + dễ thử); một dòng = m

[tool] Edit: {'replace_all': False, 'file_path': '/data/youtube-playables/M11-Gap/game/src/render/layout.ts', 'old_string': '// VÙNG AN TOÀN TRONG Ô (V6): `innerRect` / `cardArt` / `buttonFace`

[tool] Bash: {'command': 'sed -n \'155,265p\' src/render/layout.ts | cat -n | sed \'s/^/ /\' ; echo "LINES: $(wc -l < src/render/layout.ts)"', 'description': 'Show tail of layout.ts'}

[tool] Write: {'file_path': '/data/youtube-playables/M11-Gap/game/src/render/components/fitText.ts', 'content': '// Pattern: helper (view thuần, không import phaser)\n// TRÁCH NHIỆM: MỘT cửa duy

[tool] Bash: {'command': "sed -n '260,400p' tests/logic/view-b3a-contract.test.ts | cat -n | sed 's/^/ /'", 'description': 'Read remaining contract rules'}

[tool] Bash: {'command': 'cat > src/render/components/fitText.ts <<\'TS\'\n// Pattern: helper (view thuần — không import phaser)\n// TRÁCH NHIỆM: MỘT cửa duy nhất cho việc "chữ phải nằm TRONG ô

[tool] Bash: {'command': 'cat > /data/youtube-playables/M11-Gap/game/src/render/components/fitText.ts <<\'TS\'\n// Pattern: helper (view thuần — không import phaser)\n// TRÁCH NHIỆM: MỘT cửa du

[tool] Bash: {'command': 'cp src/render/components/HolePool.ts src/render/components/fitText.ts; ls -l src/render/components/fitText.ts', 'description': 'Test creating file by copy'}

[tool] Edit: {'replace_all': False, 'file_path': '/data/youtube-playables/M11-Gap/game/src/render/components/fitText.ts', 'old_string': '', 'new_string': '// placeholder'}

[tool] Edit: {'replace_all': False, 'file_path': '/data/youtube-playables/M11-Gap/game/src/render/components/fitText.ts', 'old_string': '// placeholder', 'new_string': '// Pattern: helper (view

[tool] Bash: {'command': 'grep -rn "hex\\|#[0-9A-Fa-f]" tests/logic/*.ts tools/gate-smell.mjs | grep -i "hex\\|màu" | sed \'s/^/ /\' | head -20', 'description': 'Grep tests and gate for hex col

[tool] Bash: {'command': "sed -n '90,115p;335,360p' tests/logic/view-b3b-states.test.ts | cat -n | sed 's/^/ /'", 'description': 'Inspect B3b file scope for hex rule'}

[tool] Bash: {'command': 'grep -n "B3B_FILES\\s*=\\|^const VIEW\\|SCENE_FILES\\s*=" -A 12 tests/logic/view-b3b-states.test.ts | head -50', 'description': 'Find B3B_FILES definition'}

[tool] Edit: {'replace_all': False, 'file_path': '/data/youtube-playables/M11-Gap/game/src/render/components/OptionCard.ts', 'old_string': "import Phaser from 'phaser';\nimport type { Point } f

[tool] Edit: {'replace_all': False, 'file_path': '/data/youtube-playables/M11-Gap/game/src/render/components/OptionCard.ts', 'old_string': '  constructor(scene: Phaser.Scene, index: number, box

[tool] Edit: {'replace_all': False, 'file_path': '/data/youtube-playables/M11-Gap/game/src/render/components/OptionCard.ts', 'old_string': "  /** Đổi kích thước camera: xếp lại mọi thứ theo Box

[tool] Read: {'file_path': '/data/youtube-playables/M11-Gap/game/src/render/components/OptionCard.ts'}

[tool] Edit: {'replace_all': False, 'file_path': '/data/youtube-playables/M11-Gap/game/src/render/components/OptionCard.ts', 'old_string': '// RÀNG BUỘC: không so sánh với đáp án, không tự quyế

[tool] Edit: {'replace_all': False, 'file_path': '/data/youtube-playables/M11-Gap/game/src/render/components/InkBadge.ts', 'old_string': "// Pattern: Component (Phaser container)\n// TRÁCH NHIỆ

[tool] Edit: {'replace_all': False, 'file_path': '/data/youtube-playables/M11-Gap/game/src/render/layout.ts', 'old_string': '/** DỮ LIỆU của một nút: cạnh hình so với ô trong + phép ước lượng b

[tool] Edit: {'replace_all': False, 'file_path': '/data/youtube-playables/M11-Gap/game/src/ui/button.ts', 'old_string': "import Phaser from 'phaser';\nimport { DUR, TOUCH, type RenderPhase } fr

[tool] Edit: {'replace_all': False, 'file_path': '/data/youtube-playables/M11-Gap/game/src/ui/button.ts', 'old_string': "/**\n * Nút dẹt theo Box. `glyph` là khoá trong bảng GLYPHS — truyền vào

[tool] Edit: {'replace_all': False, 'file_path': '/data/youtube-playables/M11-Gap/game/src/render/layout.ts', 'old_string': '/** Ô giọt mực + ô chữ số Mực bên trong hộp `ink` (V6.5: con số phải

[tool] Edit: {'replace_all': False, 'file_path': '/data/youtube-playables/M11-Gap/game/src/render/components/OptionCard.ts', 'old_string': '  private side = 0;', 'new_string': '  /** Ô hiện hàn

[tool] Edit: {'replace_all': False, 'file_path': '/data/youtube-playables/M11-Gap/game/src/render/components/OptionCard.ts', 'old_string': '  /** Viền đậm = ô người chơi vừa chọn; scene truyền 

[tool] Edit: {'replace_all': False, 'file_path': '/data/youtube-playables/M11-Gap/game/src/render/components/OptionCard.ts', 'old_string': '  relayout(box: Box): void {\n    this.x = box.x;\n  

[tool] Edit: {'replace_all': False, 'file_path': '/data/youtube-playables/M11-Gap/game/src/render/components/OptionCard.ts', 'old_string': "import { cardArt, type Box } from '../layout';", 'new

[tool] Edit: {'replace_all': False, 'file_path': '/data/youtube-playables/M11-Gap/game/src/ui/button.ts', 'old_string': "  /** Tô hình + đặt lại chữ theo ô hiện hành: MỘT đường cho mọi trạng th

[tool] Edit: {'replace_all': False, 'file_path': '/data/youtube-playables/M11-Gap/game/src/ui/button.ts', 'old_string': '    press: () => {\n      scene.tweens.add({\n        targets: obj,\n   

[tool] Edit: {'replace_all': False, 'file_path': '/data/youtube-playables/M11-Gap/game/src/ui/button.ts', 'old_string': "import { buttonFace, type Box, type Layout } from '../render/layout';", 

[tool] Edit: {'replace_all': False, 'file_path': '/data/youtube-playables/M11-Gap/game/src/ui/button.ts', 'old_string': '// RÀNG BUỘC: không tự dựng chuỗi hiển thị (nhãn do scene đưa sau khi gọ
</think>

[tool] Bash: {'command': 'node node_modules/typescript/bin/tsc --noEmit -p . 2>&1 | head -20', 'description': 'Type check after component edits'}

[tool] Bash: {'command': 'node node_modules/vitest/vitest.mjs run tests/logic tests/platform 2>&1 | tail -25', 'description': 'Run full logic and platform tests'}

[tool] Edit: {'replace_all': False, 'file_path': '/data/youtube-playables/M11-Gap/game/src/render/layout.ts', 'old_string': '/**\n * Cỡ chữ để `text` nằm gọn trong `box` (ô của `buttonFace`/`in

[tool] Edit: {'replace_all': False, 'file_path': '/data/youtube-playables/M11-Gap/game/src/render/layout.ts', 'old_string': '/**\n * Cỡ chữ để `text` nằm gọn trong `box` (ô của `buttonFace`/`in

[tool] Edit: {'replace_all': False, 'file_path': '/data/youtube-playables/M11-Gap/game/src/render/layout.ts', 'old_string': '/** DỮ LIỆU của một nút: cạnh hình so với ô trong + phép ước lượng b

[tool] Edit: {'replace_all': False, 'file_path': '/data/youtube-playables/M11-Gap/game/src/render/layout.ts', 'old_string': 'export function fitFontSize(base: number, text: string, box: Box): n

[tool] Read: {'file_path': '/data/youtube-playables/M11-Gap/game/src/render/layout.ts', 'limit': 50, 'offset': 220}

[tool] Edit: {'replace_all': False, 'file_path': '/data/youtube-playables/M11-Gap/game/src/render/layout.ts', 'old_string': '/** DỮ LIỆU của một nút: cạnh hình so với ô trong + phép ước lượng b

[tool] Edit: {'replace_all': False, 'file_path': '/data/youtube-playables/M11-Gap/game/src/ui/button.ts', 'old_string': "  /** Tô hình + đặt lại chữ theo ô hiện hành: MỘT đường cho mọi trạng th

[tool] Edit: {'replace_all': False, 'file_path': '/data/youtube-playables/M11-Gap/game/src/ui/button.ts', 'old_string': "import { centerOf, fittedStyle } from '../render/components/fitText';", 

[tool] Bash: {'command': 'node node_modules/typescript/bin/tsc --noEmit -p . 2>&1 | head -20', 'description': 'Typecheck after button/layout changes'}

[tool] Bash: {'command': 'grep -rn "punch\\|Punch" src/logic/generator.ts | head -30', 'description': 'Inspect generator punch point rules'}

[tool] Edit: {'replace_all': False, 'file_path': '/data/youtube-playables/M11-Gap/game/tests/logic/layout.test.ts', 'old_string': "import { describe, it, expect } from 'vitest'\nimport { CAMERA

[tool] Edit: {'replace_all': False, 'file_path': '/data/youtube-playables/M11-Gap/game/tests/logic/layout.test.ts', 'old_string': '/** Dien tich chong lan cua hai o (0 khi chi cham mep — cham m

[tool] Edit: {'replace_all': False, 'file_path': '/data/youtube-playables/M11-Gap/game/tests/logic/layout.test.ts', 'old_string': '/** Diện tích chồng lấn của hai ô (0 khi chỉ chạm mép — chạm m

[tool] Edit: {'replace_all': False, 'file_path': '/data/youtube-playables/M11-Gap/game/tests/logic/layout.test.ts', 'old_string': "  it('layoutOf la HAM THUAN: cung input => cung output (PC-B-0

[tool] Bash: {'command': 'python3 - <<\'PY\'\nimport re, io\np = \'tests/logic/layout.test.ts\'\ns = io.open(p, encoding=\'utf-8\').read()\ns = s.replace("""// =================================

[tool] Edit: {'replace_all': False, 'file_path': '/data/youtube-playables/M11-Gap/game/tests/logic/layout.test.ts', 'old_string': '// ===========================================================

[tool] Edit: {'replace_all': False, 'file_path': '/data/youtube-playables/M11-Gap/game/tests/logic/layout.test.ts', 'old_string': "        expect(r * 2, 'option-' + i + ': cham lo tron ra ngoai

[tool] Edit: {'replace_all': False, 'file_path': '/data/youtube-playables/M11-Gap/game/tests/logic/layout.test.ts', 'old_string': "  it('pressShift giu Tam cua o khi do lún co QUANH TAM, khong 

[tool] Edit: {'replace_all': False, 'file_path': '/data/youtube-playables/M11-Gap/game/tests/logic/layout.test.ts', 'old_string': "  it('layout an toan cung do lech camera: moi o con nam trong 

[tool] Bash: {'command': 'node node_modules/vitest/vitest.mjs run tests/logic/layout.test.ts 2>&1 | tail -45', 'description': 'Run layout tests with new V6 cases'}

[tool] Edit: {'replace_all': False, 'file_path': '/data/youtube-playables/M11-Gap/game/tests/logic/layout.test.ts', 'old_string': "  it('nut icon chi co hinh (HUD sound/menu): hinh duoc NGUYEN 

[tool] Bash: {'command': 'grep -n "co co chu\\|ô icon" tests/logic/layout.test.ts', 'description': 'Find typos in test file'}

[tool] Edit: {'replace_all': False, 'file_path': '/data/youtube-playables/M11-Gap/game/tests/logic/layout.test.ts', 'old_string': "    expect(long.showArt, 'chu 20 ky tu van chen vao ô icon => 

[tool] Bash: {'command': 'node node_modules/vitest/vitest.mjs run tests/logic/layout.test.ts 2>&1 | tail -25', 'description': 'Re-run layout tests'}

[tool] Bash: {'command': 'cp /dev/null /tmp/x 2>/dev/null; sed -i \'s/export const SAFE_PAD = 12;/export const SAFE_PAD = 0;/\' src/render/layout.ts && node node_modules/vitest/vitest.mjs run t

[tool] Edit: {'replace_all': False, 'file_path': '/data/youtube-playables/M11-Gap/game/src/render/layout.ts', 'old_string': 'export const SAFE_PAD = 12;', 'new_string': 'export const SAFE_PAD =

[tool] Bash: {'command': 'node node_modules/vitest/vitest.mjs run tests/logic/layout.test.ts 2>&1 | grep -E "^\\s+(×|✓ tests)|Tests " | head -20', 'description': 'Run mutated layout tests to ve

[tool] Edit: {'replace_all': False, 'file_path': '/data/youtube-playables/M11-Gap/game/tests/logic/layout.test.ts', 'old_string': '/** O mockup: [x, y, w, h] — so NGUYEN doi tuong, khong so gan

[tool] Edit: {'replace_all': False, 'file_path': '/data/youtube-playables/M11-Gap/game/tests/logic/layout.test.ts', 'old_string': '/** Khoang trong giua hai cot / hai hang cua luoi o dap an. */

[tool] Read: {'file_path': '/data/youtube-playables/M11-Gap/game/tests/logic/layout.test.ts', 'limit': 130, 'offset': 290}

[tool] Edit: {'replace_all': False, 'file_path': '/data/youtube-playables/M11-Gap/game/src/render/layout.ts', 'old_string': 'export const SAFE_PAD = 0;', 'new_string': 'export const SAFE_PAD = 

[tool] Edit: {'replace_all': False, 'file_path': '/data/youtube-playables/M11-Gap/game/tests/logic/layout.test.ts', 'old_string': 'describe(\'V6.1/V6.2 vung an TOAN trong o dap an: nhan so va c

[tool] Edit: {'replace_all': False, 'file_path': '/data/youtube-playables/M11-Gap/game/tests/logic/layout.test.ts', 'old_string': "  it('inkFace: giot muc + chu so nam TRONG hop ink, khong cham

[tool] Edit: {'replace_all': False, 'file_path': '/data/youtube-playables/M11-Gap/game/tests/logic/layout.test.ts', 'old_string': "    for (const card of off.options) {\n      const art = cardA

[tool] Bash: {'command': 'node node_modules/vitest/vitest.mjs run tests/logic/layout.test.ts 2>&1 | tail -12', 'description': 'Re-run layout tests after PAD_MIN switch'}

[tool] Edit: {'replace_all': False, 'file_path': '/data/youtube-playables/M11-Gap/game/src/render/layout.ts', 'old_string': 'export const SAFE_PAD = 12;', 'new_string': 'export const SAFE_PAD =

[tool] Bash: {'command': 'node node_modules/vitest/vitest.mjs run tests/logic/layout.test.ts 2>&1 | grep -E "^\\s+×|Tests " | head -15', 'description': 'Verify V6 tests fail under pad mutation'

[tool] Edit: {'replace_all': False, 'file_path': '/data/youtube-playables/M11-Gap/game/src/render/layout.ts', 'old_string': 'export const SAFE_PAD = 0;', 'new_string': 'export const SAFE_PAD = 

[tool] Bash: {'command': 'node node_modules/typescript/bin/tsc --noEmit -p . 2>&1 | head; node node_modules/vitest/vitest.mjs run tests/logic tests/platform 2>&1 | grep -E "^\\s+×|Test Files|Te

[result] is_error=True num_turns=111 duration_ms=1888378 cost_usd=8.95085325
