
> paper-crease@0.1.0 gate
> npm run typecheck && npm run test:logic && node tools/gate-smell.mjs


> paper-crease@0.1.0 typecheck
> tsc --noEmit


> paper-crease@0.1.0 test:logic
> vitest run tests/logic tests/platform


 RUN  v2.1.9 /data/youtube-playables/M11-Gap/game

 ✓ tests/logic/view-b3b-states.test.ts (30 tests) 35ms
 ✓ tests/logic/view-b3a-timing.test.ts (62 tests) 73ms
 ✓ tests/logic/view-b3b-contract.test.ts (22 tests) 37ms
 ✓ tests/logic/generator.test.ts (29 tests) 3374ms
   ✓ B1/F-1 · cfg.punchCount được tôn trọng tuyệt đối trên bảng chương thật 8×15 > (b) 200 seed × HV/HVH/HHV × punchCount 3..4 ⇒ hoặc đủ, hoặc NÉM nêu chain + punchCount 490ms
 ✓ tests/logic/layout.test.ts (42 tests) 72ms
 ✓ tests/logic/chain-config.test.ts (27 tests) 1111ms
   ✓ A1/F-1 · chainFor cấm nuốt foldCount ngoài bảng > 200 seed liên tiếp: mọi chuỗi tuân luật, tất định, và bảng không bị hẹp đến mức chỉ ra 1 chuỗi 784ms
 ✓ tests/logic/view-b3b-mapmodel.test.ts (24 tests) 45ms
 ✓ tests/logic/view-b3a-contract.test.ts (16 tests) 33ms
 ✓ tests/logic/fold-rules.test.ts (27 tests) 126ms
 ✓ tests/logic/save.test.ts (23 tests) 27ms
 ✓ tests/logic/view-b3a-geometry.test.ts (19 tests) 43ms
 ✓ tests/logic/validator.test.ts (32 tests) 56ms
 ✓ tests/logic/records.test.ts (19 tests) 63ms
 ✓ tests/logic/generator-10000.test.ts (11 tests) 24517ms
 ✓ tests/logic/level-state.test.ts (17 tests) 41ms
 ✓ tests/logic/i18n.test.ts (8 tests) 56ms
 ✓ tests/logic/economy.test.ts (18 tests) 27ms
 ✓ tests/logic/fold-unfold.test.ts (30 tests) 62ms
 ✓ tests/logic/rational.test.ts (26 tests) 40ms
 ✓ tests/logic/progression.test.ts (13 tests) 58ms
 ✓ tests/logic/hint-undo.test.ts (11 tests) 34ms
 ✓ tests/logic/records-store.test.ts (13 tests) 42ms
 ✓ tests/platform/debug.test.ts (19 tests) 40ms
 ✓ tests/platform/playgama-adapter.test.ts (11 tests) 26ms
 ✓ tests/platform/ad-mock.test.ts (8 tests) 221ms
 ✓ tests/platform/ytgame-adapter.test.ts (8 tests) 17ms
 ✓ tests/logic/telemetry.test.ts (9 tests) 153ms
 ✓ tests/platform/network-ban.test.ts (8 tests) 107ms
 ✓ tests/platform/host-shape.test.ts (10 tests) 16ms
stdout | tests/logic/scene-boot.test.ts > PlayScene khi boot (F2: hết test dò đường) > boot headless => đăng đủ rect HUD + 4 ô, số hữu hạn và không nhỏ hơn trần chạm
Phaser v4.2.1 (Headless | No Audio) https://phaser.io/v4021

stderr | tests/logic/scene-boot.test.ts > PlayScene khi boot (F2: hết test dò đường) > boot headless => đăng đủ rect HUD + 4 ô, số hữu hạn và không nhỏ hơn trần chạm
[sheet] thieu texture giay "skin_kraft" (BootScene nap tu manifest - xem console [boot])

stdout | tests/logic/scene-boot.test.ts > PlayScene khi boot (F2: hết test dò đường) > bốn ô đáp án không đè nhau trên màn hình (PC-03: bốn câu hỏi riêng)
Phaser v4.2.1 (Headless | No Audio) https://phaser.io/v4021

stderr | tests/logic/scene-boot.test.ts > PlayScene khi boot (F2: hết test dò đường) > bốn ô đáp án không đè nhau trên màn hình (PC-03: bốn câu hỏi riêng)
[sheet] thieu texture giay "skin_kraft" (BootScene nap tu manifest - xem console [boot])

stdout | tests/logic/scene-boot.test.ts > PlayScene khi boot (F2: hết test dò đường) > shutdown thì rect của màn chơi bị xoá khỏi registry (không còn vùng bấm vô hình)
Phaser v4.2.1 (Headless | No Audio) https://phaser.io/v4021

stderr | tests/logic/scene-boot.test.ts > PlayScene khi boot (F2: hết test dò đường) > shutdown thì rect của màn chơi bị xoá khỏi registry (không còn vùng bấm vô hình)
[sheet] thieu texture giay "skin_kraft" (BootScene nap tu manifest - xem console [boot])

 ✓ tests/logic/scene-boot.test.ts (4 tests) 217ms
 ✓ tests/logic/level-config.test.ts (6 tests) 47ms
 ✓ tests/logic/view-b3a-holes.test.ts (7 tests) 79ms
 ✓ tests/logic/stars.test.ts (13 tests) 19ms
 ✓ tests/platform/null-adapter.test.ts (10 tests) 12ms
 ✓ tests/logic/refactor-contract.test.ts (9 tests) 214ms
 ✓ tests/platform/standalone-full-loop.test.ts (6 tests) 14ms
 ✓ tests/platform/registry.test.ts (8 tests) 26ms
 ✓ tests/logic/validator-action.test.ts (9 tests) 76ms
 ✓ tests/logic/config-caps.test.ts (4 tests) 10ms
 ✓ tests/logic/share-code.test.ts (7 tests) 17ms

 Test Files  40 passed (40)
      Tests  675 passed (675)
   Start at  12:59:37
   Duration  56.49s (transform 7.52s, setup 0ms, collect 11.13s, tests 31.28s, environment 15ms, prepare 4.58s)

GATE V2 — 68 file trong src/logic, src/render, src/platform · trần: {"src/logic":250,"src/render":350,"src/platform":250} · dup-lines=6
  NỢ ĐÃ KHAI (tools/gate-allow.json — phải trả, không tính là fail): 2
    ~ G1 src/render/scenes/PlayScene.ts = 481 dòng > 350 (tách trách nhiệm hoặc khai báo là file dữ liệu)
    ~ G1 src/platform/sdkAdapter.ts = 251 dòng > 250 (tách trách nhiệm hoặc khai báo là file dữ liệu)
KẾT QUẢ: FAIL (1 vi phạm thật)
  ✗ G3 giá trị 12 được đặt tên GATE_STARS / SAFE_PAD ở src/logic/progression.ts + src/render/layout.ts — nghi cùng một luật, 2 hằng
