
[tool] Bash: {'command': 'wc -l src/render/layout.ts src/logic/progression.ts src/ui/testids.ts src/render/scenes/PlayScene.ts src/ui/button.ts && ls src/render src/render/components src/render

[tool] Bash: {'command': 'cat package.json && cat vitest.config.ts 2>/dev/null | head -30 && ls scripts tools 2>/dev/null', 'description': 'Read package.json and configs'}

[tool] Read: {'file_path': '/data/youtube-playables/M11-Gap/game/src/render/layout.ts'}

[tool] Read: {'file_path': '/data/youtube-playables/M11-Gap/game/src/ui/testids.ts'}

[tool] Bash: {'command': 'grep -rn "clearOwnedTestids\\|makeTestidHook\\|shutdown" src/render/scenes/*.ts src/main.ts 2>/dev/null | head -60', 'description': 'Find shutdown and testid hook usag

[tool] Bash: {'command': 'grep -rn "GATE_STARS\\|SAFE_PAD" src tests tools | head -40', 'description': 'Find GATE_STARS and SAFE_PAD usage'}

[tool] Read: {'file_path': '/data/youtube-playables/M11-Gap/game/tools/gate-smell.mjs'}

[tool] Bash: {'command': 'cat tools/gate-allow.json', 'description': 'Read gate allowlist'}

[tool] Read: {'file_path': '/data/youtube-playables/M11-Gap/game/tests/logic/layout.test.ts'}

[tool] Bash: {'command': 'grep -rn "TEMP\\|temp" tests/logic/layout.test.ts | head; grep -rln "TEMP" tests | head; npx vitest run tests/logic/layout.test.ts --reporter=basic 2>&1 | tail -15', '

[tool] Read: {'file_path': '/data/youtube-playables/M11-Gap/game/src/render/holeView.ts'}

[tool] Bash: {'command': 'cat src/render/components/OptionCard.ts', 'description': 'Read OptionCard component'}

[tool] Bash: {'command': 'cat src/render/components/HolePool.ts', 'description': 'Read HolePool component'}

[tool] Bash: {'command': 'ls tests tests/logic tests/platform 2>/dev/null; grep -rn "const [A-Z][A-Z0-9_]* *[:=] *[0-9]" src/logic src/render src/platform | head -40', 'description': 'List test

[tool] Bash: {'command': 'sed -n 1,140p src/render/scenes/TitleScene.ts', 'description': 'Read TitleScene'}

[tool] Bash: {'command': 'grep -rn "testid-loading-bar\\|loading-bar" src tests | head; ls tests/render; grep -rn "hook(" src/render/scenes/BootScene.ts | head', 'description': 'Find loading-ba

[tool] Bash: {'command': 'sed -n 1,120p src/render/scenes/BootScene.ts', 'description': 'Read BootScene'}

[tool] Bash: {'command': 'grep -rn "clearOwnedTestids\\|clearTestid\\b" src tests | head -20; echo ---; sed -n 85,135p src/render/scenes/PlayScene.ts', 'description': 'Check clear functions usa

[tool] Bash: {'command': 'grep -rn "openFrame" src/render/components/PaperPanel.ts | head; echo ---; sed -n \'/export function openFrame/,/^}/p\' src/render/components/PaperPanel.ts', 'descript

[tool] Bash: {'command': 'grep -n "openFrame" -A 25 src/render/components/PaperPanel.ts | sed -n 1,60p', 'description': 'Read openFrame definition'}

[tool] Bash: {'command': 'sed -n 390,420p src/render/scenes/PlayScene.ts', 'description': 'Read PlayScene teardown'}

[tool] Bash: {'command': 'grep -rn "cardArt\\|holeField\\|innerRect\\|0\\.09\\|162\\.\\|14\\.6" tests/logic/view-b3a-holes.test.ts tests/logic/view-b3a-geometry.test.ts tests/logic/view-b3a-con

[tool] Read: {'file_path': '/data/youtube-playables/M11-Gap/game/tests/logic/view-b3a-holes.test.ts'}

[tool] Bash: {'command': 'grep -rn "testids\\|makeTestidHook\\|clearTestid" tests/logic/*.test.ts tests/platform/*.test.ts | head -30', 'description': 'Find tests referencing testids API'}

[tool] Bash: {'command': 'grep -rn "layout" tests/logic/refactor-contract.test.ts tests/logic/view-b3a-contract.test.ts tests/logic/scene-boot.test.ts 2>/dev/null | head -20', 'description': 'C

[tool] Bash: {'command': 'sed -n 60,120p tests/logic/view-b3a-contract.test.ts; echo =====; sed -n 210,245p tests/logic/view-b3a-contract.test.ts', 'description': 'Read b3a contract test detail

[tool] Bash: {'command': 'sed -n 100,140p tests/logic/view-b3b-contract.test.ts; echo =====; sed -n 270,300p tests/logic/view-b3b-contract.test.ts', 'description': 'Read b3b contract test detai

[tool] Bash: {'command': 'grep -rn "layout" tests/logic/refactor-contract.test.ts | head -20; echo ====; grep -rn "layout\\.ts\\|render/layout" tests/logic/view-b3a-contract.test.ts tests/logic

[tool] Bash: {'command': 'grep -n "TESTIDS\\|hook\\|shutdown\\|Title" tests/logic/scene-boot.test.ts | head -40', 'description': 'Inspect scene-boot test for registry usage'}

[tool] Read: {'file_path': '/data/youtube-playables/M11-Gap/game/tests/logic/scene-boot.test.ts'}
Đã nắm hiện trạng. Bắt đầu V1: tách bảng dữ liệu ra `layoutTable.ts`.

[tool] Bash: {'command': 'cat > src/render/layoutTable.ts <<\'EOF\'\n// Pattern: Data Table (SỐ của bố cục cột dọc 720×1420)\n// TRÁCH NHIỆM: chứa TOÀN BỘ số thiết kế của tầng render — ô mockup

[tool] Bash: {'command': 'pwd; echo test > src/render/_scratch.txt && ls -l src/render/_scratch.txt', 'description': 'Test writing a scratch file'}

[tool] Bash: {'command': 'touch src/render/layoutTable.ts && ls -l src/render/layoutTable.ts', 'description': 'Create empty layoutTable file'}

[tool] Bash: {'command': 'ls -ld /data /data/youtube-playables /data/youtube-playables/M11-Gap /data/youtube-playables/M11-Gap/game; realpath src/render', 'description': 'Check for symlinks in 

[tool] Edit: {'replace_all': False, 'file_path': '/data/youtube-playables/M11-Gap/game/src/render/layoutTable.ts', 'old_string': '', 'new_string': '// placeholder'}

[tool] Edit: {'replace_all': False, 'file_path': '/data/youtube-playables/M11-Gap/game/src/render/layoutTable.ts', 'old_string': '// placeholder', 'new_string': '// Pattern: Data Table (SỐ của 

[tool] Bash: {'command': 'grep -rn "from \'\\.\\./layout\'\\|from \'\\./layout\'\\|render/layout" src | head -20; echo ====; grep -rn "layout" tests/logic/view-b3b-states.test.ts tests/logic/co

[tool] Edit: {'replace_all': False, 'file_path': '/data/youtube-playables/M11-Gap/game/src/render/layout.ts', 'old_string': '// Pattern: Data Table (bố cục CỘT DỌC 720×1420)\n// TRÁCH NHIỆM: ph

[tool] Edit: {'replace_all': False, 'file_path': '/data/youtube-playables/M11-Gap/game/src/render/layout.ts', 'old_string': "import { maxDotRadius } from './holeView';\nimport {\n  BUTTON, CARD

[tool] Edit: {'replace_all': False, 'file_path': '/data/youtube-playables/M11-Gap/game/src/render/layout.ts', 'old_string': 'export function layoutOf(w: number, h: number): Layout {\n  const s 

[tool] Edit: {'replace_all': False, 'file_path': '/data/youtube-playables/M11-Gap/game/src/render/layout.ts', 'old_string': '/** Pad tối thiểu giữa NỘI DUNG và VIỀN của một ô — đơn vị thiết kế 

[tool] Read: {'file_path': '/data/youtube-playables/M11-Gap/game/src/render/layout.ts', 'limit': 80, 'offset': 100}

[tool] Read: {'file_path': '/data/youtube-playables/M11-Gap/game/src/render/layout.ts', 'limit': 32, 'offset': 72}

[tool] Edit: {'replace_all': False, 'file_path': '/data/youtube-playables/M11-Gap/game/src/render/layout.ts', 'old_string': '/** Pad tối thiểu giữa NỘI DUNG và VIỀN của một ô — đơn vị thiết kế 

[tool] Edit: {'replace_all': False, 'file_path': '/data/youtube-playables/M11-Gap/game/src/render/layout.ts', 'old_string': '// --- chữ trong ô: một nguồn ước lượng duy nhất -------------------

[tool] Edit: {'replace_all': False, 'file_path': '/data/youtube-playables/M11-Gap/game/src/render/holeView.ts', 'old_string': 'export function holeRadius(\n  role: PoolRole, count: number, side

[tool] Edit: {'replace_all': False, 'file_path': '/data/youtube-playables/M11-Gap/game/src/render/components/OptionCard.ts', 'old_string': '    this.plate.setSize(box.w, box.h);\n    this.plate

[tool] Edit: {'replace_all': False, 'file_path': '/data/youtube-playables/M11-Gap/game/src/render/components/OptionCard.ts', 'old_string': "import { cardArt, pressShift, type Box } from '../lay

[tool] Bash: {'command': 'wc -l src/render/layout.ts src/render/layoutTable.ts; npm run typecheck 2>&1 | tail -20', 'description': 'Count lines and typecheck'}

[tool] Edit: {'replace_all': False, 'file_path': '/data/youtube-playables/M11-Gap/game/src/ui/testids.ts', 'old_string': '/**\n * Dọn HẾT phần của MỘT scene khi nó shutdown (Việc 2c): chỉ xoá n

[tool] Edit: {'replace_all': False, 'file_path': '/data/youtube-playables/M11-Gap/game/src/ui/testids.ts', 'old_string': '/**\n * Dọn HẾT phần của MỘT scene khi nó shutdown (V4, vòng này): chỉ 

[tool] Edit: {'replace_all': False, 'file_path': '/data/youtube-playables/M11-Gap/game/src/ui/testids.ts', 'old_string': '/**\n * Dựng CỬA đăng ký rect cho một scene (A9: PlayScene và TitleScen

[tool] Read: {'file_path': '/data/youtube-playables/M11-Gap/game/src/ui/testids.ts', 'limit': 40, 'offset': 25}

[tool] Edit: {'replace_all': False, 'file_path': '/data/youtube-playables/M11-Gap/game/src/ui/testids.ts', 'old_string': "/** Chủ nhân khi scene không tự giới thiệu (Boot/rect tạm) — không ai đ

[tool] Edit: {'replace_all': False, 'file_path': '/data/youtube-playables/M11-Gap/game/src/ui/testids.ts', 'old_string': 'export function clearTestidsOf(scope: string): void {\n  if (scope.leng

[tool] Bash: {'command': 'sed -i \'s/makeTestidHook(this\\.game\\.canvas/makeTestidHook(this, this.game.canvas/\' src/render/scenes/*.ts && grep -n "makeTestidHook(" src/render/scenes/*.ts', 'd

[tool] Bash: {'command': 'sed -i \'s/makeTestidHook(this\\.game\\.canvas/makeTestidHook(this, this.game.canvas/\' src/render/scenes/AlbumScene.ts src/render/scenes/EndScene.ts src/render/scenes

[tool] Bash: {'command': 'grep -n -A 3 "makeTestidHook(this" src/render/scenes/AlbumScene.ts src/render/scenes/EndScene.ts src/render/scenes/ShopScene.ts src/render/scenes/MapScene.ts src/rende

[tool] Edit: {'replace_all': False, 'file_path': '/data/youtube-playables/M11-Gap/game/src/render/scenes/AlbumScene.ts', 'old_string': '    this.kit = openFrame(this, makeTestidHook(this.game.c

[tool] Edit: {'replace_all': False, 'file_path': '/data/youtube-playables/M11-Gap/game/src/render/scenes/ShopScene.ts', 'old_string': '    this.kit = openFrame(this, makeTestidHook(this.game.ca

[tool] Edit: {'replace_all': False, 'file_path': '/data/youtube-playables/M11-Gap/game/src/render/scenes/ScoreScene.ts', 'old_string': '    this.kit = openFrame(this, makeTestidHook(this.game.c

[tool] Edit: {'replace_all': False, 'file_path': '/data/youtube-playables/M11-Gap/game/src/render/scenes/EndScene.ts', 'old_string': '    this.kit = openFrame(this, makeTestidHook(this.game.can

[tool] Edit: {'replace_all': False, 'file_path': '/data/youtube-playables/M11-Gap/game/src/render/scenes/MapScene.ts', 'old_string': '    this.kit = openFrame(this, makeTestidHook(this.game.can

[tool] Edit: {'replace_all': False, 'file_path': '/data/youtube-playables/M11-Gap/game/src/render/scenes/PlayScene.ts', 'old_string': '    this.hook = makeTestidHook(this.game.canvas, () => {',

[tool] Edit: {'replace_all': False, 'file_path': '/data/youtube-playables/M11-Gap/game/src/render/scenes/TitleScene.ts', 'old_string': '    this.hook = makeTestidHook(this.game.canvas, () => {'

[tool] Edit: {'replace_all': False, 'file_path': '/data/youtube-playables/M11-Gap/game/src/render/scenes/BootScene.ts', 'old_string': "    this.load.on('progress', paintBar);\n    paintBar(0);\

[tool] Edit: {'replace_all': False, 'file_path': '/data/youtube-playables/M11-Gap/game/src/render/scenes/BootScene.ts', 'old_string': "import { markCanvas, registerTestid } from '../../ui/testi

[tool] Read: {'file_path': '/data/youtube-playables/M11-Gap/game/src/logic/progression.ts', 'limit': 14, 'offset': 28}

[tool] Edit: {'replace_all': False, 'file_path': '/data/youtube-playables/M11-Gap/game/src/logic/progression.ts', 'old_string': '/** NGUONG ~12/15 man da cham trong chuong truoc de mo chuong ke

[tool] Bash: {'command': 'sed -n 455,500p tests/logic/view-b3b-states.test.ts', 'description': 'Inspect numeric literal scan scope'}

[tool] Bash: {'command': 'npm run typecheck 2>&1 | tail -25', 'description': 'Run typecheck'}

[tool] Bash: {'command': 'npm run typecheck | tail -25', 'description': 'Run typecheck'}

[tool] Bash: {'command': 'npm run typecheck | tail -25', 'description': 'Run typecheck outside sandbox', 'dangerouslyDisableSandbox': True}

[tool] Bash: {'command': 'npx tsc --noEmit', 'description': 'Typecheck with tsc directly'}

[tool] Bash: {'command': 'ls node_modules/.bin | head -5', 'description': 'Check node_modules bin listing'}

[tool] Bash: {'command': './node_modules/.bin/tsc --noEmit | tail -25', 'description': 'Run TypeScript compiler directly'}

[tool] Bash: {'command': 'npm run typecheck', 'description': 'Run typecheck script', 'dangerouslyDisableSandbox': True}

[tool] Bash: {'command': 'node -v', 'description': 'Check node version'}

[tool] Bash: {'command': 'node node_modules/typescript/bin/tsc --noEmit | tail -25', 'description': 'Run tsc through node'}

[tool] Bash: {'command': 'node node_modules/.bin/vitest run tests/logic/layout.test.ts | tail -35', 'description': 'Run layout tests via vitest'}

[tool] Bash: {'command': 'wc -l src/render/layout.ts src/render/layoutTable.ts src/ui/testids.ts src/render/scenes/PlayScene.ts; node tools/gate-smell.mjs | tail -20', 'description': 'Count lin

[tool] Edit: {'replace_all': False, 'file_path': '/data/youtube-playables/M11-Gap/game/src/render/layoutTable.ts', 'old_string': '/**\n * Đệm giữa NỘI DUNG và VIỀN của một ô (đơn vị thiết kế nê

[tool] Bash: {'command': 'grep -n "DOT_EDGE_MIN\\|PADS" src/render/layout.ts src/render/layoutTable.ts | head', 'description': 'Locate DOT_EDGE_MIN references'}

[tool] Edit: {'replace_all': False, 'file_path': '/data/youtube-playables/M11-Gap/game/src/render/layout.ts', 'old_string': "  BUTTON, CAMERA, CARD, CARD_FRAME, DOT_EDGE_MIN, MIN_FONT_PX, M, OP

[tool] Edit: {'replace_all': False, 'file_path': '/data/youtube-playables/M11-Gap/game/src/render/layout.ts', 'old_string': ' * LUẬT ĐỆM CHẤM (V3): cạnh ô tâm lỗ = cạnh khung giấy TRỪ hai lần "

[tool] Edit: {'replace_all': False, 'file_path': '/data/youtube-playables/M11-Gap/game/tests/logic/layout.test.ts', 'old_string': "import { describe, it, expect } from 'vitest'\nimport {\n  CAM

[tool] Edit: {'replace_all': False, 'file_path': '/data/youtube-playables/M11-Gap/game/tests/logic/layout.test.ts', 'old_string': '/** V6.1/V6.2: padding TOI THIEU noi dung -> vien cua mot o (s

[tool] Edit: {'replace_all': False, 'file_path': '/data/youtube-playables/M11-Gap/game/tests/logic/layout.test.ts', 'old_string': "  it('moi cham lo (tam + ban kinh THAT cua holeView) con nguye

[result] is_error=True num_turns=71 duration_ms=938945 cost_usd=5.06587375
