
[tool] Bash: {'command': 'sed -n 1,60p tests/logic/layout.test.ts', 'description': 'Read head of layout test'}

[tool] Bash: {'command': 'sed -n 380,500p tests/logic/layout.test.ts', 'description': 'Read temp test block'}

[tool] Bash: {'command': "cat src/render/holeView.ts; echo '=== LAYOUT ==='; wc -l src/render/layout.ts; sed -n 1,80p src/render/layout.ts", 'description': 'Read holeView and layout head'}

[tool] Bash: {'command': 'cat tests/logic/helpers.ts 2>/dev/null | head -60; ls tests/logic | head -50', 'description': 'Read helpers and list tests'}

[tool] Bash: {'command': 'sed -n 80,325p src/render/layout.ts', 'description': 'Read rest of layout.ts'}

[tool] Bash: {'command': 'grep -rn "holeRadius\\|closestPair" src/ tests/ | grep -v node_modules', 'description': 'Find holeRadius usages'}

[tool] Bash: {'command': 'sed -n 60,200p tests/logic/layout.test.ts', 'description': 'Read layout test 60-200'}

[tool] Bash: {'command': 'sed -n 200,380p tests/logic/layout.test.ts', 'description': 'Read layout test 200-380'}

[tool] Bash: {'command': 'cat src/render/components/HolePool.ts', 'description': 'Read HolePool'}

[tool] Bash: {'command': 'grep -n "MAX_PUNCH_COUNT\\|MAX_CHAIN_LEN\\|CUT_MAX_SNIPS" src/logic/chainTable.ts src/logic/cutRegion.ts | head', 'description': 'Read caps'}

[tool] Bash: {'command': 'ls -R src/render src/ui 2>/dev/null; ls src/scenes 2>/dev/null; ls scripts', 'description': 'List render/ui/scenes dirs'}

[tool] Bash: {'command': 'cat src/render/components/PaperPanel.ts', 'description': 'Read PaperPanel'}

[tool] Bash: {'command': 'cat src/ui/testids.ts | head -80; echo ==== ; cat index.html | head -80', 'description': 'Read testids + index.html'}

[tool] Bash: {'command': 'cat src/main.ts; echo "=== grep clearTestid / shutdown ==="; grep -rn "clearTestid\\|forget\\|shutdown" src/render/scenes/*.ts src/ui/testids.ts | head -60', 'descript

[tool] Bash: {'command': 'grep -rn "layoutOf\\|Backdrop\\|openFrame\\|cameraSize\\|centerOnAxis\\|iconRow" src/render/scenes/*.ts src/render/components/*.ts | head -40', 'description': 'Grep la

[tool] Bash: {'command': 'sed -n 1,200p src/render/scenes/TitleScene.ts', 'description': 'Read TitleScene'}

[tool] Bash: {'command': 'sed -n 1,140p src/render/scenes/PlayScene.ts', 'description': 'Read PlayScene head'}

[tool] Bash: {'command': 'sed -n 140,240p src/render/scenes/PlayScene.ts', 'description': 'Read PlayScene arrange'}

[tool] Bash: {'command': 'sed -n 380,470p src/render/scenes/PlayScene.ts; echo ===; sed -n 80,200p src/ui/testids.ts', 'description': 'Read PlayScene teardown + testids rest'}

[tool] Bash: {'command': 'grep -rn "testid-title\\|testid-btn-sound\\|testid-btn-menu" --include=*.ts src tests | grep -v node_modules', 'description': 'Grep title/sound testids'}

[tool] Bash: {'command': 'sed -n 1,80p src/ui/button.ts; echo ===; grep -n "PLAY_SLOTS" -A 30 src/ui/button.ts | head -60', 'description': 'Read button.ts slots'}

[tool] Bash: {'command': 'sed -n 1,120p tests/logic/view-b3a-contract.test.ts', 'description': 'Read view-b3a-contract test head'}

[tool] Bash: {'command': 'grep -n "registerTestid\\|makeTestidHook\\|shutdown\\|clearTestid\\|__pcTestids" tests/logic/view-b3a-contract.test.ts', 'description': 'Grep contract test for registr

[tool] Bash: {'command': 'sed -n 196,245p tests/logic/view-b3a-contract.test.ts', 'description': 'Read exact registerTestid assertions'}

[tool] Bash: {'command': 'grep -rn "centerOnAxis" src/ tests/ | grep -v node_modules; echo "=== test axis ==="; grep -n "truc\\|axis" tests/logic/layout.test.ts | head -30', 'description': 'Che

[tool] Bash: {'command': 'cat src/render/components/StarRow.ts', 'description': 'Read StarRow'}

[tool] Bash: {'command': 'grep -n "bg:\\|paper:\\|crease:\\|ink:\\|PAPER_THEMES" src/render/theme/paperTheme.ts | head -30', 'description': 'Check theme bg colors'}

[tool] Bash: {'command': 'grep -rn "hud.level\\|app.title\\|MÀN\\|level_label\\|levelLabel" src/logic/i18n.ts src/render/scenes/PlayScene.ts | head -20', 'description': 'Check HUD level label c

[tool] Bash: {'command': 'grep -rn "document\\|querySelector\\|style\\." tests/logic/view-b3a-*.test.ts tests/logic/refactor-contract.test.ts | grep -v "textStyle\\|fittedStyle\\|setStyle\\|Sty

[tool] Bash: {'command': 'sed -n 100,160p src/ui/button.ts; echo ===; grep -rn "PLAY_SLOTS\\|SlotRow" tests/ | grep -v node_modules', 'description': 'Read SlotRow table and test refs'}

[tool] Bash: {'command': 'sed -n 160,260p src/ui/button.ts', 'description': 'Read makeButton'}
Thay test tạm bằng khẳng định thật:

[tool] Edit: {'replace_all': False, 'file_path': '/data/youtube-playables/M11-Gap/game/tests/logic/layout.test.ts', 'old_string': "import { holeRadius, MAX_HOLES } from '../../src/render/holeVi

[tool] Bash: {'command': 'grep -n "TEMP\\|^import { levelSpec }\\|describe(\'TEMP" tests/logic/layout.test.ts | head', 'description': 'Locate temp block lines'}

[tool] Bash: {'command': 'sed -n 16,30p tests/logic/layout.test.ts; echo ---; sed -n 440,450p tests/logic/layout.test.ts', 'description': 'Check duplicate imports'}

[tool] Bash: {'command': 'python3 - <<\'PY\'\np=\'tests/logic/layout.test.ts\'\nsrc=open(p).read()\ni=src.index(\'// ==== TEMP STATS\')\nnew = \'\'\'// =========================================

[tool] Bash: {'command': "sed -i '442,$d' tests/logic/layout.test.ts && tail -3 tests/logic/layout.test.ts", 'description': 'Truncate temp test block'}

[tool] Read: {'file_path': '/data/youtube-playables/M11-Gap/game/tests/logic/layout.test.ts', 'limit': 42, 'offset': 440}

[tool] Edit: {'replace_all': False, 'file_path': '/data/youtube-playables/M11-Gap/game/tests/logic/layout.test.ts', 'old_string': "// ==== TEMP STATS (xoat truoc khi giao) =====================

[tool] Edit: {'replace_all': False, 'file_path': '/data/youtube-playables/M11-Gap/game/tests/logic/layout.test.ts', 'old_string': "describe('TEMP do cham', () => {\n  it('stats', () => {\n    c

[tool] Edit: {'replace_all': False, 'file_path': '/data/youtube-playables/M11-Gap/game/tests/logic/layout.test.ts', 'old_string': '//     giữa ô chấm và thumbnail (paper 191,52) mà V6.1 đã钉 ở t

[tool] Bash: {'command': 'npx vitest run tests/logic/layout.test.ts 2>&1 | tail -20', 'description': 'Run layout test file'}

[tool] Bash: {'command': 'npx vitest run tests/logic/layout.test.ts', 'description': 'Run layout test'}

[tool] Bash: {'command': 'npm run typecheck 2>&1 | tail -20', 'description': 'Run typecheck', 'dangerouslyDisableSandbox': True}

[tool] Bash: {'command': 'npm run typecheck', 'description': 'Typecheck project'}

[tool] Bash: {'command': 'npm run typecheck', 'description': 'Typecheck project', 'dangerouslyDisableSandbox': True}

[tool] Bash: {'command': 'cat package.json', 'description': 'Read package.json'}

[tool] Bash: {'command': 'npm run typecheck', 'description': 'Typecheck via explicit cd'}

[tool] Bash: {'command': 'ls node_modules/.bin | grep -E "vitest|tsc"', 'description': 'Check local bins'}

[tool] Bash: {'command': './node_modules/.bin/vitest run tests/logic/layout.test.ts', 'description': 'Run vitest binary directly'}

[tool] Bash: {'command': 'node --version', 'description': 'Check node version'}

[tool] Bash: {'command': 'node node_modules/vitest/vitest.mjs run tests/logic/layout.test.ts', 'description': 'Run vitest via node entry'}

[tool] Bash: {'command': 'node node_modules/typescript/bin/tsc --noEmit', 'description': 'Typecheck via tsc entry'}

[tool] Bash: {'command': 'node node_modules/vitest/vitest.mjs run tests/logic tests/platform 2>&1 | tail -12', 'description': 'Run logic+platform suites'}

[tool] Bash: {'command': 'cat tsconfig.json; grep -n "for (const slot of this.slots)" src/render/scenes/PlayScene.ts', 'description': 'Read tsconfig and locate slots loop'}

[tool] Read: {'file_path': '/data/youtube-playables/M11-Gap/game/src/render/layout.ts', 'limit': 14, 'offset': 296}

[tool] Edit: {'replace_all': False, 'file_path': '/data/youtube-playables/M11-Gap/game/src/render/layout.ts', 'old_string': 'export function centerOnAxis(box: Box, cx: number): Box {\n  return 

[tool] Edit: {'replace_all': False, 'file_path': '/data/youtube-playables/M11-Gap/game/src/render/layout.ts', 'old_string': '/** Một khe nút đã biết ô mockup + ĐANG sáng hay không + thuộc hàng 

[tool] Edit: {'replace_all': False, 'file_path': '/data/youtube-playables/M11-Gap/game/src/render/layout.ts', 'old_string': '/** Một khe nút: id (để tra lại ô theo ĐÚNG thứ tự bảng), hàng, ô mo

[tool] Edit: {'replace_all': False, 'file_path': '/data/youtube-playables/M11-Gap/game/src/render/scenes/PlayScene.ts', 'old_string': '    for (const slot of this.slots) {\n      if (slot.row.o

[tool] Edit: {'replace_all': False, 'file_path': '/data/youtube-playables/M11-Gap/game/src/render/layout.ts', 'old_string': '/** Một chỗ ngồi trong hàng: ô mockup + nút ĐANG sáng hay không. */\

[tool] Edit: {'replace_all': False, 'file_path': '/data/youtube-playables/M11-Gap/game/src/render/layout.ts', 'old_string': '/** Một khe nút của một hàng: id (tra ô theo ĐÚNG thứ tự bảng) + ba字

[tool] Bash: {'command': 'sed -n 296,345p src/render/layout.ts', 'description': 'Verify layout block'}

[tool] Edit: {'replace_all': False, 'file_path': '/data/youtube-playables/M11-Gap/game/src/ui/button.ts', 'old_string': '/** Một chỗ ngồi trong hàng nút dưới: id QA + ô + hình + khoá từ điển + 

[tool] Bash: {'command': 'grep -n "export type RowSlot" -A 1 src/render/layout.ts; grep -n "slotBoxes\\|rowBoxes" src/render/scenes/PlayScene.ts src/ui/button.ts', 'description': 'Check RowSlot

[tool] Bash: {'command': 'sed -n 432,456p src/render/scenes/PlayScene.ts', 'description': 'Show PlayScene edited block'}

[tool] Read: {'file_path': '/data/youtube-playables/M11-Gap/game/src/render/layout.ts', 'limit': 50, 'offset': 308}

[tool] Edit: {'replace_all': False, 'file_path': '/data/youtube-playables/M11-Gap/game/src/render/scenes/PlayScene.ts', 'old_string': "import { creaseBand, layoutOf } from '../layout';", 'new_s

[tool] Bash: {'command': 'grep -n "this.hook\\|makeTestidHook\\|hook:" src/render/scenes/PlayScene.ts src/render/components/OptionCard.ts | head -20', 'description': 'Check hook plumbing in Pla

[tool] Edit: {'replace_all': False, 'file_path': '/data/youtube-playables/M11-Gap/game/src/ui/testids.ts', 'old_string': 'export const TESTIDS: Record<string, TestidRect> = {};', 'new_string': 

[tool] Edit: {'replace_all': False, 'file_path': '/data/youtube-playables/M11-Gap/game/src/ui/testids.ts', 'old_string': '/** Nút bị ẩn thì xoá rect — để lại vùng vô hình là "ảo giác nút" (PC-U

[tool] Edit: {'replace_all': False, 'file_path': '/data/youtube-playables/M11-Gap/game/src/ui/testids.ts', 'old_string': '/**\n * Dựng CỬA đăng ký rect cho một scene (A9: PlayScene và TitleScen

[result] is_error=True num_turns=61 duration_ms=735913 cost_usd=3.26672975
