
> paper-crease@0.1.0 gate
> npm run typecheck && npm run test:logic && node tools/gate-smell.mjs


> paper-crease@0.1.0 typecheck
> tsc --noEmit


> paper-crease@0.1.0 test:logic
> vitest run tests/logic tests/platform


 RUN  v2.1.9 /data/youtube-playables/M11-Gap/game

 ✓ tests/logic/view-b3b-states.test.ts (30 tests) 75ms
 ✓ tests/logic/view-b3a-timing.test.ts (62 tests) 121ms
 ✓ tests/logic/layout.test.ts (45 tests) 554ms
   ✓ V7 cham lo tren 120 man that: tron trong vung an toan, tam cach nhau >= 6, hai dia khong de nhau > moi cham con nguyen trong innerRect(card, PAD_MIN); moi cap >= 6 px va 2r <= khoang tam 454ms
 ✓ tests/logic/view-b3b-contract.test.ts (22 tests) 62ms
 ✓ tests/logic/generator.test.ts (29 tests) 6451ms
   ✓ generator.levelSpec — PC-02 deterministic từ seed (TC-GEN-01, TC-GEN-02) > TC-GEN-01 · PC-02: determinism giữ nguyên khi sinh hàng loạt màn khác xen giữa (không trạng thái ẩn) 488ms
   ✓ generator.levelSpec — PC-03 đúng 1 đáp án sinh từ trạng thái mở (TC-GEN-04) > PC-03 · số lỗ phải khớp bậc số lớp: chương 1-4 (gấp làm 4) tối đa 4 lỗ, chương 5+ (8 lớp) tối đa 8 lỗ 348ms
   ✓ generator.levelSpec — PC-04 bốn ô phân biệt, đạt ngưỡng khác biệt > PC-04 + ngưỡng: 120 màn — minPairDistance trên lưới 16 ≥ 6 và validateSpec ok cho mọi đề 309ms
   ✓ generator.levelSpec — PC-01 tham số chương là DỮ LIỆU, không hardcode > TC-GEN-11 · PC-03 + PC-01: dải chương 4..8 CÓ xuất hiện "cắt 1 góc chéo" hợp lệ; chương 1..3 chỉ đục lỗ 420ms
   ✓ generator.levelSpec — PC-01 tham số chương là DỮ LIỆU, không hardcode > PC-01 + PC-03: nếp chéo D chỉ vào đề từ chương 6 (cfg.useDiagonal) và có mặt thật sự trong dải 6..8 328ms
   ✓ generator.levelSpec — PC-01 tham số chương là DỮ LIỆU, không hardcode > PC-02 + PC-04: hai lần sinh cả 120 màn cho serialize y hệt từng màn (regression khoá hành vi PC-02) 435ms
   ✓ B1/F-1 · cfg.punchCount được tôn trọng tuyệt đối trên bảng chương thật 8×15 > (b) 200 seed × HV/HVH/HHV × punchCount 3..4 ⇒ hoặc đủ, hoặc NÉM nêu chain + punchCount 1348ms
 ✓ tests/logic/chain-config.test.ts (27 tests) 2010ms
   ✓ A1/F-1 · chainFor cấm nuốt foldCount ngoài bảng > 200 seed liên tiếp: mọi chuỗi tuân luật, tất định, và bảng không bị hẹp đến mức chỉ ra 1 chuỗi 1516ms
 ✓ tests/logic/view-b3b-mapmodel.test.ts (24 tests) 114ms
 ✓ tests/logic/view-b3a-contract.test.ts (16 tests) 48ms
 ✓ tests/logic/fold-rules.test.ts (27 tests) 244ms
 ✓ tests/logic/save.test.ts (23 tests) 31ms
 ✓ tests/logic/view-b3a-geometry.test.ts (19 tests) 59ms
 ✓ tests/logic/validator.test.ts (32 tests) 88ms
 ✓ tests/logic/records.test.ts (19 tests) 80ms
 ✓ tests/logic/generator-10000.test.ts (11 tests) 29073ms
 ✓ tests/logic/level-state.test.ts (17 tests) 49ms
 ✓ tests/logic/i18n.test.ts (8 tests) 67ms
 ✓ tests/logic/economy.test.ts (18 tests) 24ms
 ✓ tests/logic/fold-unfold.test.ts (30 tests) 57ms
 ✓ tests/logic/rational.test.ts (26 tests) 35ms
 ✓ tests/logic/progression.test.ts (13 tests) 41ms
 ✓ tests/logic/hint-undo.test.ts (11 tests) 21ms
 ✓ tests/logic/records-store.test.ts (13 tests) 43ms
 ✓ tests/platform/debug.test.ts (19 tests) 39ms
 ✓ tests/platform/playgama-adapter.test.ts (11 tests) 21ms
 ✓ tests/platform/ad-mock.test.ts (8 tests) 223ms
 ✓ tests/platform/ytgame-adapter.test.ts (8 tests) 17ms
 ✓ tests/logic/telemetry.test.ts (9 tests) 406ms
 ✓ tests/platform/network-ban.test.ts (8 tests) 172ms
 ✓ tests/platform/host-shape.test.ts (10 tests) 17ms
stdout | tests/logic/scene-boot.test.ts > PlayScene khi boot (F2: hết test dò đường) > boot headless => đăng đủ rect HUD + 4 ô, số hữu hạn và không nhỏ hơn trần chạm
Phaser v4.2.1 (Headless | No Audio) https://phaser.io/v4021

stderr | tests/logic/scene-boot.test.ts > PlayScene khi boot (F2: hết test dò đường) > boot headless => đăng đủ rect HUD + 4 ô, số hữu hạn và không nhỏ hơn trần chạm
[sheet] thieu texture giay "skin_kraft" (BootScene nap tu manifest - xem console [boot])

stdout | tests/logic/scene-boot.test.ts > PlayScene khi boot (F2: hết test dò đường) > bốn ô đáp án không đè nhau trên màn hình (PC-03: bốn câu hỏi riêng)
Phaser v4.2.1 (Headless | No Audio) https://phaser.io/v4021

stderr | tests/logic/scene-boot.test.ts > PlayScene khi boot (F2: hết test dò đường) > bốn ô đáp án không đè nhau trên màn hình (PC-03: bốn câu hỏi riêng)
[sheet] thieu texture giay "skin_kraft" (BootScene nap tu manifest - xem console [boot])

stdout | tests/logic/scene-boot.test.ts > PlayScene khi boot (F2: hết test dò đường) > shutdown thì rect của màn chơi bị xoá khỏi registry (không còn vùng bấm vô hình)
Phaser v4.2.1 (Headless | No Audio) https://phaser.io/v4021

stderr | tests/logic/scene-boot.test.ts > PlayScene khi boot (F2: hết test dò đường) > shutdown thì rect của màn chơi bị xoá khỏi registry (không còn vùng bấm vô hình)
[sheet] thieu texture giay "skin_kraft" (BootScene nap tu manifest - xem console [boot])

 ✓ tests/logic/scene-boot.test.ts (4 tests) 315ms
 ✓ tests/logic/level-config.test.ts (6 tests) 69ms
 ✓ tests/logic/view-b3a-holes.test.ts (7 tests) 141ms
 ✓ tests/logic/stars.test.ts (13 tests) 20ms
 ✓ tests/platform/null-adapter.test.ts (10 tests) 15ms
 ✓ tests/logic/refactor-contract.test.ts (9 tests) 391ms
 ✓ tests/platform/standalone-full-loop.test.ts (6 tests) 12ms
 ✓ tests/platform/registry.test.ts (8 tests) 16ms
 ✓ tests/logic/validator-action.test.ts (9 tests) 84ms
 ✓ tests/logic/config-caps.test.ts (4 tests) 8ms
 ✓ tests/logic/share-code.test.ts (7 tests) 26ms

 Test Files  40 passed (40)
      Tests  678 passed (678)
   Start at  14:05:45
   Duration  74.62s (transform 8.92s, setup 0ms, collect 13.27s, tests 41.34s, environment 14ms, prepare 6.61s)

GATE V2 — 69 file trong src/logic, src/render, src/platform · trần: {"src/logic":250,"src/render":350,"src/platform":250} · dup-lines=6
  NỢ ĐÃ KHAI (tools/gate-allow.json — phải trả, không tính là fail): 2
    ~ G1 src/render/scenes/PlayScene.ts = 487 dòng > 350 (tách trách nhiệm hoặc khai báo là file dữ liệu)
    ~ G1 src/platform/sdkAdapter.ts = 251 dòng > 250 (tách trách nhiệm hoặc khai báo là file dữ liệu)
KẾT QUẢ: PASS (0 vi phạm thật, 2 mục nợ)
