
[tool] Bash: {'command': 'ls && echo "---" && ls src && echo "---" && ls src/scenes 2>/dev/null && echo "---" && ls src/anim 2>/dev/null && echo "---" && ls src/ui 2>/dev/null', 'description': 

[tool] Bash: {'command': 'cat package.json', 'description': 'Read package.json'}

[tool] Bash: {'command': 'find src -type f | sort && echo "--- tests" && find tests -type f | sort && echo "--- scripts" && ls scripts tools', 'description': 'List source, test, script files'}

[tool] Read: {'file_path': '/data/youtube-playables/M11-Gap/game/src/render/scenes/PlayScene.ts'}

[tool] Read: {'file_path': '/data/youtube-playables/M11-Gap/game/src/render/components/SheetView.ts'}

[tool] Read: {'file_path': '/data/youtube-playables/M11-Gap/game/src/render/anim/unfoldPlan.ts'}

[tool] Read: {'file_path': '/data/youtube-playables/M11-Gap/game/src/render/components/HolePool.ts'}

[tool] Bash: {'command': 'ls -la /data/shared-board-agent-waves/game-gap-giay/prototype/ && wc -l /data/shared-board-agent-waves/game-gap-giay/prototype/gap-playtest.html', 'description': 'Chec

[tool] Bash: {'command': 'grep -n "drawFoldPunch\\|animateUnfold\\|function drawFoldPunch\\|tf\\|tp" /data/shared-board-agent-waves/game-gap-giay/prototype/gap-playtest.html | head -60', 'descr

[tool] Read: {'file_path': '/data/shared-board-agent-waves/game-gap-giay/prototype/gap-playtest.html', 'limit': 60, 'offset': 120}

[tool] Bash: {'command': 'grep -n "drawFoldPunch\\|animateUnfold\\|packetRect\\|function draw" /data/shared-board-agent-waves/game-gap-giay/prototype/gap-playtest.html', 'description': 'Locate 

[tool] Read: {'file_path': '/data/shared-board-agent-waves/game-gap-giay/prototype/gap-playtest.html', 'limit': 220, 'offset': 240}

[tool] Read: {'file_path': '/data/shared-board-agent-waves/game-gap-giay/prototype/gap-playtest.html', 'limit': 80, 'offset': 459}

[tool] Bash: {'command': 'sed -n 1,120p src/logic/types.ts', 'description': 'Read logic types'}

[tool] Bash: {'command': 'sed -n 1,80p src/logic/foldGeometry.ts && echo ===== && grep -n "export" src/logic/foldGeometry.ts src/logic/punchPoints.ts src/logic/rational.ts src/render/holeView.t

[tool] Bash: {'command': 'sed -n 1,60p src/logic/foldRules.ts; echo "===== punchPoints 1-60"; sed -n 1,60p src/logic/punchPoints.ts', 'description': 'Read fold rules and punch points'}

[tool] Bash: {'command': 'sed -n 80,120p src/logic/foldGeometry.ts; echo "===== holeView"; cat src/render/holeView.ts', 'description': 'Read rest of foldGeometry and holeView'}

[tool] Bash: {'command': 'sed -n 60,200p src/logic/foldRules.ts', 'description': 'Read rest of foldRules'}

[tool] Read: {'file_path': '/data/youtube-playables/M11-Gap/game/tools/gate-smell.mjs'}

[tool] Read: {'file_path': '/data/youtube-playables/M11-Gap/game/src/ui/testids.ts'}

[tool] Read: {'file_path': '/data/youtube-playables/M11-Gap/game/src/platform/debug.ts'}

[tool] Read: {'file_path': '/data/youtube-playables/M11-Gap/game/src/main.ts'}

[tool] Read: {'file_path': '/data/youtube-playables/M11-Gap/game/tools/check-bundle.mjs'}

[tool] Read: {'file_path': '/data/youtube-playables/M11-Gap/game/vite.config.ts'}

[tool] Read: {'file_path': '/data/youtube-playables/M11-Gap/game/scripts/build-channels.sh'}

[tool] Read: {'file_path': '/data/youtube-playables/M11-Gap/game/src/platform/debugNoop.ts'}

[tool] Bash: {'command': 'grep -rn "flags.debug\\|debug:" src/ --include=*.ts | head -20; echo "=== testids window usage"; grep -rn "__pcTestids\\|window" src/ --include=*.ts | head -20', 'desc

[tool] Bash: {'command': 'grep -rn "markCanvas" src/ tests/ | head; echo "=== globalObject"; sed -n 1,40p src/platform/sdkAdapter.ts', 'description': 'Find markCanvas callers and globalObject'}

[tool] Bash: {'command': 'for f in tests/logic/view-b3a-contract.test.ts tests/logic/view-b3b-states.test.ts tests/logic/refactor-contract.test.ts; do echo "########## $f"; sed -n 1,200p $f; do

[tool] Bash: {'command': 'wc -l tests/logic/view-b3a-contract.test.ts tests/logic/view-b3a-geometry.test.ts tests/logic/view-b3a-holes.test.ts tests/logic/view-b3a-timing.test.ts tests/logic/vi

[tool] Bash: {'command': 'npm run test:logic 2>&1 | tail -8', 'description': 'Run baseline logic tests', 'timeout': 300000}

[tool] Bash: {'command': 'npx vitest run tests/logic tests/platform 2>&1 | tail -8', 'description': 'Run baseline logic and platform tests', 'timeout': 600000}

[tool] Bash: {'command': 'npx vitest run tests/logic tests/platform 2>&1 | tail -10', 'description': 'Run baseline logic and platform tests', 'timeout': 600000, 'dangerouslyDisableSandbox': Tru

[tool] Bash: {'command': 'npx vitest run tests/logic tests/platform | tail -10', 'description': 'Run baseline logic and platform tests', 'timeout': 600000}

[tool] Bash: {'command': 'npm run test:logic', 'description': 'Run logic test suite', 'timeout': 600000}

[tool] Bash: {'command': 'node node_modules/vitest/vitest.mjs run tests/logic tests/platform 2>&1 | tail -12', 'description': 'Run logic tests via local vitest binary', 'timeout': 600000}

[tool] Bash: {'command': 'grep -rln "SheetView\\|unfoldPlan\\|PlayScene" tests/ | sort; echo "===="; grep -rn "unfold\\|fold(" tests/logic/view-b3a-geometry.test.ts tests/logic/view-b3a-holes.t

[tool] Bash: {'command': 'grep -n "SheetView\\|PlayScene\\|readFileSync\\|toContain\\|toMatch" tests/logic/view-b3a-contract.test.ts | head -60', 'description': 'Inspect contract test source-co

[tool] Bash: {'command': 'grep -n "describe\\|it(" tests/logic/view-b3a-timing.test.ts | head -60', 'description': 'List timing test cases'}

[tool] Bash: {'command': 'grep -n "describe(\\|it(\\|it(" tests/logic/view-b3b-states.test.ts | head -60; echo "=== scene-boot"; grep -n "describe(\\|it(" tests/logic/scene-boot.test.ts', 'desc

[tool] Read: {'file_path': '/data/youtube-playables/M11-Gap/game/tests/logic/view-b3b-states.test.ts', 'limit': 210, 'offset': 80}

[tool] Read: {'file_path': '/data/youtube-playables/M11-Gap/game/tests/logic/view-b3b-states.test.ts', 'limit': 160, 'offset': 436}

[tool] Read: {'file_path': '/data/youtube-playables/M11-Gap/game/tests/logic/view-b3b-states.test.ts', 'limit': 80}

[tool] Read: {'file_path': '/data/youtube-playables/M11-Gap/game/tests/logic/view-b3a-contract.test.ts', 'limit': 240, 'offset': 28}

[tool] Read: {'file_path': '/data/youtube-playables/M11-Gap/game/tests/logic/view-b3a-contract.test.ts', 'limit': 80, 'offset': 267}

[tool] Read: {'file_path': '/data/youtube-playables/M11-Gap/game/src/render/layout.ts'}

[tool] Bash: {'command': 'sed -n 1,120p src/logic/levelState.ts', 'description': 'Read levelState top'}

[tool] Bash: {'command': 'grep -rn "spec.action\\|\\.action\\b\\|punch" src/render/ | head -20', 'description': 'Check where LevelSpec.action is rendered'}

[tool] Read: {'file_path': '/data/youtube-playables/M11-Gap/game/src/render/audio/sfx.ts'}

[tool] Bash: {'command': 'sed -n 1,80p src/render/theme/paperTheme.ts', 'description': 'Read paper theme tokens'}

[tool] Bash: {'command': 'grep -rn "import " tests/logic/refactor-contract.test.ts | head -30; echo ===; sed -n 1,107p tests/logic/refactor-contract.test.ts', 'description': 'Read refactor-cont

[tool] Read: {'file_path': '/data/youtube-playables/M11-Gap/game/tests/logic/scene-boot.test.ts'}

[tool] Bash: {'command': 'grep -rn "packetBox\\|holeBox\\|creaseBand\\|SheetView\\|popHoles\\|unfoldPlan(" tests/ | head -30', 'description': 'Find test references to sheet API'}

[tool] Bash: {'command': 'grep -n "export" src/logic/cutGeometry.ts src/logic/cutRegion.ts | head -20; echo "=== generator action use"; grep -n "action\\|snip\\|punch" src/logic/generator.ts | 

[tool] Read: {'file_path': '/data/youtube-playables/M11-Gap/game/src/logic/cutGeometry.ts', 'limit': 75}

[tool] Bash: {'command': 'sed -n 1,60p tests/platform/standalone-full-loop.test.ts; echo "=== FRAMES/step in other tests"; grep -rn "stepFrames\\|level:" tests/ | grep -v helpers | head -20', '

[tool] Bash: {'command': 'grep -rn "sheet-folded\\|sheet-hole\\|unfold-anim\\|PLAY_HOOKS" tests/ | head -20', 'description': 'Find hook rect assertions in tests'}

[tool] Bash: {'command': 'grep -n "globalObject" -A 12 src/platform/sdkAdapter.ts | sed -n 1,40p; echo "=== chainTable"; grep -n "MAX_CHAIN_LEN\\|MAX_PUNCH_COUNT" src/logic/chainTable.ts; echo 

[tool] Bash: {'command': 'node -e "\nconst s=require(\'fs\');" ; grep -n "folds:" src/logic/chainTable.ts | head -20; grep -n "punchCount:" src/logic/chainTable.ts | head', 'description': 'Insp

[tool] Bash: {'command': 'sed -n 1,40p tests/platform/debug.test.ts; echo ...; sed -n 155,230p tests/platform/debug.test.ts', 'description': 'Read debug test contract assertions'}

[tool] Bash: {'command': 'grep -rn "import \\* as\\|Object.keys(.*debug\\|STRIPPED" tests/ src/ | head', 'description': 'Check for namespace imports of debug module'}

[tool] Bash: {'command': 'wc -l src/logic/foldGeometry.ts src/logic/cutGeometry.ts src/render/anim/unfoldPlan.ts src/render/components/SheetView.ts src/render/components/PaperPanel.ts', 'descri

[tool] Edit: {'replace_all': False, 'file_path': '/data/youtube-playables/M11-Gap/game/src/logic/foldGeometry.ts', 'old_string': '/**\n * Dựng packet từ danh sách nếp (theo thứ tự gấp) đã được 

[tool] Edit: {'replace_all': False, 'file_path': '/data/youtube-playables/M11-Gap/game/src/logic/foldRules.ts', 'old_string': '/**\n * Tờ gấp `folds` (theo thứ tự) từ tờ vuông cạnh `size` ⇒ pac

[tool] Edit: {'replace_all': False, 'file_path': '/data/youtube-playables/M11-Gap/game/src/logic/foldRules.ts', 'old_string': "import { buildPacket, holeKey, unfoldVia } from './foldGeometry';"

[tool] Edit: {'replace_all': False, 'file_path': '/data/youtube-playables/M11-Gap/game/src/logic/cutGeometry.ts', 'old_string': '/** Phân loại một CỤM tổn thương của vùng cắt (định luật oracle 

[tool] Bash: {'command': 'sed -n 60,70p src/logic/rational.ts', 'description': 'Check rational helpers'}

[tool] Edit: {'replace_all': False, 'file_path': '/data/youtube-playables/M11-Gap/game/src/render/anim/foldShape.ts', 'old_string': '/** tam giác vuông của một nhát cắt trên packet */', 'new_st

[tool] Bash: {'command': 'cat > src/render/anim/foldShape.ts <<\'TSEOF\'\n// Pattern: Pure geometric planner (hình của TỪNG lớp giấy đang gấp)\n// TRÁCH NHIỆM: trả lời "lớp giấy thứ i, khi các 

[tool] Bash: {'command': 'cat > src/render/anim/foldShape.ts <<\'TSEOF\'\n// Pattern: Pure geometric planner (hình của TỪNG lớp giấy đang gấp)\n// TRÁCH NHIỆM: trả lời "lớp giấy thứ i, khi các 

[tool] Bash: {'command': "printf 'x\\n' > src/render/anim/_probe-tmp.txt; cat src/render/anim/_probe-tmp.txt; rm src/render/anim/_probe-tmp.txt; echo done", 'description': 'Test writing a small

[tool] Bash: {'command': "tee src/render/anim/foldShape.ts >/dev/null <<'TSEOF'\n// probe\nTSEOF\nls -l src/render/anim/foldShape.ts", 'description': 'Test tee file creation'}

[tool] Bash: {'command': "python3 - <<'PYEOF'\nopen('src/render/anim/foldShape.ts','w').write('// probe\\n')\nPYEOF\nls -l src/render/anim/foldShape.ts", 'description': 'Create file via python 

[tool] Bash: {'command': "cat > src/render/anim/foldShape.ts <<'TSEOF'\n// probe\nTSEOF\nls -l src/render/anim/foldShape.ts", 'description': 'Create file with sandbox disabled', 'dangerouslyDis

[tool] Bash: {'command': 'pwd; pwd -P; ls -ld /data', 'description': 'Check real working directory path'}

[tool] Bash: {'command': 'pwd -P', 'description': 'Print resolved working directory'}

[tool] Bash: {'command': 'pwd', 'description': 'Print working directory'}

[tool] Bash: {'command': 'touch src/render/anim/foldShape.ts', 'description': 'Create empty source file'}

[tool] Bash: {'command': 'cp src/render/anim/juicePlan.ts src/render/anim/foldShape.ts && ls -l src/render/anim/', 'description': 'Create new file as copy of existing module'}

[tool] Edit: {'replace_all': False, 'file_path': '/data/youtube-playables/M11-Gap/game/src/render/anim/foldShape.ts', 'old_string': '', 'new_string': '// probe'}

[tool] Bash: {'command': 'cat -A src/render/anim/foldShape.ts', 'description': 'Verify created file content'}

[tool] Edit: {'replace_all': False, 'file_path': '/data/youtube-playables/M11-Gap/game/src/render/anim/foldShape.ts', 'old_string': '// probe', 'new_string': '// Pattern: Pure geometric planner

[tool] Edit: {'replace_all': False, 'file_path': '/data/youtube-playables/M11-Gap/game/src/render/anim/unfoldPlan.ts', 'old_string': '/** Lịch mở bung từng lớp; index 0 = lớp NGOÀI CÙNG (mở trư

[tool] Edit: {'replace_all': False, 'file_path': '/data/youtube-playables/M11-Gap/game/src/render/anim/unfoldPlan.ts', 'old_string': ' * Nhịp gấp vào. `foldMs` KHÔNG đổi theo số lớp (bước so le

[tool] Edit: {'replace_all': False, 'file_path': '/data/youtube-playables/M11-Gap/game/src/render/anim/unfoldPlan.ts', 'old_string': '// TRÁCH NHIỆM: mọi DỮ LIỆU ĐIỀU PHỐI của một vòng chơi ở M

[tool] Edit: {'replace_all': False, 'file_path': '/data/youtube-playables/M11-Gap/game/src/ui/motion.ts', 'old_string': '', 'new_string': '// Pattern: Probe surface (cửa ĐO HOẠT CẢNH cho QA)\n/

[tool] Bash: {'command': 'grep -rn "beginPath\\|fillPoints\\|fillPath\\|strokePath\\|fillPoint\\b\\|triangle" src/render/ | head -20', 'description': 'Find existing polygon drawing calls'}

[tool] Edit: {'replace_all': False, 'file_path': '/data/youtube-playables/M11-Gap/game/src/render/components/FoldPaper.ts', 'old_string': '', 'new_string': '// Pattern: Component (view) — MẶT G

[tool] Edit: {'replace_all': False, 'file_path': '/data/youtube-playables/M11-Gap/game/src/render/components/FoldPaper.ts', 'old_string': '//Vì SAU RIÊNG MỘT FILE: SheetView là orchestrator (lị

[tool] Edit: {'replace_all': False, 'file_path': '/data/youtube-playables/M11-Gap/game/src/render/components/FoldPaper.ts', 'old_string': '    g.beginPath();\n    g.moveTo(p[0] ?? 0 + dx, p[1] 

[tool] Edit: {'replace_all': False, 'file_path': '/data/youtube-playables/M11-Gap/game/src/render/components/SheetView.ts', 'old_string': '// Pattern: Component (Phaser container)\n// TRÁCH NHI

[tool] Read: {'file_path': '/data/youtube-playables/M11-Gap/game/src/render/components/SheetView.ts', 'limit': 20}

[tool] Edit: {'replace_all': False, 'file_path': '/data/youtube-playables/M11-Gap/game/src/render/components/SheetView.ts', 'old_string': "// Pattern: Component (Phaser container)\n// TRÁCH NHI

[tool] Edit: {'replace_all': False, 'file_path': '/data/youtube-playables/M11-Gap/game/src/render/components/SheetView.ts', 'old_string': 'type CreaseDraw = (g: Phaser.GameObjects.Graphics, sid

[tool] Edit: {'replace_all': False, 'file_path': '/data/youtube-playables/M11-Gap/game/src/render/components/SheetView.ts', 'old_string': "export class SheetView extends Phaser.GameObjects.Cont

[tool] Edit: {'replace_all': False, 'file_path': '/data/youtube-playables/M11-Gap/game/src/render/components/SheetView.ts', 'old_string': '  /** Nếp gấp + gói giấy của một đề mới (gói = vùng gi

[tool] Edit: {'replace_all': False, 'file_path': '/data/youtube-playables/M11-Gap/game/src/render/components/SheetView.ts', 'old_string': '  /**\n   * Mở bung từng lớp theo lịch (lớp ngoài cùng

[tool] Read: {'file_path': '/data/youtube-playables/M11-Gap/game/src/render/components/SheetView.ts', 'limit': 50, 'offset': 158}

[tool] Edit: {'replace_all': False, 'file_path': '/data/youtube-playables/M11-Gap/game/src/render/components/SheetView.ts', 'old_string': '  unfold(rows: readonly UnfoldLayer[], tail: () => voi

[tool] Read: {'file_path': '/data/youtube-playables/M11-Gap/game/src/render/components/SheetView.ts', 'limit': 130, 'offset': 236}

[result] is_error=True num_turns=91 duration_ms=1869216 cost_usd=9.239621250000003
