
[tool] Bash: {'command': 'ls -la src/render/components src/render/scenes src/render/anim src/ui && wc -l src/render/components/*.ts src/render/scenes/*.ts src/render/anim/*.ts src/ui/*.ts', 'de

[tool] Bash: {'command': "sed -n '70,110p' tests/logic/scene-boot.test.ts", 'description': 'Read scene-boot test around line 90'}

[tool] Read: {'file_path': '/data/youtube-playables/M11-Gap/game/src/render/scenes/PlayScene.ts'}

[tool] Read: {'file_path': '/data/youtube-playables/M11-Gap/game/src/ui/motion.ts'}

[tool] Read: {'file_path': '/data/youtube-playables/M11-Gap/game/src/render/components/SheetView.ts'}

[tool] Read: {'file_path': '/data/youtube-playables/M11-Gap/game/src/render/components/FoldPaper.ts'}

[tool] Read: {'file_path': '/data/youtube-playables/M11-Gap/game/src/render/anim/foldShape.ts'}

[tool] Read: {'file_path': '/data/youtube-playables/M11-Gap/game/src/render/anim/unfoldPlan.ts'}

[tool] Read: {'file_path': '/data/youtube-playables/M11-Gap/game/src/render/components/HolePool.ts'}

[tool] Bash: {'command': 'cat src/platform/debug.ts | head -80 && echo ---- && grep -rn "publishMotionProbe\\|__pcMotion" src --include=*.ts | head -20 && echo ---- && grep -n \'"phaser"\' pack

[tool] Bash: {'command': 'npx vitest run tests/logic/scene-boot.test.ts 2>&1 | grep -E "TMP|Tests|Error|error" | head -20', 'description': 'Run scene-boot test and show TMP trace output'}

[tool] Bash: {'command': 'npx vitest run tests/logic/scene-boot.test.ts > /tmp/sb.log 2>&1; grep -E "TMP|Tests " /tmp/sb.log | head -20', 'description': 'Run scene-boot test, capture log, grep 

[tool] Bash: {'command': 'npx vitest run tests/logic/scene-boot.test.ts', 'description': 'Run scene-boot test file'}

[tool] Bash: {'command': 'npm run test:logic 2>&1 | tail -25', 'description': 'Run logic test suite'}

[tool] Bash: {'command': 'npm run test:logic 2>&1 | tail -25', 'description': 'Run logic test suite (no sandbox)', 'dangerouslyDisableSandbox': True}

[tool] Bash: {'command': 'npm run test:logic', 'description': 'Run logic test suite'}

[tool] Bash: {'command': 'npm run test:logic', 'description': 'Run logic test suite unsandboxed', 'dangerouslyDisableSandbox': True}

[tool] Bash: {'command': 'ls node_modules/.bin | head -20', 'description': 'List local binaries'}

[tool] Bash: {'command': './node_modules/.bin/vitest run tests/logic/scene-boot.test.ts 2>&1 | grep -E "TMP|Tests|✓|✗|×|error" | head -25', 'description': 'Run scene-boot test via local vitest 

[tool] Bash: {'command': './node_modules/.bin/vitest run tests/logic/scene-boot.test.ts 2>&1 | tail -30', 'description': 'Run test file with sandbox disabled', 'dangerouslyDisableSandbox': True

[tool] Bash: {'command': './node_modules/.bin/vitest run tests/logic/scene-boot.test.ts | tail -30', 'description': 'Run test file and show last lines'}

[tool] Bash: {'command': 'node node_modules/vitest/vitest.mjs run tests/logic/scene-boot.test.ts | tail -30', 'description': 'Run vitest through node entry'}

[tool] Read: {'file_path': '/data/youtube-playables/M11-Gap/game/tests/logic/scene-boot.test.ts'}

[tool] Bash: {'command': 'grep -rn "SheetView\\|foldIn(\\|\\.unfold(\\|popHoles\\|slideOut\\|packetBox\\|holeBox" tests/ src/ --include=*.ts | grep -v "^src/render/components/SheetView.ts\\|^sr

[tool] Bash: {'command': "cat package.json && sed -n '1,80p' tests/logic/view-b3a-contract.test.ts", 'description': 'Show package scripts and contract test head'}

[tool] Bash: {'command': 'grep -n "MAX\\|limit\\|dai\\|length\\|> *[0-9]\\{3\\}\\|random\\|Date.now\\|performance" tools/gate-smell.mjs | head -40', 'description': 'Inspect gate-smell rules'}

[tool] Bash: {'command': "sed -n '1,60p' tools/gate-smell.mjs; echo ====; cat tools/gate-allow.json 2>/dev/null | head -40", 'description': 'Show gate script header and allow list'}

[tool] Bash: {'command': 'node node_modules/typescript/bin/tsc --noEmit 2>&1 | tail -10', 'description': 'Baseline typecheck'}

[tool] Bash: {'command': 'node node_modules/vitest/vitest.mjs run tests/logic tests/platform 2>&1 | grep -E "FAIL|Tests |Test Files|×" | head -30', 'description': 'Baseline logic+platform test 

[tool] Bash: {'command': 'grep -n "function drawFoldPunch\\|function animateUnfold\\|function playSetup\\|requestAnimationFrame\\|function drawUnfold" -A 30 /data/shared-board-agent-waves/game-

[tool] Bash: {'command': 'grep -n "drawFoldPunch\\|animateUnfold\\|playSetup\\|requestAnimationFrame\\|drawUnfold" /data/shared-board-agent-waves/game-gap-giay/prototype/gap-playtest.html', 'de

[tool] Bash: {'command': 'node tools/gate-smell.mjs | tail -15', 'description': 'Run smell gate for baseline'}
Đã tìm ra gốc lỗi: **tween của Phaser 4.2.1 không chạy theo khung hình** (đo bằng test headless: 20 frame → `plain.v=1`, `completes=0` trong khi `time` tick đủ 20) ⇒ state nhảy, hình đứng im. Chuyển sang đồng hồ riêng dẫn mỗi khung. Viết file sampler thuần trước:

[tool] Bash: {'command': 'cat > src/render/anim/motionTrack.ts <<\'EOF\'\n// Pattern: Data Table + pure sampler (TIẾN TRÌNH của hoạt cảnh giấy)\n// TRÁCH NHIỆM: trả lời "ở mili-giây thứ t, tờ g

[tool] Bash: {'command': "printf '// placeholder\\n' > src/render/anim/motionTrack.ts && ls -l src/render/anim/motionTrack.ts", 'description': 'Create placeholder file for new module'}

[tool] Bash: {'command': 'touch src/render/anim/motionTrack.ts; ls -l src/render/anim/', 'description': 'Touch new module file'}

[tool] Edit: {'replace_all': False, 'file_path': '/data/youtube-playables/M11-Gap/game/tests/logic/scene-boot.test.ts', 'old_string': '    t1.update(200, 16)\n', 'new_string': '    t1.update(20

[tool] Edit: {'replace_all': False, 'file_path': '/data/youtube-playables/M11-Gap/game/src/render/anim/motionTrack.ts', 'old_string': '', 'new_string': '// placeholder\n'}

[tool] Edit: {'replace_all': False, 'file_path': '/data/youtube-playables/M11-Gap/game/src/render/anim/motionTrack.ts', 'old_string': '// placeholder\n', 'new_string': '// Pattern: Data Table +

[tool] Read: {'file_path': '/data/youtube-playables/M11-Gap/game/src/render/anim/motionTrack.ts', 'limit': 5}

[tool] Read: {'file_path': '/data/youtube-playables/M11-Gap/game/src/render/anim/motionTrack.ts', 'offset': 78}

[tool] Edit: {'replace_all': False, 'file_path': '/data/youtube-playables/M11-Gap/game/src/render/anim/motionTrack.ts', 'old_string': 'const endOfLegs = (legs: readonly Leg[]): number => legs.r

[tool] Read: {'file_path': '/data/youtube-playables/M11-Gap/game/src/render/holeView.ts'}

[tool] Edit: {'replace_all': False, 'file_path': '/data/youtube-playables/M11-Gap/game/src/render/motionPlayer.ts', 'old_string': '', 'new_string': '// placeholder\n'}

[tool] Edit: {'replace_all': False, 'file_path': '/data/youtube-playables/M11-Gap/game/src/render/motionPlayer.ts', 'old_string': '// placeholder\n', 'new_string': "// Pattern: Clock holder (vi

[tool] Edit: {'replace_all': False, 'file_path': '/data/youtube-playables/M11-Gap/game/src/render/anim/motionTrack.ts', 'old_string': 'const EASES: Readonly<Record<EaseKind, (t: number) => numb

[tool] Edit: {'replace_all': False, 'file_path': '/data/youtube-playables/M11-Gap/game/src/render/motionPlayer.ts', 'old_string': '  /**\n   * Nạp một nhịp: tuổi về 0, frame được vừa đúng số lớ

[tool] Edit: {'replace_all': False, 'file_path': '/data/youtube-playables/M11-Gap/game/src/render/components/SheetView.ts', 'old_string': "import Phaser from 'phaser';\nimport { cutSnipTriangle

[tool] Edit: {'replace_all': False, 'file_path': '/data/youtube-playables/M11-Gap/game/src/render/components/SheetView.ts', 'old_string': '  /** Tiến trình mở của TỪNG lớp giấy (0 = chồng khít 

[tool] Edit: {'replace_all': False, 'file_path': '/data/youtube-playables/M11-Gap/game/src/render/components/SheetView.ts', 'old_string': '  private breathTween: Phaser.Tweens.Tween | null = nu

[tool] Read: {'file_path': '/data/youtube-playables/M11-Gap/game/src/render/components/SheetView.ts', 'limit': 130, 'offset': 150}

[tool] Read: {'file_path': '/data/youtube-playables/M11-Gap/game/src/render/components/SheetView.ts', 'offset': 276}

[tool] Edit: {'replace_all': False, 'file_path': '/data/youtube-playables/M11-Gap/game/src/render/components/SheetView.ts', 'old_string': "  /** Tô lại toàn bộ theo theme + Box mới (gọi khi res

[tool] Read: {'file_path': '/data/youtube-playables/M11-Gap/game/src/render/components/SheetView.ts', 'limit': 60, 'offset': 100}

[tool] Edit: {'replace_all': False, 'file_path': '/data/youtube-playables/M11-Gap/game/src/render/components/SheetView.ts', 'old_string': "  // -------------------------------------------------

[tool] Edit: {'replace_all': False, 'file_path': '/data/youtube-playables/M11-Gap/game/src/render/components/SheetView.ts', 'old_string': "  /** Gấp KHÍT tức thì (retry / undo): mọi lớp về pack

[tool] Edit: {'replace_all': False, 'file_path': '/data/youtube-playables/M11-Gap/game/src/render/motionPlayer.ts', 'old_string': '  /** Cắt nhịp đang chạy KÈM callback của nó — nhịp mới đè thì

[tool] Edit: {'replace_all': False, 'file_path': '/data/youtube-playables/M11-Gap/game/src/render/motionPlayer.ts', 'old_string': '  /** Cắt nhịp đang chạy KÈM callback của nó — nhịp mới đè thì

[tool] Edit: {'replace_all': False, 'file_path': '/data/youtube-playables/M11-Gap/game/src/render/motionPlayer.ts', 'old_string': '  /** Về số KHÔNG của những kênh không thuộc về một đề nào (vệ

[tool] Edit: {'replace_all': False, 'file_path': '/data/youtube-playables/M11-Gap/game/src/render/motionPlayer.ts', 'old_string': '  /** Khung HÌNH TĨNH theo nhịp `t` ở tuổi `ms` (tư thế mở phẳ

[tool] Edit: {'replace_all': False, 'file_path': '/data/youtube-playables/M11-Gap/game/src/render/components/SheetView.ts', 'old_string': '  private load(folds: readonly FoldKind[], action: She

[tool] Edit: {'replace_all': False, 'file_path': '/data/youtube-playables/M11-Gap/game/src/render/components/SheetView.ts', 'old_string': '/** Độ đậm của lớp da giấy phủ lên tờ trắng — DỮ LIỆU 

[tool] Edit: {'replace_all': False, 'file_path': '/data/youtube-playables/M11-Gap/game/src/render/components/SheetView.ts', 'old_string': '/** Thời lượng trượt sang màn kế — đúng con số pack §5

[tool] Edit: {'replace_all': False, 'file_path': '/data/youtube-playables/M11-Gap/game/src/render/scenes/PlayScene.ts', 'old_string': "import {\n  applyOutcome, breathPlan, createInputBuffer, D

[tool] Edit: {'replace_all': False, 'file_path': '/data/youtube-playables/M11-Gap/game/src/render/scenes/PlayScene.ts', 'old_string': '  /**\n   * Nhịp vào đề: gập từng lớp theo `foldInPlan` ->

[tool] Edit: {'replace_all': False, 'file_path': '/data/youtube-playables/M11-Gap/game/src/render/scenes/PlayScene.ts', 'old_string': "    const layers = 2 ** st.spec.folds.length;\n    const b

[tool] Bash: {'command': 'node node_modules/typescript/bin/tsc --noEmit 2>&1 | head -20', 'description': 'Typecheck after refactor'}

[tool] Read: {'file_path': '/data/youtube-playables/M11-Gap/game/src/render/anim/motionTrack.ts', 'limit': 18, 'offset': 68}

[tool] Edit: {'replace_all': False, 'file_path': '/data/youtube-playables/M11-Gap/game/src/render/anim/motionTrack.ts', 'old_string': 'export type MotionTrack = { readonly totalMs: number; read

[tool] Edit: {'replace_all': False, 'file_path': '/data/youtube-playables/M11-Gap/game/src/render/scenes/PlayScene.ts', 'old_string': '  update(_time: number, delta: number): void {\n', 'new_st

[tool] Bash: {'command': 'grep -n "createInputBuffer\\|held" src/render/anim/motionTrack.ts; wc -l src/render/anim/motionTrack.ts src/render/motionPlayer.ts src/render/components/SheetView.ts s

[tool] Read: {'file_path': '/data/youtube-playables/M11-Gap/game/src/render/anim/motionTrack.ts'}

[tool] Read: {'file_path': '/data/youtube-playables/M11-Gap/game/src/render/components/SheetView.ts', 'offset': 96}

[tool] Edit: {'replace_all': False, 'file_path': '/data/youtube-playables/M11-Gap/game/src/render/components/SheetHoles.ts', 'old_string': '', 'new_string': '// Pattern: Component (view) — BỘ L

[tool] Edit: {'replace_all': False, 'file_path': '/data/youtube-playables/M11-Gap/game/src/render/components/SheetHoles.ts', 'old_string': "import { HolePool } from './HolePool';\nimport type {

[result] is_error=True num_turns=71 duration_ms=1525850 cost_usd=5.676660000000001
