
[tool] Bash: {'command': 'ls && echo "--- src" && find src -type f | head -60 && echo "--- render" && find src/render -type f 2>/dev/null | head -40 && echo "--- tests" && find tests -type f | 

[tool] Bash: {'command': 'cat package.json && echo "--- vitest" && cat vitest.config.ts && echo "--- tsconfig" && cat tsconfig.json', 'description': 'Read package and configs'}

[tool] Bash: {'command': 'ls public && echo "---" && find public -name "manifest*.json" -o -name "sfx-manifest*" | head && echo "--- assets tree" && find public -maxdepth 3 -type d | head -30 &

[tool] Bash: {'command': 'wc -l src/render/theme/paperTheme.ts src/render/theme/progressTheme.ts src/render/sfx.ts src/render/scenes/BootScene.ts src/render/scenes/TitleScene.ts src/render/scen

[tool] Bash: {'command': 'find public -type f | sort && echo "--- sizes" && du -sh public/* && ls -la public/assets | head', 'description': 'List all asset files'}

[tool] Bash: {'command': 'cd /data/youtube-playables/M11-Gap && ls && echo "--- raw" && ls game/public/raw && echo "--- manifests" && find . -name "manifest*.json" -not -path "*/node_modules/*"

[tool] Bash: {'command': 'ls /data/youtube-playables/M11-Gap; ls /data/youtube-playables/M11-Gap/game/public/raw', 'description': 'List M11-Gap root and raw dir'}

[tool] Bash: {'command': 'ls config; echo "--- find manifests"; find . -name "*manifest*" -not -path "./node_modules/*" -not -path "./dist/*" | head -20', 'description': 'Search for manifest fi

[tool] Bash: {'command': 'ls -la public/raw; echo "--- skins"; cat config/skins.json; echo "--- album"; cat config/album.json; echo "--- ink"; cat config/ink.json', 'description': 'Read config 

[tool] Read: {'file_path': '/data/youtube-playables/M11-Gap/game/src/render/theme/paperTheme.ts'}

[tool] Read: {'file_path': '/data/youtube-playables/M11-Gap/game/src/render/scenes/BootScene.ts'}

[tool] Read: {'file_path': '/data/youtube-playables/M11-Gap/assets/manifest.json'}

[tool] Read: {'file_path': '/data/youtube-playables/M11-Gap/assets/sfx-manifest.json'}

[tool] Bash: {'command': 'node -e "const fs=require(\'fs\');for(const p of [\'../assets/manifest.json\',\'../assets/sfx-manifest.json\']){try{const s=fs.statSync(p);console.log(p,s.size)}catch(

[tool] Read: {'file_path': '/data/youtube-playables/M11-Gap/game/src/render/sfx.ts'}

[tool] Read: {'file_path': '/data/youtube-playables/M11-Gap/game/src/render/session.ts'}

[tool] Bash: {'command': 'grep -rn "playFx\\|SFX\\|sound\\.\\|pauseOnBlur\\|visible\\|blur\\|focus" src/main.ts src/render/scenes/*.ts src/render/sfx.ts | head -50', 'description': 'Grep audio/

[tool] Bash: {'command': 'npm run gate 2>&1 | tail -25', 'description': 'Run gate baseline', 'timeout': 600000}

[tool] Bash: {'command': 'npm run gate 2>&1 | tail -25', 'description': 'Run project gate script', 'timeout': 600000}

[tool] Bash: {'command': 'npm run gate', 'description': 'Run project gate script', 'timeout': 600000}

[tool] Bash: {'command': 'npm run gate 2>&1 | tail -30', 'description': 'Run project gate script', 'timeout': 600000, 'dangerouslyDisableSandbox': True}

[tool] Bash: {'command': 'npm run gate | tail -30', 'description': 'Run gate and show last 30 lines', 'timeout': 600000}

[tool] Bash: {'command': 'npm run gate', 'description': 'Run gate unsandboxed', 'timeout': 600000, 'dangerouslyDisableSandbox': True}

[tool] Bash: {'command': 'npx tsc --noEmit 2>&1 | tail -20; echo "EXIT:$?"', 'description': 'Typecheck via npx tsc', 'timeout': 600000}

[tool] Bash: {'command': 'npx tsc --noEmit | tail -20', 'description': 'Typecheck with tsc', 'timeout': 600000}

[tool] Bash: {'command': 'node node_modules/typescript/bin/tsc --noEmit | tail -20', 'description': 'Typecheck via node tsc', 'timeout': 600000}

[tool] Bash: {'command': 'node node_modules/vitest/vitest.mjs run tests/logic tests/platform 2>&1 | tail -15', 'description': 'Run logic and platform tests', 'timeout': 600000}

[tool] Read: {'file_path': '/data/youtube-playables/M11-Gap/game/tools/gate-smell.mjs'}

[tool] Read: {'file_path': '/data/youtube-playables/M11-Gap/game/src/main.ts'}

[tool] Read: {'file_path': '/data/youtube-playables/M11-Gap/game/src/render/scenes/ShopScene.ts'}

[tool] Read: {'file_path': '/data/youtube-playables/M11-Gap/game/src/render/components/SkinCard.ts'}

[tool] Read: {'file_path': '/data/youtube-playables/M11-Gap/game/src/render/anim/unfoldPlan.ts'}

[tool] Bash: {'command': 'grep -n "shake\\|particle\\|Particle\\|breath\\|rng\\|hash32\\|mulberry\\|seeded" -i src/render/**/*.ts src/logic/rng.ts | head -50', 'description': 'Grep juice and rn

[tool] Read: {'file_path': '/data/youtube-playables/M11-Gap/game/src/render/scenes/TitleScene.ts'}

[tool] Read: {'file_path': '/data/youtube-playables/M11-Gap/game/src/render/components/StarRow.ts'}

[tool] Read: {'file_path': '/data/youtube-playables/M11-Gap/game/src/render/scenes/PlayScene.ts'}

[tool] Bash: {'command': 'cat src/logic/rng.ts | head -60; echo "=== grep tests for sfx/render imports"; grep -rn "render/sfx\\|render/theme\\|render/audio\\|paperTheme\\|assetList" tests | hea

[tool] Bash: {'command': 'sed -n 1,80p tests/logic/view-b3a-contract.test.ts', 'description': 'Read contract test header'}

[tool] Bash: {'command': 'grep -n "listRenders\\|readdirSync\\|toHaveLength\\|corpus\\|every(" tests/logic/view-b3a-contract.test.ts | head -30; echo "=== geometry pure-files check"; sed -n 200

[tool] Bash: {'command': 'grep -n "AlbumItem\\|Badge\\|skin" src/logic/economy.ts | head -30; echo "=== save schema"; grep -n "album_items\\|badges\\|skins_owned\\|sound_on" src/logic/saveSchem

[tool] Bash: {'command': 'grep -n "starterSkin\\|CAPS = \\|caps" src/logic/saveSchema.ts | head; echo "=== paperThemeOf"; grep -n "paperThemeOf" -A6 src/logic/progression.ts | head -30; echo "=

[tool] Bash: {'command': 'grep -n "starterSkin" -B2 -A2 src/logic/cache.ts; echo "=== images used"; grep -rn "add.image\\|textures.get\\|setTexture\\|\\.image(\\|generate(" src/render | head -2

[tool] Read: {'file_path': '/data/youtube-playables/M11-Gap/game/src/render/components/SheetView.ts'}

[tool] Bash: {'command': 'node -e "console.log(require(\'./node_modules/phaser/package.json\').version)"; ls node_modules/phaser/types 2>/dev/null | head', 'description': 'Check phaser version 

[tool] Bash: {'command': 'grep -n "particles(\\|generate(key\\|generate(" node_modules/phaser/types/phaser.d.ts | head -20', 'description': 'Grep particle and texture generate APIs'}

[tool] Bash: {'command': 'grep -n "generateTexture\\|generate(config\\|generate(" node_modules/phaser/types/phaser.d.ts | head -20; grep -n "TextureGeneratorConfig" node_modules/phaser/types/ph

[tool] Bash: {'command': 'sed -n 44740,44800p node_modules/phaser/types/phaser.d.ts; grep -n "interface ParticleEmitterConfig" -A 60 node_modules/phaser/types/phaser.d.ts | grep -n "tint\\|quan

[tool] Bash: {'command': 'awk \'/interface ParticleEmitterConfig/,/^        \\}/\' node_modules/phaser/types/phaser.d.ts | grep -E "^\\s+(quantity|speed|lifespan|tint|emitting|alpha|scale|angle

[tool] Read: {'file_path': '/data/youtube-playables/M11-Gap/game/src/render/theme/progressTheme.ts'}

[tool] Read: {'file_path': '/data/youtube-playables/M11-Gap/game/vite.config.ts'}

[tool] Bash: {'command': 'grep -n "DUR\\.\\|tweens.add\\|delay" src/render/components/OptionCard.ts src/render/components/BadgeIcon.ts src/render/scenes/ScoreScene.ts src/render/scenes/AlbumSce

[tool] Read: {'file_path': '/data/youtube-playables/M11-Gap/game/src/render/scenes/AlbumScene.ts'}

[tool] Read: {'file_path': '/data/youtube-playables/M11-Gap/game/src/render/components/BadgeIcon.ts'}

[tool] Bash: {'command': 'sed -n 100,145p src/render/scenes/ScoreScene.ts; echo "=== platform lifecycle"; grep -n "onPause\\|onResume\\|onMute\\|Lifecycle" -A3 src/platform/types.ts | head -40'

[tool] Bash: {'command': 'mkdir -p scripts src/render/generated src/render/audio src/render/anim tests/render src/render/fx && ls src/render', 'description': 'Create needed directories'}

[tool] Bash: {'command': 'mkdir -p /data/youtube-playables/M11-Gap/game/scripts /data/youtube-playables/M11-Gap/game/src/render/generated /data/youtube-playables/M11-Gap/game/src/render/audio /

[tool] Bash: {'command': 'echo "probe" > scripts/.probe && ls scripts', 'description': 'Test file creation via redirect'}

[tool] Edit: {'replace_all': False, 'file_path': '/data/youtube-playables/M11-Gap/game/scripts/.probe', 'old_string': '', 'new_string': 'probe'}

[tool] Bash: {'command': 'rm -f scripts/.probe && ls -la scripts', 'description': 'Remove probe file'}

[tool] Bash: {'command': 'mv scripts/.probe scripts/probe.txt && ls scripts', 'description': 'Test move within project'}

[tool] Bash: {'command': 'node -e "const fs=require(\'fs\');fs.unlinkSync(\'scripts/.probe\');fs.mkdirSync(\'src/render/generated\',{recursive:true});fs.mkdirSync(\'src/render/audio\',{recursiv

[tool] Edit: {'replace_all': False, 'file_path': '/data/youtube-playables/M11-Gap/game/scripts/gen-asset-list.mjs', 'old_string': '', 'new_string': '#!/usr/bin/env node\n/**\n * SINH DANH SÁCH 

[tool] Bash: {'command': 'node scripts/gen-asset-list.mjs && head -30 src/render/generated/assetList.ts', 'description': 'Run asset list generator'}

[tool] Edit: {'replace_all': False, 'file_path': '/data/youtube-playables/M11-Gap/game/scripts/gen-asset-list.mjs', 'old_string': "const SOURCES = [\n  { name: 'assets', candidates: ['assets/ma

[tool] Edit: {'replace_all': False, 'file_path': '/data/youtube-playables/M11-Gap/game/scripts/gen-asset-list.mjs', 'old_string': 'function readManifest(kind) {\n  for (const rel of SOURCES[kin

[tool] Bash: {'command': 'grep -n "pak" scripts/gen-asset-list.mjs', 'description': 'Find typo occurrences'}

[tool] Edit: {'replace_all': False, 'file_path': '/data/youtube-playables/M11-Gap/game/scripts/gen-asset-list.mjs', 'old_string': '    if (got !== want) problems.push(`manifest có ${got} asset 

[tool] Edit: {'replace_all': False, 'file_path': '/data/youtube-playables/M11-Gap/game/scripts/gen-asset-list.mjs', 'old_string': '// SINH BỞI scripts/gen-asset-list.mjs từ ../assets/manifest.j

[tool] Bash: {'command': 'node scripts/gen-asset-list.mjs && head -25 src/render/generated/assetList.ts', 'description': 'Run asset list generator again'}

[tool] Edit: {'replace_all': False, 'file_path': '/data/youtube-playables/M11-Gap/game/src/render/theme/paperTheme.ts', 'old_string': "/** '#RRGGBB' -> số nguyên màu cho Graphics/Shape (module 

[tool] Edit: {'replace_all': False, 'file_path': '/data/youtube-playables/M11-Gap/game/src/render/theme/paperTheme.ts', 'old_string': "import { CAMPAIGN, paperThemeOf } from '../../logic/progre

[tool] Edit: {'replace_all': False, 'file_path': '/data/youtube-playables/M11-Gap/game/src/render/audio/sfx.ts', 'old_string': '', 'new_string': '// Pattern: Data Table + Gateway (âm thanh của 

[tool] Edit: {'replace_all': False, 'file_path': '/data/youtube-playables/M11-Gap/game/src/render/audio/sfx.ts', 'old_string': "/** Cách gọi tắt củascene: 'tap' = bấm nút thường, 'buy' = trừ Mự

[tool] Edit: {'replace_all': False, 'file_path': '/data/youtube-playables/M11-Gap/game/src/render/audio/sfx.ts', 'old_string': "export function armAudio(scene: Scene, wiring: AudioWiring): Deta

[tool] Bash: {'command': 'node -e "\nconst fs=require(\'fs\');const path=require(\'path\');\nconst files=[];\nfor(const dir of [\'src/render/scenes\',\'src/render/components\'])for(const f of f

[tool] Bash: {'command': 'grep -rn "render/sfx\\|from \'\\.\\./sfx\'\\|from \'\\./sfx\'" src tests | head; node -e "require(\'fs\').unlinkSync(\'src/render/sfx.ts\');console.log(\'deleted src/r

[tool] Edit: {'replace_all': False, 'file_path': '/data/youtube-playables/M11-Gap/game/src/render/scenes/BootScene.ts', 'old_string': "import Phaser from 'phaser';\nimport { t } from '../../log

[tool] Read: {'file_path': '/data/youtube-playables/M11-Gap/game/src/render/scenes/BootScene.ts'}

[tool] Bash: {'command': 'sed -n 180,260p tests/logic/view-b3a-contract.test.ts', 'description': 'Read contract test rules section'}

[tool] Bash: {'command': 'grep -n "\'\\(loading\\|error\\|asset\\|boot\\)[^\']*\'" src/logic/i18n.ts | head -20; echo "=== key sample"; grep -n "^  \'" src/logic/i18n.ts | head -40', 'descripti

[tool] Edit: {'replace_all': False, 'file_path': '/data/youtube-playables/M11-Gap/game/src/render/scenes/BootScene.ts', 'old_string': "/** Thư mục asset cục bộ — thêm ảnh giấy mới KHÔNG phải sử

[tool] Edit: {'replace_all': False, 'file_path': '/data/youtube-playables/M11-Gap/game/src/render/anim/juicePlan.ts', 'old_string': '', 'new_string': '// Pattern: Data Table (pure planner, seed

[tool] Bash: {'command': 'grep -n "export type LevelSpec" -A 25 src/logic/types.ts', 'description': 'Read LevelSpec type'}

[tool] Edit: {'replace_all': False, 'file_path': '/data/youtube-playables/M11-Gap/game/src/render/anim/juicePlan.ts', 'old_string': "/**\n * Seed của juice MỘT lượt: dựng từ đúng những gì phân 

[tool] Edit: {'replace_all': False, 'file_path': '/data/youtube-playables/M11-Gap/game/src/render/anim/juicePlan.ts', 'old_string': '  /** 10 tia vàng, nở trong 60ms tia cuối, sống 420ms (= đún

[tool] Edit: {'replace_all': False, 'file_path': '/data/youtube-playables/M11-Gap/game/src/render/anim/juicePlan.ts', 'old_string': '      delayMs: i * (JUICE.sparkStaggerMs / 2),', 'new_string

[tool] Edit: {'replace_all': False, 'file_path': '/data/youtube-playables/M11-Gap/game/src/render/fx/starBurst.ts', 'old_string': '', 'new_string': "// Pattern: FX (particle vàng khi nhận sao) 

[tool] Edit: {'replace_all': False, 'file_path': '/data/youtube-playables/M11-Gap/game/src/render/theme/progressTheme.ts', 'old_string': '/** Viền "đang dùng" (DS:108) — token SSOT, đúng MỘT lầ

[tool] Edit: {'replace_all': False, 'file_path': '/data/youtube-playables/M11-Gap/game/src/render/theme/progressTheme.ts', 'old_string': '// RÀNG BUỘC: module THUẦN, không import phaser (kiểu s

[tool] Bash: {'command': 'grep -rn "new SheetView\\|\\.shake(" src tests | head', 'description': 'Check SheetView construction and shake call sites'}

[tool] Edit: {'replace_all': False, 'file_path': '/data/youtube-playables/M11-Gap/game/src/render/components/SheetView.ts', 'old_string': "import Phaser from 'phaser';\nimport { toNumber } from

[tool] Edit: {'replace_all': False, 'file_path': '/data/youtube-playables/M11-Gap/game/src/render/components/SheetView.ts', 'old_string': "import { DUR, MAX_LAYERS, TOUCH, type BreathPlan, type

[tool] Edit: {'replace_all': False, 'file_path': '/data/youtube-playables/M11-Gap/game/src/render/components/SheetView.ts', 'old_string': '  /** Rung nhẹ khi sai — biên ĐÚNG bằng shakeMaxPx (DS

[tool] Bash: {'command': 'grep -n "grain\\|applyGrain\\|textureOf\\|retint\\|constructor" src/render/components/SheetView.ts', 'description': 'Locate grain code in SheetView'}

[tool] Bash: {'command': 'sed -n 74,95p src/render/components/SheetView.ts; echo ---; sed -n 290,310p src/render/components/SheetView.ts', 'description': 'View SheetView regions'}

[tool] Bash: {'command': 'grep -n "            image(" node_modules/phaser/types/phaser.d.ts | head -5', 'description': 'Check factory image signature'}

[tool] Edit: {'replace_all': False, 'file_path': '/data/youtube-playables/M11-Gap/game/src/render/components/SheetView.ts', 'old_string': '  constructor(scene: Phaser.Scene, box: Box, theme: Pa

[tool] Edit: {'replace_all': False, 'file_path': '/data/youtube-playables/M11-Gap/game/src/render/components/SheetView.ts', 'old_string': '  /** Gán texture grain khi nền tảng thực sự có nó; th

[tool] Read: {'file_path': '/data/youtube-playables/M11-Gap/game/src/render/components/OptionCard.ts'}

[result] is_error=True num_turns=91 duration_ms=1452372 cost_usd=4.74690975
