
[tool] Bash: {'command': 'ls -la && echo "--- render ---" && find src/render -type f | head -50 && echo "--- tests/render ---" && find tests -type d && find tests/render -type f 2>/dev/null', '

[tool] Bash: {'command': 'cd /data/youtube-playables/M11-Gap && ls assets/ && echo "--- manifest head ---" && head -60 assets/manifest.json && echo "--- sfx ---" && head -40 assets/sfx-manifest

[tool] Bash: {'command': 'wc -l src/render/*.ts src/render/*/*.ts tests/render/*.ts 2>/dev/null | sort -k1 -n', 'description': 'Count lines of render sources and tests'}

[tool] Bash: {'command': 'echo "=== net grep ===" && grep -rnE "fetch|XMLHttpRequest|WebSocket|https?://" src/ --include="*.ts" | grep -v "^src/.*\\* " | head -30; echo "EXIT:$?"; echo "=== cou

[tool] Read: {'file_path': '/data/youtube-playables/M11-Gap/game/src/render/anim/juicePlan.ts'}

[tool] Read: {'file_path': '/data/youtube-playables/M11-Gap/game/src/render/anim/unfoldPlan.ts'}

[tool] Read: {'file_path': '/data/youtube-playables/M11-Gap/game/src/render/audio/sfx.ts'}

[tool] Read: {'file_path': '/data/youtube-playables/M11-Gap/game/src/render/session.ts'}

[tool] Bash: {'command': 'ls -la tests/render tests/logic | head -60; echo "=== package scripts ==="; cat package.json; echo "=== vitest config ==="; cat vitest.config.ts', 'description': 'List

[tool] Read: {'file_path': '/data/youtube-playables/M11-Gap/game/src/render/scenes/BootScene.ts'}

[tool] Bash: {'command': 'grep -rln "juicePlan\\|starBurst\\|sfx\\|paperTheme\\|assetList\\|progressTheme\\|SkinCard\\|AlbumScene\\|idleBreath\\|sparkBurst\\|optionPop\\|armAudio" tests/ | sort

[tool] Bash: {'command': 'cat src/render/fx/starBurst.ts; echo "=== assetList ==="; head -30 src/render/generated/assetList.ts; echo "..."; grep -c "" src/render/generated/assetList.ts', 'descr

[tool] Bash: {'command': 'for sym in juiceSeedOf shakeSteps sparkBurst idleBreathPlan optionPop JUICE playFx armAudio loadSfx SFX_BY_ACTION sfxOf starBurst ensureSparkTexture PAPER_THEMES MANIF

[tool] Bash: {'command': 'npm run typecheck 2>&1 | tail -15', 'description': 'Run typecheck'}

[tool] Bash: {'command': 'grep -rn "spark\\|Spark\\|breath\\|Breath\\|shake\\|Shake\\|optionPop\\|starBurst\\|JUICE" src/render/scenes/ src/render/components/ | head -40', 'description': 'Check

[tool] Read: {'file_path': '/data/youtube-playables/M11-Gap/game/src/render/scenes/PlayScene.ts'}

[tool] Read: {'file_path': '/data/youtube-playables/M11-Gap/game/tests/logic/scene-boot.test.ts'}

[tool] Bash: {'command': 'ls tests/logic/helpers/ scripts/ tools/ config/; echo "=== dist ==="; ls dist; ls dist/assets 2>/dev/null | head -5; ls dist/assets 2>/dev/null | wc -l; ls dist/sfx 2>

[tool] Bash: {'command': 'npm run test:logic 2>&1 | tail -25', 'description': 'Run logic+platform test suite', 'timeout': 600000}

[tool] Read: {'file_path': '/data/youtube-playables/M11-Gap/game/src/render/components/SheetView.ts'}

[tool] Bash: {'command': 'echo "=== dist/assets vs public/assets ==="; diff <(ls dist/assets) <(ls public/assets); echo "=== assetList paths vs public ==="; grep -oP "(?<=path: \')[^\']+" src/r

[tool] Bash: {'command': "sed -n '1,80p' scripts/gen-asset-list.mjs", 'description': 'Read asset list generator'}

[tool] Bash: {'command': "sed -n '80,200p' scripts/gen-asset-list.mjs", 'description': 'Read rest of generator script'}

[tool] Bash: {'command': 'grep -n "armAudio\\|playFx\\|soundOn\\|toggleSound\\|blur\\|visibilitychange\\|onPause\\|onResume" src/main.ts src/render/scenes/*.ts src/ui/*.ts | head -40', 'descrip

[tool] Bash: {'command': 'grep -n "lifecycle\\|onPause\\|onResume\\|onMute\\|visibilitychange\\|blur\\|hidden\\|autoPause\\|sound" src/platform/*.ts | head -50', 'description': 'Grep platform l

[tool] Bash: {'command': 'grep -n "new Phaser.Game\\|type:\\|scale\\|audio\\|render\\|backgroundColor\\|title\\|url" src/main.ts | head -30; echo "=== TitleScene breath/idle ==="; grep -n "brea

[tool] Bash: {'command': 'sed -n \'236,275p\' src/main.ts; echo "=== TitleScene anim grep ==="; grep -cn "tween\\|Tweens\\|breath\\|idle" src/render/scenes/TitleScene.ts; grep -n "repeat\\|yoyo

[tool] Bash: {'command': 'rm -rf /tmp/sim && mkdir -p /tmp/sim/scripts /tmp/sim/assets && cp scripts/gen-asset-list.mjs /tmp/sim/scripts/ && cp ../assets/manifest.json ../assets/sfx-manifest.js

[tool] Bash: {'command': 'S=/tmp/sim-$BASHPID; mkdir -p $S/scripts $S/assets $S/public/assets $S/public/sfx; cp scripts/gen-asset-list.mjs $S/scripts/; cp ../assets/manifest.json ../assets/sfx-

[tool] Bash: {'command': 'node /tmp/sim-318925/scripts/gen-asset-list.mjs --check 2>&1 | head -6; echo "=== repo --check ==="; node scripts/gen-asset-list.mjs --check; echo "EXIT=$?"', 'descrip

[tool] Bash: {'command': 'grep -rn "textures.exists\\|image(\\|\\.setTexture\\|exists(" src/render/components/*.ts src/render/scenes/*.ts | grep -v "^.*://" | head -30', 'description': 'Check m

[tool] Bash: {'command': "mkdir -p /tmp/b4 && cat > /tmp/b4/smoke.test.ts <<'EOF'\nimport { describe, expect, it } from 'vitest';\nimport { JUICE, shakeSteps, sparkBurst } from '/data/youtube-p

[tool] Bash: {'command': "cat > /tmp/b4/vitest.config.ts <<'EOF'\nimport { defineConfig } from 'vitest/config';\nexport default defineConfig({\n  root: '/data/youtube-playables/M11-Gap/game',\n

[tool] Bash: {'command': 'ln -sfn /data/youtube-playables/M11-Gap/game/node_modules /tmp/b4/node_modules; npx vitest run --config /tmp/b4/vitest.config.ts 2>&1 | tail -8', 'description': 'Symli

[tool] Bash: {'command': 'sed -n \'75,110p\' src/platform/nullAdapter.ts; echo "=== bootGame ==="; sed -n \'150,235p\' src/main.ts', 'description': 'Read null adapter lifecycle and bootGame'}

[tool] Bash: {'command': 'grep -rn "PAPER_THEMES\\|parseHex" tests/ | head; echo "=== which test files reference render ==="; grep -rln "src/render" tests/ | sort', 'description': 'Find tests c

[tool] Bash: {'command': 'cat config/skins.json; echo "=== main SKIN_PRICES ==="; sed -n \'135,152p\' src/main.ts; echo "=== economy SkinPrice ==="; grep -n "SkinPrice\\|skins.json\\|ink" src/l

[tool] Bash: {'command': 'python3 -c "\nimport json\nm=json.load(open(\'../assets/manifest.json\'))\nskins=[k for k,v in m[\'files\'].items() if v[\'kind\']==\'skin\']\nprint(\'manifest skins:\

[tool] Bash: {'command': 'cat > /tmp/b4/attack.test.ts <<\'EOF\'\n// F1-F8 tan cong B4 (art & juice) — nhap cua reviewer, KHONG phai test cua repo.\nimport \'/data/youtube-playables/M11-Gap/gam

[tool] Bash: {'command': 'cd /tmp/b4 && python3 - <<\'EOF\'\np=\'/tmp/b4/attack.test.ts\'\ns=open(p).read()\ns=s.replace("const dirtyNums = [0, -1, -999, 1.5, NaN, Infinity, 1e6];","const dirty

[tool] Bash: {'command': 'cd /tmp/b4 && python3 - <<\'EOF\'\np=\'/tmp/b4/attack.test.ts\'\ns=open(p).read()\ns=s.replace("import { levelSpec, seedFor } from \'/data/youtube-playables/M11-Gap/ga

[tool] Bash: {'command': 'grep -n "prototype\\|__proto__\\|sfxOf\\|LevelSpec\\|juiceSeedOf" /tmp/b4/attack.test.ts', 'description': 'Inspect edited regions of attack test'}

[tool] Bash: {'command': "sed -n '144,158p' /tmp/b4/attack.test.ts", 'description': 'Show lines around broken test block'}

[tool] Bash: {'command': 'cd /tmp/b4 && python3 - <<\'EOF\'\np=\'/tmp/b4/attack.test.ts\'\ns=open(p).read()\ns=s.replace("sound: { play: (k: string) => played.push(\'PLAY:\' + J(k)) } }, input:

[tool] Bash: {'command': 'cat > /tmp/b4/hang.test.ts <<\'EOF\'\nimport { describe, expect, it } from \'vitest\';\nimport { shakeSteps, sparkBurst, optionPop } from \'/data/youtube-playables/M11

[result] is_error=True num_turns=31 duration_ms=666705 cost_usd=1.5328560000000004
