
[tool] Read: {'file_path': '/data/youtube-playables/M11-Gap/game/src/render/scenes/AlbumScene.ts'}

[tool] Bash: {'command': 'grep -n "^export" src/render/components/PaperPanel.ts', 'description': 'List exports of PaperPanel'}

[tool] Bash: {'command': 'grep -rn "playFx\\|touchFx" src/ tests/ --include=*.ts | head -40', 'description': 'Find playFx/touchFx usages'}

[tool] Bash: {'command': 'grep -rln "Album" tests/ | head; echo ---; grep -rn "album" tests/logic/scene-boot.test.ts | head -20', 'description': 'Find tests referencing AlbumScene'}

[tool] Bash: {'command': 'grep -n "Album" tests/logic/view-b3b-contract.test.ts tests/logic/view-b3b-states.test.ts | head -40', 'description': 'Show album assertions in view tests'}

[tool] Bash: {'command': 'grep -rn "sceneTheme\\|spawnButton" tests/ src/render --include=*.ts | grep -v "PaperPanel.ts" | head -20', 'description': 'Check usages of sceneTheme/spawnButton else

[tool] Edit: {'replace_all': False, 'file_path': '/data/youtube-playables/M11-Gap/game/src/render/scenes/AlbumScene.ts', 'old_string': "import { BadgeIcon } from '../components/BadgeIcon';\nimp

[tool] Bash: {'command': 'npm run typecheck 2>&1 | tail -20', 'description': 'Run typecheck to see remaining errors'}

[tool] Bash: {'command': 'npm run typecheck | tail -20', 'description': 'Run typecheck and show last lines'}

[tool] Bash: {'command': 'npx tsc --noEmit | tail -20', 'description': 'Type-check project with tsc'}

[tool] Bash: {'command': 'npm run typecheck | tail -20', 'description': 'Type-check project via npm script', 'dangerouslyDisableSandbox': True}

[tool] Bash: {'command': './node_modules/.bin/tsc --noEmit | tail -30', 'description': 'Run local tsc binary directly'}

[tool] Bash: {'command': './node_modules/.bin/tsc --noEmit', 'description': 'Run tsc without piping'}

[tool] Bash: {'command': 'node --version; ls node_modules/.bin | head -5', 'description': 'Check node availability'}

[tool] Bash: {'command': 'node ./node_modules/typescript/bin/tsc --noEmit', 'description': 'Typecheck via node invoking tsc entry'}

[tool] Bash: {'command': 'cat package.json; echo ---; ls node_modules/vitest | head', 'description': 'Show package.json scripts and vitest files'}

[tool] Bash: {'command': 'ls node_modules/vitest/*.mjs node_modules/vitest/dist/*.mjs 2>/dev/null | head', 'description': 'Locate vitest CLI entry'}

[tool] Bash: {'command': 'node ./node_modules/vitest/vitest.mjs run tests/logic tests/platform 2>&1 | tail -30', 'description': 'Run logic and platform test suites', 'timeout': 600000}

[tool] Bash: {'command': 'node tools/gate-smell.mjs 2>&1 | tail -40', 'description': 'Run gate-smell check'}

[tool] Read: {'file_path': '/data/youtube-playables/M11-Gap/game/tools/gate-smell.mjs'}

[tool] Bash: {'command': 'cat tools/gate-allow.json; echo ===; git -C /data/youtube-playables/M11-Gap/game log --oneline -5 -- tools/gate-smell.mjs; echo ===; git -C /data/youtube-playables/M11

[tool] Bash: {'command': 'cat tools/gate-allow.json', 'description': 'Show gate allow list'}

[tool] Bash: {'command': 'for f in EndScene MapScene; do echo "=== $f"; sed -n \'1,30p\' src/render/scenes/$f.ts | cat -n; done', 'description': 'Show import headers of EndScene and MapScene'}

[tool] Bash: {'command': "cat -n src/render/scenes/EndScene.ts | sed -n '1,20p'", 'description': 'Show EndScene imports'}

[tool] Bash: {'command': "sed -n '1,140p' tests/logic/view-b3b-contract.test.ts", 'description': 'Read B3b contract test rules'}

[tool] Bash: {'command': "cat -n src/render/scenes/EndScene.ts | sed -n '20,200p'", 'description': 'Show EndScene body'}

[tool] Bash: {'command': "cat -n src/render/scenes/MapScene.ts | sed -n '1,30p;60,90p'", 'description': 'Show MapScene header and mid sections'}

[tool] Bash: {'command': "sed -n '53,64p' src/render/scenes/EndScene.ts", 'description': 'Show EndScene lines 53-64'}

[tool] Bash: {'command': "cat -n src/render/scenes/MapScene.ts | sed -n '30,60p;90,330p'", 'description': 'Show MapScene rest'}

[tool] Bash: {'command': "sed -n '140,460p' tests/logic/view-b3b-contract.test.ts", 'description': 'Read rest of contract test'}

[tool] Bash: {'command': "sed -n '30,120p' tests/logic/view-b3b-states.test.ts", 'description': 'Read states test header'}

[tool] Read: {'file_path': '/data/youtube-playables/M11-Gap/game/src/render/components/PaperPanel.ts'}

[tool] Bash: {'command': 'cat -n src/render/scenes/ScoreScene.ts', 'description': 'Show ScoreScene'}

[tool] Bash: {'command': 'cat -n src/render/scenes/ShopScene.ts', 'description': 'Show ShopScene'}

[tool] Bash: {'command': 'grep -rn "liveFrame\\|RESIZE_EVENT\\|scale.on\\|spawnButton\\|paintRow\\|touchFx\\|say(\\|PaperPanel" tests/ | grep -v "^tests/logic/view-b3b-contract\\|^tests/logic/v

[tool] Bash: {'command': 'grep -rln "B4\\|b4" tests/logic tests/platform | head -20', 'description': 'List tests mentioning B4'}

[tool] Bash: {'command': 'for n in 200 72 168 32 480 560 48 260 300 96; do echo -n "$n: "; grep -rl "\\b$n\\b" src/render/scenes src/render/components src/render/viewmodel 2>/dev/null | tr \'\\

[tool] Bash: {'command': 'grep -rnE "\\b(480|560|260|300|96|168|32|48)\\b" src/render | head -20', 'description': 'Find geometry literals in render layer'}
Bắt đầu refactor ShopScene dùng chung cửa PaperPanel.

[tool] Edit: {'replace_all': False, 'file_path': '/data/youtube-playables/M11-Gap/game/src/render/scenes/ShopScene.ts', 'old_string': "import Phaser from 'phaser';\nimport type { Inventory, Ski

[tool] Edit: {'replace_all': False, 'file_path': '/data/youtube-playables/M11-Gap/game/src/render/scenes/ShopScene.ts', 'old_string': "import { makeButton, type ButtonView } from '../../ui/butt

[tool] Edit: {'replace_all': False, 'file_path': '/data/youtube-playables/M11-Gap/game/src/render/scenes/ShopScene.ts', 'old_string': "import { type ButtonView } from '../../ui/button';", 'new_

[tool] Edit: {'replace_all': False, 'file_path': '/data/youtube-playables/M11-Gap/game/src/render/scenes/ShopScene.ts', 'old_string': "export class ShopScene extends Phaser.Scene {\n  private s

[tool] Bash: {'command': 'grep -n "touch\\|soundOn\\|playFx\\|tap(" tests/logic/view-b3b-states.test.ts | head -30', 'description': 'Check states test rules about touch/sound'}

[tool] Edit: {'replace_all': False, 'file_path': '/data/youtube-playables/M11-Gap/game/src/render/scenes/EndScene.ts', 'old_string': "import Phaser from 'phaser';\nimport { CAMPAIGN, chapterOf 

[tool] Edit: {'replace_all': False, 'file_path': '/data/youtube-playables/M11-Gap/game/src/render/scenes/EndScene.ts', 'old_string': "import {\n  cameraSize, liveFrame, openFrame, paintRow, Pan

[tool] Bash: {'command': 'grep -n "tKey" -A 12 -B 4 tests/logic/view-b3b-states.test.ts | sed -n \'1,80p\'', 'description': 'Inspect tKey rule usage in states test'}

[tool] Read: {'file_path': '/data/youtube-playables/M11-Gap/game/src/render/scenes/EndScene.ts', 'limit': 30, 'offset': 50}

[tool] Edit: {'replace_all': False, 'file_path': '/data/youtube-playables/M11-Gap/game/src/render/scenes/EndScene.ts', 'old_string': 'export class EndScene extends Phaser.Scene {\n  private ses

[tool] Edit: {'replace_all': False, 'file_path': '/data/youtube-playables/M11-Gap/game/src/render/scenes/EndScene.ts', 'old_string': "import {\n  cameraSize, liveFrame, openFrame, paintRow, Pan

[tool] Read: {'file_path': '/data/youtube-playables/M11-Gap/game/src/render/scenes/EndScene.ts', 'limit': 40, 'offset': 10}

[tool] Edit: {'replace_all': False, 'file_path': '/data/youtube-playables/M11-Gap/game/src/render/scenes/EndScene.ts', 'old_string': "import Phaser from 'phaser';\nimport { CAMPAIGN, chapterOf 

[tool] Edit: {'replace_all': False, 'file_path': '/data/youtube-playables/M11-Gap/game/src/render/scenes/EndScene.ts', 'old_string': '    this.paintTotal(panel, s);\n    this.paintExits(theme, 

[tool] Edit: {'replace_all': False, 'file_path': '/data/youtube-playables/M11-Gap/game/src/render/scenes/EndScene.ts', 'old_string': '    const room: Box = { x: panel.x, y: panel.y + panel.h - 

[tool] Read: {'file_path': '/data/youtube-playables/M11-Gap/game/src/render/scenes/EndScene.ts', 'offset': 50}

[tool] Edit: {'replace_all': False, 'file_path': '/data/youtube-playables/M11-Gap/game/src/render/scenes/EndScene.ts', 'old_string': '  private paintExits(theme: PaperTheme, s: number, panel: B

[tool] Edit: {'replace_all': False, 'file_path': '/data/youtube-playables/M11-Gap/game/src/render/scenes/ScoreScene.ts', 'old_string': "import Phaser from 'phaser';\nimport { t } from '../../lo

[tool] Edit: {'replace_all': False, 'file_path': '/data/youtube-playables/M11-Gap/game/src/render/scenes/ScoreScene.ts', 'old_string': "import {\n  cameraSize, liveFrame, openFrame, paintRow, P

[tool] Read: {'file_path': '/data/youtube-playables/M11-Gap/game/src/render/scenes/ScoreScene.ts', 'offset': 60}

[tool] Edit: {'replace_all': False, 'file_path': '/data/youtube-playables/M11-Gap/game/src/render/scenes/ScoreScene.ts', 'old_string': "export class ScoreScene extends Phaser.Scene {\n  private

[tool] Read: {'file_path': '/data/youtube-playables/M11-Gap/game/src/render/scenes/ScoreScene.ts', 'offset': 152}

[tool] Bash: {'command': "sed -i '165,254d' src/render/scenes/ScoreScene.ts; tail -6 src/render/scenes/ScoreScene.ts; wc -l src/render/scenes/ScoreScene.ts", 'description': 'Delete leftover old

[tool] Bash: {'command': 'head -164 src/render/scenes/ScoreScene.ts > /tmp/score.ts && mv /tmp/score.ts src/render/scenes/ScoreScene.ts && tail -4 src/render/scenes/ScoreScene.ts', 'description

[tool] Edit: {'replace_all': False, 'file_path': '/data/youtube-playables/M11-Gap/game/src/render/scenes/ScoreScene.ts', 'old_string': '  private teardown(): void {\n    this.scale.off(RESIZE_E

[tool] Read: {'file_path': '/data/youtube-playables/M11-Gap/game/src/render/scenes/ScoreScene.ts', 'offset': 158}

[tool] Edit: {'replace_all': False, 'file_path': '/data/youtube-playables/M11-Gap/game/src/render/scenes/ScoreScene.ts', 'old_string': "  private arrange(): void {\n    const l = layoutOf(this.

[tool] Read: {'file_path': '/data/youtube-playables/M11-Gap/game/src/render/scenes/ScoreScene.ts', 'offset': 158}

[tool] Edit: {'replace_all': False, 'file_path': '/data/youtube-playables/M11-Gap/game/src/render/scenes/ScoreScene.ts', 'old_string': "}\n\n  /**\n   * Nhịp mở bảng điểm (DS:105 + PC-14): pane

[tool] Bash: {'command': 'node ./node_modules/typescript/bin/tsc --noEmit', 'description': 'Typecheck after Shop/Score/End edits'}

[tool] Edit: {'replace_all': False, 'file_path': '/data/youtube-playables/M11-Gap/game/src/render/scenes/MapScene.ts', 'old_string': "import Phaser from 'phaser';\nimport { CAMPAIGN, chapterOf 

[tool] Read: {'file_path': '/data/youtube-playables/M11-Gap/game/src/render/scenes/MapScene.ts', 'limit': 45, 'offset': 66}

[tool] Edit: {'replace_all': False, 'file_path': '/data/youtube-playables/M11-Gap/game/src/render/scenes/MapScene.ts', 'old_string': 'export class MapScene extends Phaser.Scene {\n  private ses

[tool] Read: {'file_path': '/data/youtube-playables/M11-Gap/game/src/render/scenes/MapScene.ts', 'limit': 30, 'offset': 98}

[tool] Read: {'file_path': '/data/youtube-playables/M11-Gap/game/src/render/scenes/MapScene.ts', 'limit': 8, 'offset': 92}

[tool] Edit: {'replace_all': False, 'file_path': '/data/youtube-playables/M11-Gap/game/src/render/scenes/MapScene.ts', 'old_string': '  create(): void {\n    this.session = readSession(this.gam

[tool] Edit: {'replace_all': False, 'file_path': '/data/youtube-playables/M11-Gap/game/src/render/scenes/MapScene.ts', 'old_string': "    BAR.forEach((row, i) => this.bar[i].onTap(() => this.ru

[tool] Read: {'file_path': '/data/youtube-playables/M11-Gap/game/src/render/scenes/MapScene.ts', 'offset': 118}

[tool] Bash: {'command': 'grep -c "this.fx(\'click\');" src/render/scenes/MapScene.ts; grep -c "this.copy(" src/render/scenes/MapScene.ts', 'description': 'Count occurrences to replace'}

[tool] Edit: {'replace_all': True, 'file_path': '/data/youtube-playables/M11-Gap/game/src/render/scenes/MapScene.ts', 'old_string': "this.fx('click');", 'new_string': 'touchFx(this, this.sessio

[tool] Edit: {'replace_all': True, 'file_path': '/data/youtube-playables/M11-Gap/game/src/render/scenes/MapScene.ts', 'old_string': 'this.copy(', 'new_string': 'say(this.session,'}

[tool] Bash: {'command': 'grep -n "say(this.session" src/render/scenes/MapScene.ts', 'description': 'Check say replacements formatting'}

[tool] Edit: {'replace_all': True, 'file_path': '/data/youtube-playables/M11-Gap/game/src/render/scenes/MapScene.ts', 'old_string': "this.session,'", 'new_string': "this.session, '"}

[tool] Edit: {'replace_all': False, 'file_path': '/data/youtube-playables/M11-Gap/game/src/render/scenes/MapScene.ts', 'old_string': '  /** Một cửa dịch khoá -> chữ (PC-19): bảng BAR/PANEL khôn

[tool] Edit: {'replace_all': False, 'file_path': '/data/youtube-playables/M11-Gap/game/src/render/scenes/MapScene.ts', 'old_string': '  /** Chữ hiển thị: MỘT cửa `say` của khung cho năm màn (PC

[tool] Edit: {'replace_all': False, 'file_path': '/data/youtube-playables/M11-Gap/game/src/render/scenes/MapScene.ts', 'old_string': '  private fx(key: string): void {\n    playFx(this, key, th

[tool] Edit: {'replace_all': False, 'file_path': '/data/youtube-playables/M11-Gap/game/src/render/scenes/MapScene.ts', 'old_string': "  private paintTabs(l: Layout, theme: PaperTheme, f: Frame)

[tool] Edit: {'replace_all': False, 'file_path': '/data/youtube-playables/M11-Gap/game/src/render/scenes/MapScene.ts', 'old_string': "    this.hook('testid-map-locked', band);", 'new_string': "

[tool] Edit: {'replace_all': False, 'file_path': '/data/youtube-playables/M11-Gap/game/src/render/scenes/MapScene.ts', 'old_string': "  private paintBar(l: Layout, theme: PaperTheme, f: Frame):

[tool] Read: {'file_path': '/data/youtube-playables/M11-Gap/game/src/render/scenes/MapScene.ts', 'offset': 262}

[tool] Edit: {'replace_all': False, 'file_path': '/data/youtube-playables/M11-Gap/game/src/render/scenes/MapScene.ts', 'old_string': "  private paintBar(l: Layout, theme: PaperTheme, f: Frame):

[tool] Edit: {'replace_all': False, 'file_path': '/data/youtube-playables/M11-Gap/game/src/render/scenes/MapScene.ts', 'old_string': "import {\n  cameraSize, liveFrame, openFrame, paintRow, Pan

[result] is_error=True num_turns=91 duration_ms=991816 cost_usd=4.396715
