
[tool] Bash: {'command': 'cat /data/youtube-playables/M11-Gap/harness/packs/b5.md', 'description': 'Read B5 pack'}

[tool] Bash: {'command': 'cat package.json vite.config.ts', 'description': 'Read package.json and vite config'}

[tool] Read: {'file_path': '/data/youtube-playables/M11-Gap/harness/packs/b5.md'}

[tool] Read: {'file_path': '/data/youtube-playables/M1-Rescue-Dodge/games/buzz-blitz.yaml'}

[tool] Read: {'file_path': '/data/youtube-playables/M1-Rescue-Dodge/metadata/metadata.json'}

[tool] Bash: {'command': 'ls -la && echo "--- tools" && ls tools && echo "--- src" && ls src src/* 2>/dev/null | head -60 && echo "--- public" && ls -R public 2>/dev/null | head -40', 'descript

[tool] Read: {'file_path': '/data/youtube-playables/M11-Gap/game/index.html'}

[tool] Bash: {'command': 'grep -rn "debug\\|?level=\\|?seed=\\|ad=mock" src/main.ts src/platform/index.ts | head -30; echo "=== net"; grep -rn "fetch(\\|XMLHttpRequest\\|WebSocket\\|sendBeacon\

[tool] Read: {'file_path': '/data/youtube-playables/M11-Gap/game/src/main.ts'}

[tool] Bash: {'command': 'npm run gate 2>&1 | tail -30', 'description': 'Run repo gate', 'timeout': 600000}

[tool] Bash: {'command': 'npm run gate 2>&1 | tail -30', 'description': 'Run npm gate script', 'timeout': 600000}

[tool] Bash: {'command': 'npm run gate | tail -30', 'description': 'Run npm gate and show last lines', 'timeout': 600000}

[tool] Bash: {'command': 'npm run typecheck 2>&1 | tail -20', 'description': 'Run typecheck', 'timeout': 600000}

[tool] Bash: {'command': 'npm run typecheck 2>&1 | tail -20', 'description': 'Run typecheck outside sandbox', 'timeout': 600000, 'dangerouslyDisableSandbox': True}

[tool] Bash: {'command': './node_modules/.bin/tsc --noEmit 2>&1 | tail -20; echo "exit=$?"', 'description': 'Typecheck via local tsc binary', 'timeout': 600000}

[tool] Bash: {'command': 'npm run typecheck', 'description': 'Run typecheck', 'timeout': 600000}

[tool] Bash: {'command': 'node ./node_modules/typescript/bin/tsc --noEmit | tail -20; echo "EXIT=${PIPESTATUS[0]}"', 'description': 'Typecheck via node tsc entry', 'timeout': 600000}

[tool] Bash: {'command': 'node ./node_modules/typescript/bin/tsc --noEmit | tail -20', 'description': 'Typecheck via node tsc entry', 'timeout': 600000}

[tool] Bash: {'command': 'npm run typecheck', 'description': 'Run typecheck via npm unsandboxed', 'timeout': 600000, 'dangerouslyDisableSandbox': True}

[tool] Bash: {'command': 'ls node_modules/.bin | head -40; echo "---"; ls node_modules/vitest/*.mjs node_modules/vite/bin/*.js 2>/dev/null', 'description': 'Locate vitest and vite bins'}

[tool] Bash: {'command': 'node node_modules/vitest/vitest.mjs run tests/logic tests/platform 2>&1 | tail -25', 'description': 'Run logic+platform tests via vitest binary', 'timeout': 600000}

[tool] Bash: {'command': 'node tools/gate-smell.mjs 2>&1 | tail -20', 'description': 'Run gate-smell tool', 'timeout': 300000}

[tool] Bash: {'command': 'grep -rn "bridge\\|playgama" src/platform/*.ts | grep -v "^src/platform/playgamaAdapter.ts:[0-9]*: *//" | head -30', 'description': 'Search bridge references in platfo

[tool] Bash: {'command': 'ls -la public public/raw public/sfx config scripts | head -40; echo "--- dist"; du -sb dist; find dist -type f | head -20; echo "--- sizes top"; find public -type f | 

[tool] Bash: {'command': 'node node_modules/vite/bin/vite.js build --mode ytgame 2>&1 | tail -15', 'description': 'Build ytgame mode', 'timeout': 600000}

[tool] Bash: {'command': 'du -sb dist; ls -la dist/assets/*.js | tail -3; for p in "debug" "level=" "seed=" "ad=mock" "fetch(" "XMLHttpRequest" "WebSocket" "sendBeacon" "https://" "http://" "GẤ

[tool] Bash: {'command': "du -sb dist; grep -c -o 'level=' dist/assets/index-CMsQgZxo.js; grep -o 'debug' dist/assets/index-CMsQgZxo.js | wc -l; grep -o 'seed=' dist/assets/index-CMsQgZxo.js | 

[tool] Read: {'file_path': '/data/youtube-playables/scripts/verify_game.sh'}

[tool] Bash: {'command': 'grep -oE \'https?://[^"\'"\'"\' ,)]{0,40}\' dist/assets/index-CMsQgZxo.js | sort | uniq -c | sort -rn | head -15; echo "=== fetch/XMLHttpRequest context"; grep -oE \'.

[tool] Bash: {'command': 'grep -oE "https?://[A-Za-z0-9./_-]{0,40}" dist/assets/index-CMsQgZxo.js | sort | uniq -c | sort -rn | head -12', 'description': 'List distinct URLs in bundle'}

[tool] Bash: {'command': 'grep -o \'https:[^\\`" ]*\' dist/assets/index-CMsQgZxo.js | head -5', 'description': 'Preview first URL matches'}

[tool] Bash: {'command': "python3 - <<'PY'\nimport re,glob\nf=glob.glob('dist/assets/*.js')[0]\ns=open(f,encoding='utf8',errors='replace').read()\nprint('file',f,'len',len(s))\nms=[m.start() fo

[tool] Bash: {'command': 'python3 -c "\nimport re,glob,collections\nf=glob.glob(\'dist/assets/*.js\')[0]; s=open(f,encoding=\'utf8\',errors=\'replace\').read()\nprint(f,len(s))\nc=collections.C

[tool] Bash: {'command': 'cd /data/youtube-playables/packages/pipeline/src && python3 -m pipeline validate --game-dir /data/youtube-playables/M11-Gap 2>&1 | tail -40', 'description': 'Run pipel

[tool] Bash: {'command': 'PYTHONPATH=/data/youtube-playables/packages/pipeline/src python3 -m pipeline validate --game-dir /data/youtube-playables/M11-Gap 2>&1 | tail -40', 'description': 'Run 

[tool] Bash: {'command': 'python3 --version; ls /data/youtube-playables/packages/pipeline/src', 'description': 'Check python availability and pipeline layout'}

[tool] Bash: {'command': 'ls scripts tools; cat tools/gate-smell.mjs | head -40', 'description': 'Inspect tools and scripts folders'}

[tool] Bash: {'command': 'cat > tools/check-bundle.mjs <<\'EOF\'\n#!/usr/bin/env node\n/**\n * check-bundle.mjs — CỔNG KIỂM BUNDLE NỘP (B5).\n * Chạy: node tools/check-bundle.mjs <dir> --channe

[tool] Bash: {'command': 'printf \'x = "%s";\\n\' \'${hello}\' > tools/_t.txt; cat tools/_t.txt; rm tools/_t.txt', 'description': 'Test writing template literal chars'}

[tool] Bash: {'command': "cat > tools/_t.txt <<'EOF'\nconst a = `x ${b}`;\nEOF\ncat tools/_t.txt", 'description': 'Test heredoc with template literal'}

[tool] Bash: {'command': 'pwd; echo hi > /data/youtube-playables/M11-Gap/game/tools/_t.txt; cat /data/youtube-playables/M11-Gap/game/tools/_t.txt', 'description': 'Test writing with absolute pa

[tool] Bash: {'command': 'touch tools/_t.txt && ls -la tools', 'description': 'Test touch write inside tools dir'}

[tool] Bash: {'command': 'touch ./_t_root.txt; ls -la _t_root.txt', 'description': 'Test creating file in game root'}

[tool] Edit: {'replace_all': False, 'file_path': '/data/youtube-playables/M11-Gap/game/tools/check-bundle.mjs', 'old_string': '', 'new_string': 'placeholder'}

[tool] Edit: {'replace_all': False, 'file_path': '/data/youtube-playables/M11-Gap/game/tools/check-bundle.mjs', 'old_string': 'placeholder', 'new_string': '#!/usr/bin/env node\n/**\n * check-bu

[tool] Bash: {'command': 'node tools/check-bundle.mjs dist --channel ytgame --samples 3; echo "exit=$?"', 'description': 'Run bundle check on ytgame dist'}

[tool] Bash: {'command': 'node tools/check-bundle.mjs dist --channel ytgame --samples 3', 'description': 'Run bundle check on ytgame dist'}

[tool] Bash: {'command': "grep -c -o 'location.search' dist/assets/index-CMsQgZxo.js; grep -o 'URLSearchParams' dist/assets/index-CMsQgZxo.js | wc -l; grep -o 'phaser.io' dist/assets/index-CMsQ

[tool] Bash: {'command': "wc -l dist/assets/index-CMsQgZxo.js; grep -o '.\\{60\\}phaser\\.io.\\{20\\}' dist/assets/index-CMsQgZxo.js | head -3; grep -o '.\\{50\\}opensource\\.org/licenses/MIT.\

[tool] Bash: {'command': "head -c 400 dist/assets/index-CMsQgZxo.js; echo; echo ---; sed -n '3p;4p' dist/assets/index-CMsQgZxo.js | cut -c1-200; echo ---; grep -c '@license' dist/assets/index-C

[tool] Edit: {'replace_all': False, 'file_path': '/data/youtube-playables/M11-Gap/game/vite.config.ts', 'old_string': "import { defineConfig } from 'vite';\nimport { fileURLToPath } from 'node:

[tool] Bash: {'command': 'cat tsconfig.json; node node_modules/vite/bin/vite.js build --mode ytgame 2>&1 | tail -12', 'description': 'Show tsconfig and rebuild ytgame', 'timeout': 600000}

[tool] Read: {'file_path': '/data/youtube-playables/M11-Gap/game/tools/check-bundle.mjs', 'limit': 100}

[tool] Bash: {'command': 'node tools/check-bundle.mjs dist --channel ytgame --samples 2', 'description': 'Re-run bundle check on split build'}

[tool] Read: {'file_path': '/data/youtube-playables/M11-Gap/game/src/platform/debug.ts'}

[tool] Bash: {'command': 'grep -o \'.\\{80\\}adMock.\\{80\\}\' dist/assets/index-BPTtOGlx.js | head -3; echo "=== search"; grep -o \'.\\{40\\}search.\\{60\\}\' dist/assets/index-BPTtOGlx.js | h

[tool] Bash: {'command': 'grep -o \'("location")\' dist/assets/index-BPTtOGlx.js | wc -l; grep -o \'\\.search\' dist/assets/index-BPTtOGlx.js | wc -l; grep -o \'location\\.href\\|location\\.sea

[tool] Read: {'file_path': '/data/youtube-playables/M11-Gap/game/tools/check-bundle.mjs', 'offset': 100}

[tool] Edit: {'replace_all': False, 'file_path': '/data/youtube-playables/M11-Gap/game/tools/check-bundle.mjs', 'old_string': '/** File runtime của ta — thư viện nhúng (phaser-*) không được tín

[tool] Edit: {'replace_all': False, 'file_path': '/data/youtube-playables/M11-Gap/game/tools/check-bundle.mjs', 'old_string': "/** Trần kích thước (byte). Zip ≤1.6MB là việc của scripts/verify_

[tool] Read: {'file_path': '/data/youtube-playables/M11-Gap/game/tools/check-bundle.mjs', 'limit': 75, 'offset': 20}

[tool] Edit: {'replace_all': False, 'file_path': '/data/youtube-playables/M11-Gap/game/tools/check-bundle.mjs', 'old_string': "const RULES = [\n  {\n    kind: 'forbid-text', id: 'debug-hook', w

[tool] Edit: {'replace_all': False, 'file_path': '/data/youtube-playables/M11-Gap/game/tools/check-bundle.mjs', 'old_string': 'const WINDOW = 120;\n\n/** Đếm từng pattern của một luật forbid-te

[tool] Edit: {'replace_all': False, 'file_path': '/data/youtube-playables/M11-Gap/game/tools/check-bundle.mjs', 'old_string': "// ---------------------------------------------------------------

[tool] Edit: {'replace_all': False, 'file_path': '/data/youtube-playables/M11-Gap/game/tools/check-bundle.mjs', 'old_string': "let bad = 0;\nfor (const row of ROWS) {\n  const failing = !row.ok

[tool] Edit: {'replace_all': False, 'file_path': '/data/youtube-playables/M11-Gap/game/tools/check-bundle.mjs', 'old_string': "        check: rule.id + ':' + label, limit: bound ? 0 : 'miễn (kê

[tool] Bash: {'command': 'node tools/check-bundle.mjs dist --channel ytgame --samples 1', 'description': 'Run updated bundle check'}

[tool] Edit: {'replace_all': False, 'file_path': '/data/youtube-playables/M11-Gap/game/tools/check-bundle.mjs', 'old_string': "  urlAllowPrefixes: [\n    'https://phaser.io/',\n    'https://ope

[tool] Read: {'file_path': '/data/youtube-playables/packages/pipeline/src/pipeline/validate.py', 'limit': 80}

[tool] Read: {'file_path': '/data/youtube-playables/packages/pipeline/src/pipeline/validate.py', 'limit': 150, 'offset': 80}

[tool] Read: {'file_path': '/data/youtube-playables/packages/pipeline/src/pipeline/validate.py', 'limit': 170, 'offset': 229}

[tool] Read: {'file_path': '/data/youtube-playables/packages/pipeline/src/pipeline/config.py'}

[tool] Read: {'file_path': '/data/youtube-playables/packages/pipeline/src/pipeline/cli.py'}

[tool] Read: {'file_path': '/data/youtube-playables/packages/pipeline/src/pipeline/__main__.py'}

[tool] Read: {'file_path': '/data/youtube-playables/packages/pipeline/src/pipeline/package.py'}

[tool] Bash: {'command': 'cat config/ink.json config/skins.json; ls src/render/theme; head -30 src/render/theme/*.ts 2>/dev/null | head -60', 'description': 'Read economy and theme config'}

[tool] Bash: {'command': 'sed -n \'30,80p\' src/render/theme/paperTheme.ts; echo "=== progression"; grep -n "LEVELS_PER_CHAPTER\\|MILESTONE\\|STREAK\\|STAR_SCALE\\|export const CAMPAIGN" -A 12 

[tool] Bash: {'command': 'head -40 src/render/generated/assetList.ts; echo "=== manifest?"; ls public/assets | wc -l; du -sb public/assets public/sfx', 'description': 'Inspect generated asset l

[tool] Bash: {'command': "sed -n '40,90p' src/render/generated/assetList.ts", 'description': 'Read rest of asset list'}

[tool] Bash: {'command': 'wc -c public/assets/album_*.png public/assets/badge_*.png public/assets/skin_*.png public/assets/icon_512.png public/assets/thumb_512.png public/sfx/*.wav | tail -35',

[tool] Bash: {'command': 'sed -n \'56,66p\' src/logic/progression.ts; echo "=== placements"; grep -n "RewardedPlacement\\|InterstitialPlacement\\|type .*Placement" -A 4 src/platform/types.ts | 

[tool] Edit: {'replace_all': False, 'file_path': '/data/youtube-playables/M11-Gap/games/paper-crease.yaml', 'old_string': '', 'new_string': '# Hồ sơ nộp Paper Crease — schema theo mẫu M1 (games

[tool] Edit: {'replace_all': False, 'file_path': '/data/youtube-playables/M11-Gap/game/metadata/metadata.json', 'old_string': '', 'new_string': '{\n  "title": "Paper Crease — Fold, Punch, Unfol

[tool] Bash: {'command': 'node -e \'var m=require("./metadata/metadata.json"),y=require("./package.json");console.log("title",m.title.length,"short",m.short_desc.length,"howto",m.how_to_play.le

[tool] Bash: {'command': 'python3 -c \'import yaml,sys; d=yaml.safe_load(open("/data/youtube-playables/M11-Gap/games/paper-crease.yaml")); print(d["name"], d["version"], len(d["metadata"]["titl

[tool] Edit: {'replace_all': False, 'file_path': '/data/youtube-playables/M11-Gap/game/scripts/build-channels.sh', 'old_string': '', 'new_string': '#!/usr/bin/env bash\n# ======================

[tool] Edit: {'replace_all': False, 'file_path': '/data/youtube-playables/M11-Gap/game/scripts/build-channels.sh', 'old_string': '# --- bảng chạy lệnh: một script npm = một dòng bảng, không rải

[tool] Edit: {'replace_all': False, 'file_path': '/data/youtube-playables/M11-Gap/game/scripts/build-channels.sh', 'old_string': '  local mode="$1"\n  local stamp date out\n  date=$(date +%Y%m%

[tool] Bash: {'command': 'bash scripts/build-channels.sh --local --no-zip 2>&1 | tail -45', 'description': 'Run 3-channel build process locally without zip', 'timeout': 600000}

[tool] Bash: {'command': 'bash scripts/build-channels.sh --local --no-zip | tail -45', 'description': 'Run build process script', 'timeout': 600000}

[tool] Bash: {'command': 'mkdir -p build && ls -d build', 'description': 'Test creating build directory'}

[tool] Bash: {'command': 'python3 -c "import sys; print(sys.version.split()[0])"', 'description': 'Test python3 inline execution'}

[tool] Bash: {'command': 'bash scripts/gen-asset-list.mjs 2>/dev/null | head -2; echo "probe-exit"', 'description': 'Probe bash invocation policy'}

[tool] Bash: {'command': 'node -e "require(\'node:fs\').mkdirSync(\'build\',{recursive:true}); const f=require(\'node:fs\'); f.writeFileSync(\'build/_probe.txt\',\'ok\'); console.log(\'write-ok

[result] is_error=True num_turns=91 duration_ms=1477952 cost_usd=4.852781499999999
